--reset-database
===
Polling for new peals...
pypeal Database
┌──────────────────────────────────────────────────────────────────────────────┐
│ 1) BellBoard search                                                          │
│ 2) Add peal by ID/URL                                                        │
│ 3) Add peal manually                                                         │
│ 4) View statistics                                                           │
│ 5) Generate reports                                                          │
│ 6) View peal                                                                 │
│ 7) Delete peal                                                               │
│ 8) Update static data                                                        │
├──────────────────────────────────────────────────────────────────────────────┤
│ x) Exit                                                                      │
└──────────────────────────────────────────────────────────────────────────────┘
Select option (1): 
>>> 1
[User input: "1"]
New peal search
1) Enter criteria, 2) Enter Bellboard URL
Select option (1): 
>>> 1
[User input: "1"]
% for wildcards, " for absolute match
Ringer name: 
>>> search string
[User input: "search string"]
Date from (yyyy/mm/dd): 
>>> 2000/01/01
[User input: "2000/01/01"]
Date to (yyyy/mm/dd): 
>>> 2001/12/31
[User input: "2001/12/31"]
Association: 
>>> my association
[User input: "my association"]
Tower: 1) Dove ID, 2) Search by name, 3) None
Select option: 
>>> 1
[User input: "1"]
Dove ID: 
>>> 12074
[User input: "12074"]
Longney, Gloucestershire, S Lawrence. 8, 10-3-17 in F.
Is this correct? [y/n] (y): 
>>> y
[User input: "True"]
Title: 
>>> some doubles
[User input: "some doubles"]
Type: 1) Tower, 2) Handbells
Select option (x = Any): 
>>> 1
[User input: "Tower"]
Order by: 1) Date rung, 2) Date submitted
Select option (1): 
>>> 1
[User input: "False"]
Order of results: 1) Newest, 2) Oldest
Select option (1): 
>>> 1
[User input: "True"]
╭────────────────── http://localhost:8080/view.php?id=22152 ───────────────────╮
│ S John the Evangelist, Withycombe Raleigh, Devon                             │
│ 1260 Grandsire Triples                                                       │
│ Saturday, 30 June 2001 (17) in 49m                                           │
│                                                                              │
│ 1: Lydia Ferguson                                                            │
│ 2: Harold Gray                                                               │
│ 3: Chloe Henderson                                                           │
│ 4: Alen Henderson                                                            │
│ 5: Lucas Wright                                                              │
│ 6: Lucas Farrell (c)                                                         │
│ 7: Ryan Elliott                                                              │
│ 8: Ted Harris                                                                │
│                                                                              │
│ First away from cover on 8: 1.                                               │
│ First of Grandsire inside: 4.                                                │
│                                                                              │
│ Bellboard: http://localhost:8080/view.php?id=22152 (submitted by Nicholas    │
│ Hunt on Sunday, 15 January 2012)                                             │
│ External reference: Campanophile ID: 1593                                    │
╰──────────────────────────────────────────────────────────────────────────────╯
Try for a quick-add? [y/n] (y): 
>>> n
[User input: "False"]
No linked association
Is this correct? [y/n] (y): 
>>> y
[User input: "True"]
🏛 Association: None
🔔 Bell type: Tower
📅 Date: Saturday, 30 June 2001
🔔 Tenor: 1904
Duration (49): 
>>> 
[User input: "49"]
⏱ Duration: 49 mins
🏰 Tower: Withycombe Raleigh, Devon, S John Ev
🔢 Changes: 1260
Matching peal titled "Grandsire Triples"...
Matched "Grandsire Triples" to method "Grandsire Triples" (ID: m12415)
Is this correct? [y/n] (y): 
>>> y
[User input: "True"]
📕 Title: Grandsire Triples
No composer attributed
Is this correct? [y/n] (y): 
>>> y
[User input: "True"]
Composition note: 
>>> 
[User input: "None"]
🎼 Composer: Unknown
1: Couldn't find ringer matching "Lydia Ferguson" (or aliases)
1) Add new ringer, 2) Search ringers
Select option (1): 
>>> 1
[User input: "1"]
Add new ringer as "Lydia" "Ferguson"? [y/n] (y): 
>>> y
[User input: "True"]
Ringer note: 
>>> 
[User input: "None"]
Bell number(s) in the tower (1): 
>>> 5
[User input: "5"]
╭──────────────────────────────────────────────────────────────────────────────╮
│ Error: Unexpected bell number "5" - it must be more than 1 and less than or  │
│ equal to 1                                                                   │
╰──────────────────────────────────────────────────────────────────────────────╯
Bell number(s) in the tower (1): 
>>> 1
[User input: "1"]
╭──────────────────────────────────────────────────────────────────────────────╮
│ Error: No room for 6 more ringers for performance of 7 on 1 bells            │
╰──────────────────────────────────────────────────────────────────────────────╯
Bell number(s) in the tower (1): 
>>> 
[User input: "1"]
╭──────────────────────────────────────────────────────────────────────────────╮
│ Error: No room for 6 more ringers for performance of 7 on 1 bells            │
╰──────────────────────────────────────────────────────────────────────────────╯
Bell number(s) in the tower (1): 
>>> 
[User input: "1"]
╭──────────────────────────────────────────────────────────────────────────────╮
│ Error: No room for 6 more ringers for performance of 7 on 1 bells            │
╰──────────────────────────────────────────────────────────────────────────────╯
Bell number(s) in the tower (1): 
>>> 
[User input: "1"]
╭──────────────────────────────────────────────────────────────────────────────╮
│ Error: No room for 6 more ringers for performance of 7 on 1 bells            │
╰──────────────────────────────────────────────────────────────────────────────╯
Bell number(s) in the tower (1): 
>>> 1
[User input: "1"]
╭──────────────────────────────────────────────────────────────────────────────╮
│ Error: No room for 6 more ringers for performance of 7 on 1 bells            │
╰──────────────────────────────────────────────────────────────────────────────╯
Bell number(s) in the tower (1): 
>>> n
[User input: "n"]
╭──────────────────────────────────────────────────────────────────────────────╮
│ Error: Unable to parse bell numbers: n                                       │
╰──────────────────────────────────────────────────────────────────────────────╯
Bell number(s) in the tower (1): 
>>> y
[User input: "y"]
╭──────────────────────────────────────────────────────────────────────────────╮
│ Error: Unable to parse bell numbers: y                                       │
╰──────────────────────────────────────────────────────────────────────────────╯
Bell number(s) in the tower (1): 
>>> 
[User input: "1"]
╭──────────────────────────────────────────────────────────────────────────────╮
│ Error: No room for 6 more ringers for performance of 7 on 1 bells            │
╰──────────────────────────────────────────────────────────────────────────────╯
Bell number(s) in the tower (1): 
>>> 
[User input: "1"]
╭──────────────────────────────────────────────────────────────────────────────╮
│ Error: No room for 6 more ringers for performance of 7 on 1 bells            │
╰──────────────────────────────────────────────────────────────────────────────╯
Bell number(s) in the tower (1): 
>>> 
[User input: "1"]
╭──────────────────────────────────────────────────────────────────────────────╮
│ Error: No room for 6 more ringers for performance of 7 on 1 bells            │
╰──────────────────────────────────────────────────────────────────────────────╯
Bell number(s) in the tower (1): 
>>> 
[User input: "1"]
╭──────────────────────────────────────────────────────────────────────────────╮
│ Error: No room for 6 more ringers for performance of 7 on 1 bells            │
╰──────────────────────────────────────────────────────────────────────────────╯
Bell number(s) in the tower (1): 
>>> 
[User input: "1"]
╭──────────────────────────────────────────────────────────────────────────────╮
│ Error: No room for 6 more ringers for performance of 7 on 1 bells            │
╰──────────────────────────────────────────────────────────────────────────────╯
Bell number(s) in the tower (1): 
>>> 1
[User input: "1"]
╭──────────────────────────────────────────────────────────────────────────────╮
│ Error: No room for 6 more ringers for performance of 7 on 1 bells            │
╰──────────────────────────────────────────────────────────────────────────────╯
Bell number(s) in the tower (1): 
>>> n
[User input: "n"]
╭──────────────────────────────────────────────────────────────────────────────╮
│ Error: Unable to parse bell numbers: n                                       │
╰──────────────────────────────────────────────────────────────────────────────╯
Bell number(s) in the tower (1): 
>>> y
[User input: "y"]
╭──────────────────────────────────────────────────────────────────────────────╮
│ Error: Unable to parse bell numbers: y                                       │
╰──────────────────────────────────────────────────────────────────────────────╯
Bell number(s) in the tower (1): 
>>> 
[User input: "1"]
╭──────────────────────────────────────────────────────────────────────────────╮
│ Error: No room for 6 more ringers for performance of 7 on 1 bells            │
╰──────────────────────────────────────────────────────────────────────────────╯
Bell number(s) in the tower (1): 
>>> 
[User input: "1"]
╭──────────────────────────────────────────────────────────────────────────────╮
│ Error: No room for 6 more ringers for performance of 7 on 1 bells            │
╰──────────────────────────────────────────────────────────────────────────────╯
Bell number(s) in the tower (1): 
>>> Rev
[User input: "Rev"]
╭──────────────────────────────────────────────────────────────────────────────╮
│ Error: Unable to parse bell numbers: Rev                                     │
╰──────────────────────────────────────────────────────────────────────────────╯
Bell number(s) in the tower (1): 
>>> 
[User input: "1"]
╭──────────────────────────────────────────────────────────────────────────────╮
│ Error: No room for 6 more ringers for performance of 7 on 1 bells            │
╰──────────────────────────────────────────────────────────────────────────────╯
Bell number(s) in the tower (1): 
>>> 
[User input: "1"]
╭──────────────────────────────────────────────────────────────────────────────╮
│ Error: No room for 6 more ringers for performance of 7 on 1 bells            │
╰──────────────────────────────────────────────────────────────────────────────╯
Bell number(s) in the tower (1): 
>>> 1
[User input: "1"]
╭──────────────────────────────────────────────────────────────────────────────╮
│ Error: No room for 6 more ringers for performance of 7 on 1 bells            │
╰──────────────────────────────────────────────────────────────────────────────╯
Bell number(s) in the tower (1): 
>>> 
[User input: "1"]
╭──────────────────────────────────────────────────────────────────────────────╮
│ Error: No room for 6 more ringers for performance of 7 on 1 bells            │
╰──────────────────────────────────────────────────────────────────────────────╯
Bell number(s) in the tower (1): 
>>> 
[User input: "1"]
╭──────────────────────────────────────────────────────────────────────────────╮
│ Error: No room for 6 more ringers for performance of 7 on 1 bells            │
╰──────────────────────────────────────────────────────────────────────────────╯
Bell number(s) in the tower (1): 
>>> 
[User input: "1"]
╭──────────────────────────────────────────────────────────────────────────────╮
│ Error: No room for 6 more ringers for performance of 7 on 1 bells            │
╰──────────────────────────────────────────────────────────────────────────────╯
Bell number(s) in the tower (1): 
>>> 
[User input: "1"]
╭──────────────────────────────────────────────────────────────────────────────╮
│ Error: No room for 6 more ringers for performance of 7 on 1 bells            │
╰──────────────────────────────────────────────────────────────────────────────╯
Bell number(s) in the tower (1): 
>>> 
[User input: "1"]
╭──────────────────────────────────────────────────────────────────────────────╮
│ Error: No room for 6 more ringers for performance of 7 on 1 bells            │
╰──────────────────────────────────────────────────────────────────────────────╯
Bell number(s) in the tower (1): 
>>> 
[User input: "1"]
╭──────────────────────────────────────────────────────────────────────────────╮
│ Error: No room for 6 more ringers for performance of 7 on 1 bells            │
╰──────────────────────────────────────────────────────────────────────────────╯
Bell number(s) in the tower (1): 
>>> 
[User input: "1"]
╭──────────────────────────────────────────────────────────────────────────────╮
│ Error: No room for 6 more ringers for performance of 7 on 1 bells            │
╰──────────────────────────────────────────────────────────────────────────────╯
Bell number(s) in the tower (1): 
>>> 
[User input: "1"]
╭──────────────────────────────────────────────────────────────────────────────╮
│ Error: No room for 6 more ringers for performance of 7 on 1 bells            │
╰──────────────────────────────────────────────────────────────────────────────╯
Bell number(s) in the tower (1): 
>>> 
[User input: "1"]
╭──────────────────────────────────────────────────────────────────────────────╮
│ Error: No room for 6 more ringers for performance of 7 on 1 bells            │
╰──────────────────────────────────────────────────────────────────────────────╯
Bell number(s) in the tower (1): 
>>> 
[User input: "1"]
╭──────────────────────────────────────────────────────────────────────────────╮
│ Error: No room for 6 more ringers for performance of 7 on 1 bells            │
╰──────────────────────────────────────────────────────────────────────────────╯
Bell number(s) in the tower (1): 
>>> 
[User input: "1"]
╭──────────────────────────────────────────────────────────────────────────────╮
│ Error: No room for 6 more ringers for performance of 7 on 1 bells            │
╰──────────────────────────────────────────────────────────────────────────────╯
Bell number(s) in the tower (1): 
>>> 1
[User input: "1"]
╭──────────────────────────────────────────────────────────────────────────────╮
│ Error: No room for 6 more ringers for performance of 7 on 1 bells            │
╰──────────────────────────────────────────────────────────────────────────────╯
Bell number(s) in the tower (1): 
>>> 
[User input: "1"]
╭──────────────────────────────────────────────────────────────────────────────╮
│ Error: No room for 6 more ringers for performance of 7 on 1 bells            │
╰──────────────────────────────────────────────────────────────────────────────╯
Bell number(s) in the tower (1): 
>>> 
[User input: "1"]
╭──────────────────────────────────────────────────────────────────────────────╮
│ Error: No room for 6 more ringers for performance of 7 on 1 bells            │
╰──────────────────────────────────────────────────────────────────────────────╯
Bell number(s) in the tower (1): 
>>> 
[User input: "1"]
╭──────────────────────────────────────────────────────────────────────────────╮
│ Error: No room for 6 more ringers for performance of 7 on 1 bells            │
╰──────────────────────────────────────────────────────────────────────────────╯
Bell number(s) in the tower (1): 
>>> y
[User input: "y"]
╭──────────────────────────────────────────────────────────────────────────────╮
│ Error: Unable to parse bell numbers: y                                       │
╰──────────────────────────────────────────────────────────────────────────────╯
Bell number(s) in the tower (1): 
>>> y
[User input: "y"]
╭──────────────────────────────────────────────────────────────────────────────╮
│ Error: Unable to parse bell numbers: y                                       │
╰──────────────────────────────────────────────────────────────────────────────╯
Bell number(s) in the tower (1): 
>>> n
[User input: "n"]
╭──────────────────────────────────────────────────────────────────────────────╮
│ Error: Unable to parse bell numbers: n                                       │
╰──────────────────────────────────────────────────────────────────────────────╯
Bell number(s) in the tower (1): 
>>> 12
[User input: "12"]
╭──────────────────────────────────────────────────────────────────────────────╮
│ Error: Unexpected bell number "12" - it must be more than 1 and less than or │
│ equal to 1                                                                   │
╰──────────────────────────────────────────────────────────────────────────────╯
Bell number(s) in the tower (1): 
>>> 
[User input: "1"]
╭──────────────────────────────────────────────────────────────────────────────╮
│ Error: No room for 6 more ringers for performance of 7 on 1 bells            │
╰──────────────────────────────────────────────────────────────────────────────╯
Bell number(s) in the tower (1): 
>>> y
[User input: "y"]
╭──────────────────────────────────────────────────────────────────────────────╮
│ Error: Unable to parse bell numbers: y                                       │
╰──────────────────────────────────────────────────────────────────────────────╯
Bell number(s) in the tower (1): 
>>> n
[User input: "n"]
╭──────────────────────────────────────────────────────────────────────────────╮
│ Error: Unable to parse bell numbers: n                                       │
╰──────────────────────────────────────────────────────────────────────────────╯
Bell number(s) in the tower (1): 
>>> y
[User input: "y"]
╭──────────────────────────────────────────────────────────────────────────────╮
│ Error: Unable to parse bell numbers: y                                       │
╰──────────────────────────────────────────────────────────────────────────────╯
Bell number(s) in the tower (1): 
>>> First saved search
[User input: "First saved search"]
╭──────────────────────────────────────────────────────────────────────────────╮
│ Error: Unable to parse bell numbers: First saved search                      │
╰──────────────────────────────────────────────────────────────────────────────╯
Bell number(s) in the tower (1): 
>>> y
[User input: "y"]
╭──────────────────────────────────────────────────────────────────────────────╮
│ Error: Unable to parse bell numbers: y                                       │
╰──────────────────────────────────────────────────────────────────────────────╯
Bell number(s) in the tower (1): 
>>> 1
[User input: "1"]
╭──────────────────────────────────────────────────────────────────────────────╮
│ Error: No room for 6 more ringers for performance of 7 on 1 bells            │
╰──────────────────────────────────────────────────────────────────────────────╯
Bell number(s) in the tower (1): 
>>> x
[User input: "x"]
╭──────────────────────────────────────────────────────────────────────────────╮
│ Error: Unable to parse bell numbers: x                                       │
╰──────────────────────────────────────────────────────────────────────────────╯
Bell number(s) in the tower (1): 
>>> 4
[User input: "4"]
╭──────────────────────────────────────────────────────────────────────────────╮
│ Error: Unexpected bell number "4" - it must be more than 1 and less than or  │
│ equal to 1                                                                   │
╰──────────────────────────────────────────────────────────────────────────────╯
Bell number(s) in the tower (1): 
>>> n
[User input: "n"]
╭──────────────────────────────────────────────────────────────────────────────╮
│ Error: Unable to parse bell numbers: n                                       │
╰──────────────────────────────────────────────────────────────────────────────╯
Bell number(s) in the tower (1): 
>>> n
[User input: "n"]
╭──────────────────────────────────────────────────────────────────────────────╮
│ Error: Unable to parse bell numbers: n                                       │
╰──────────────────────────────────────────────────────────────────────────────╯
Bell number(s) in the tower (1): 
>>> n
[User input: "n"]
╭──────────────────────────────────────────────────────────────────────────────╮
│ Error: Unable to parse bell numbers: n                                       │
╰──────────────────────────────────────────────────────────────────────────────╯
Bell number(s) in the tower (1): 
>>> y
[User input: "y"]
╭──────────────────────────────────────────────────────────────────────────────╮
│ Error: Unable to parse bell numbers: y                                       │
╰──────────────────────────────────────────────────────────────────────────────╯
Bell number(s) in the tower (1): 
>>> first report
[User input: "first report"]
╭──────────────────────────────────────────────────────────────────────────────╮
│ Error: Unable to parse bell numbers: first report                            │
╰──────────────────────────────────────────────────────────────────────────────╯
Bell number(s) in the tower (1): 
>>> 1
[User input: "1"]
╭──────────────────────────────────────────────────────────────────────────────╮
│ Error: No room for 6 more ringers for performance of 7 on 1 bells            │
╰──────────────────────────────────────────────────────────────────────────────╯
Bell number(s) in the tower (1): 
>>> 
[User input: "1"]
╭──────────────────────────────────────────────────────────────────────────────╮
│ Error: No room for 6 more ringers for performance of 7 on 1 bells            │
╰──────────────────────────────────────────────────────────────────────────────╯
Bell number(s) in the tower (1): 
>>> 2
[User input: "2"]
╭──────────────────────────────────────────────────────────────────────────────╮
│ Error: Unexpected bell number "2" - it must be more than 1 and less than or  │
│ equal to 1                                                                   │
╰──────────────────────────────────────────────────────────────────────────────╯
Bell number(s) in the tower (1): 
>>> 
[User input: "1"]
╭──────────────────────────────────────────────────────────────────────────────╮
│ Error: No room for 6 more ringers for performance of 7 on 1 bells            │
╰──────────────────────────────────────────────────────────────────────────────╯
Bell number(s) in the tower (1): 
>>> 3
[User input: "3"]
╭──────────────────────────────────────────────────────────────────────────────╮
│ Error: Unexpected bell number "3" - it must be more than 1 and less than or  │
│ equal to 1                                                                   │
╰──────────────────────────────────────────────────────────────────────────────╯
Bell number(s) in the tower (1): 
>>> 
[User input: "1"]
╭──────────────────────────────────────────────────────────────────────────────╮
│ Error: No room for 6 more ringers for performance of 7 on 1 bells            │
╰──────────────────────────────────────────────────────────────────────────────╯
Bell number(s) in the tower (1): 
>>> x
[User input: "x"]
╭──────────────────────────────────────────────────────────────────────────────╮
│ Error: Unable to parse bell numbers: x                                       │
╰──────────────────────────────────────────────────────────────────────────────╯
Bell number(s) in the tower (1): 
>>> x
[User input: "x"]
╭──────────────────────────────────────────────────────────────────────────────╮
│ Error: Unable to parse bell numbers: x                                       │
╰──────────────────────────────────────────────────────────────────────────────╯
Bell number(s) in the tower (1): 
>>> x
[User input: "x"]
╭──────────────────────────────────────────────────────────────────────────────╮
│ Error: Unable to parse bell numbers: x                                       │
╰──────────────────────────────────────────────────────────────────────────────╯
Bell number(s) in the tower (1): 
Aborted.
===
None