
===
Polling for new peals...
pypeal Database
┌──────────────────────────────────────────────────────────────────────────────┐
│ 1) BellBoard search                                                          │
│ 2) Add peal by ID/URL                                                        │
│ 3) Add peal manually                                                         │
│ 4) View statistics                                                           │
│ 5) Generate reports                                                          │
│ 6) View peal                                                                 │
│ 7) Delete peal                                                               │
│ 8) Update static data                                                        │
├──────────────────────────────────────────────────────────────────────────────┤
│ x) Exit                                                                      │
└──────────────────────────────────────────────────────────────────────────────┘
Select option (1): 
>>> 2
[User input: "2"]
Bellboard URL or peal ID: 
>>> 1433691
[User input: "1433691"]
╭───────────────── http://localhost:8080/view.php?id=1433691 ──────────────────╮
│ Middlesex County Association & London Diocesan Guild                         │
│ All Hallows, Twickenham, Greater London                                      │
│ 1320 Plain Bob Doubles                                                       │
│ Sunday, 5 December 1976 (7–1–11 in B)                                        │
│                                                                              │
│ 1: Edward Chapman                                                            │
│ 2: Blake Elliott                                                             │
│ 3: Olivia West                                                               │
│ 4: Mike Sullivan                                                             │
│ 5: Jack Spencer (c)                                                          │
│ 6: Eric Ryan                                                                 │
│                                                                              │
│ First quarter peal: 6                                                        │
│ For evensong                                                                 │
│                                                                              │
│ Bellboard: http://localhost:8080/view.php?id=1433691 (submitted by Richard   │
│ Higgins on Friday, 19 October 2018)                                          │
╰──────────────────────────────────────────────────────────────────────────────╯
Try for a quick-add? [y/n] (y): 
>>> n
[User input: "False"]
Matched "Middlesex County Association & London Diocesan Guild" to association: 
Middlesex County Association and London Diocesan Guild (ID: -269)
Is this correct? [y/n] (y): 
>>> n
[User input: "False"]
1) Search alternatives, 2) Add new association, 3) Remove association
Select option (1): 
>>> 1
[User input: "1"]
Enter search criteria:
Name: 
>>> devon
[User input: "devon"]
2 associations match "devon"
1) Devon Association, 2) Guild of Devonshire Ringers
Select option (x = None): 
>>> 2
[User input: "Guild of Devonshire Ringers"]
Matched "Middlesex County Association & London Diocesan Guild" to association: 
Guild of Devonshire Ringers (ID: -255)
Is this correct? [y/n] (y): 
>>> y
[User input: "True"]
🏛 Association: Guild of Devonshire Ringers
🔔 Bell type: Tower
📅 Date: Sunday, 5 December 1976
🔔 Tenor: 823 in B
Duration: 
>>> 
[User input: "None"]
⏱ Duration: Unknown
🏰 Tower: Twickenham, Greater London, All Hallows
🔢 Changes: 1320
Matching peal titled "Plain Bob Doubles"...
Matched "Plain Bob Doubles" to method "Plain Bob Doubles" (ID: m10550)
Is this correct? [y/n] (y): 
>>> y
[User input: "True"]
📕 Title: Plain Bob Doubles
No composer attributed
Is this correct? [y/n] (y): 
>>> y
[User input: "True"]
Composition note: 
>>> 
[User input: "None"]
🎼 Composer: Unknown
1: Couldn't find ringer matching "Edward Chapman" (or aliases)
1) Add new ringer, 2) Search ringers
Select option (1): 
>>> 1
[User input: "1"]
Add new ringer as "Edward" "Chapman"? [y/n] (y): 
>>> 
[User input: "True"]
Ringer note: 
>>> 
[User input: "None"]
Bell number(s) in the tower (1): 
>>> 
[User input: "1"]
╭──────────────────────────────────────────────────────────────────────────────╮
│ Error: Bell number (1) exceeds number of bells in the tower                  │
╰──────────────────────────────────────────────────────────────────────────────╯
Bell number(s) in the tower (1): 
>>> y
[User input: "y"]
╭──────────────────────────────────────────────────────────────────────────────╮
│ Error: Unable to parse bell numbers: y                                       │
╰──────────────────────────────────────────────────────────────────────────────╯
Bell number(s) in the tower (1): 
>>> 
[User input: "1"]
╭──────────────────────────────────────────────────────────────────────────────╮
│ Error: Bell number (1) exceeds number of bells in the tower                  │
╰──────────────────────────────────────────────────────────────────────────────╯
Bell number(s) in the tower (1): 
>>> 
[User input: "1"]
╭──────────────────────────────────────────────────────────────────────────────╮
│ Error: Bell number (1) exceeds number of bells in the tower                  │
╰──────────────────────────────────────────────────────────────────────────────╯
Bell number(s) in the tower (1): 
>>> 1
[User input: "1"]
╭──────────────────────────────────────────────────────────────────────────────╮
│ Error: Bell number (1) exceeds number of bells in the tower                  │
╰──────────────────────────────────────────────────────────────────────────────╯
Bell number(s) in the tower (1): 
>>> 
[User input: "1"]
╭──────────────────────────────────────────────────────────────────────────────╮
│ Error: Bell number (1) exceeds number of bells in the tower                  │
╰──────────────────────────────────────────────────────────────────────────────╯
Bell number(s) in the tower (1): 
>>> 
[User input: "1"]
╭──────────────────────────────────────────────────────────────────────────────╮
│ Error: Bell number (1) exceeds number of bells in the tower                  │
╰──────────────────────────────────────────────────────────────────────────────╯
Bell number(s) in the tower (1): 
>>> 
[User input: "1"]
╭──────────────────────────────────────────────────────────────────────────────╮
│ Error: Bell number (1) exceeds number of bells in the tower                  │
╰──────────────────────────────────────────────────────────────────────────────╯
Bell number(s) in the tower (1): 
>>> 1
[User input: "1"]
╭──────────────────────────────────────────────────────────────────────────────╮
│ Error: Bell number (1) exceeds number of bells in the tower                  │
╰──────────────────────────────────────────────────────────────────────────────╯
Bell number(s) in the tower (1): 
>>> n
[User input: "n"]
╭──────────────────────────────────────────────────────────────────────────────╮
│ Error: Unable to parse bell numbers: n                                       │
╰──────────────────────────────────────────────────────────────────────────────╯
Bell number(s) in the tower (1): 
>>> y
[User input: "y"]
╭──────────────────────────────────────────────────────────────────────────────╮
│ Error: Unable to parse bell numbers: y                                       │
╰──────────────────────────────────────────────────────────────────────────────╯
Bell number(s) in the tower (1): 
>>> 
[User input: "1"]
╭──────────────────────────────────────────────────────────────────────────────╮
│ Error: Bell number (1) exceeds number of bells in the tower                  │
╰──────────────────────────────────────────────────────────────────────────────╯
Bell number(s) in the tower (1): 
>>> Michael
[User input: "Michael"]
╭──────────────────────────────────────────────────────────────────────────────╮
│ Error: Unable to parse bell numbers: Michael                                 │
╰──────────────────────────────────────────────────────────────────────────────╯
Bell number(s) in the tower (1): 
>>> 
[User input: "1"]
╭──────────────────────────────────────────────────────────────────────────────╮
│ Error: Bell number (1) exceeds number of bells in the tower                  │
╰──────────────────────────────────────────────────────────────────────────────╯
Bell number(s) in the tower (1): 
>>> y
[User input: "y"]
╭──────────────────────────────────────────────────────────────────────────────╮
│ Error: Unable to parse bell numbers: y                                       │
╰──────────────────────────────────────────────────────────────────────────────╯
Bell number(s) in the tower (1): 
>>> 1
[User input: "1"]
╭──────────────────────────────────────────────────────────────────────────────╮
│ Error: Bell number (1) exceeds number of bells in the tower                  │
╰──────────────────────────────────────────────────────────────────────────────╯
Bell number(s) in the tower (1): 
>>> 
[User input: "1"]
╭──────────────────────────────────────────────────────────────────────────────╮
│ Error: Bell number (1) exceeds number of bells in the tower                  │
╰──────────────────────────────────────────────────────────────────────────────╯
Bell number(s) in the tower (1): 
>>> 
[User input: "1"]
╭──────────────────────────────────────────────────────────────────────────────╮
│ Error: Bell number (1) exceeds number of bells in the tower                  │
╰──────────────────────────────────────────────────────────────────────────────╯
Bell number(s) in the tower (1): 
>>> 1
[User input: "1"]
╭──────────────────────────────────────────────────────────────────────────────╮
│ Error: Bell number (1) exceeds number of bells in the tower                  │
╰──────────────────────────────────────────────────────────────────────────────╯
Bell number(s) in the tower (1): 
>>> 
[User input: "1"]
╭──────────────────────────────────────────────────────────────────────────────╮
│ Error: Bell number (1) exceeds number of bells in the tower                  │
╰──────────────────────────────────────────────────────────────────────────────╯
Bell number(s) in the tower (1): 
>>> 
[User input: "1"]
╭──────────────────────────────────────────────────────────────────────────────╮
│ Error: Bell number (1) exceeds number of bells in the tower                  │
╰──────────────────────────────────────────────────────────────────────────────╯
Bell number(s) in the tower (1): 
>>> 
[User input: "1"]
╭──────────────────────────────────────────────────────────────────────────────╮
│ Error: Bell number (1) exceeds number of bells in the tower                  │
╰──────────────────────────────────────────────────────────────────────────────╯
Bell number(s) in the tower (1): 
>>> 1
[User input: "1"]
╭──────────────────────────────────────────────────────────────────────────────╮
│ Error: Bell number (1) exceeds number of bells in the tower                  │
╰──────────────────────────────────────────────────────────────────────────────╯
Bell number(s) in the tower (1): 
>>> 
[User input: "1"]
╭──────────────────────────────────────────────────────────────────────────────╮
│ Error: Bell number (1) exceeds number of bells in the tower                  │
╰──────────────────────────────────────────────────────────────────────────────╯
Bell number(s) in the tower (1): 
>>> 
[User input: "1"]
╭──────────────────────────────────────────────────────────────────────────────╮
│ Error: Bell number (1) exceeds number of bells in the tower                  │
╰──────────────────────────────────────────────────────────────────────────────╯
Bell number(s) in the tower (1): 
>>> 
[User input: "1"]
╭──────────────────────────────────────────────────────────────────────────────╮
│ Error: Bell number (1) exceeds number of bells in the tower                  │
╰──────────────────────────────────────────────────────────────────────────────╯
Bell number(s) in the tower (1): 
>>> y
[User input: "y"]
╭──────────────────────────────────────────────────────────────────────────────╮
│ Error: Unable to parse bell numbers: y                                       │
╰──────────────────────────────────────────────────────────────────────────────╯
Bell number(s) in the tower (1): 
>>> y
[User input: "y"]
╭──────────────────────────────────────────────────────────────────────────────╮
│ Error: Unable to parse bell numbers: y                                       │
╰──────────────────────────────────────────────────────────────────────────────╯
Bell number(s) in the tower (1): 
>>> n
[User input: "n"]
╭──────────────────────────────────────────────────────────────────────────────╮
│ Error: Unable to parse bell numbers: n                                       │
╰──────────────────────────────────────────────────────────────────────────────╯
Bell number(s) in the tower (1): 
>>> 
[User input: "1"]
╭──────────────────────────────────────────────────────────────────────────────╮
│ Error: Bell number (1) exceeds number of bells in the tower                  │
╰──────────────────────────────────────────────────────────────────────────────╯
Bell number(s) in the tower (1): 
>>> y
[User input: "y"]
╭──────────────────────────────────────────────────────────────────────────────╮
│ Error: Unable to parse bell numbers: y                                       │
╰──────────────────────────────────────────────────────────────────────────────╯
Bell number(s) in the tower (1): 
>>> 4
[User input: "4"]
╭──────────────────────────────────────────────────────────────────────────────╮
│ Error: Bell number (4) exceeds number of bells in the tower                  │
╰──────────────────────────────────────────────────────────────────────────────╯
Bell number(s) in the tower (1): 
>>> 1
[User input: "1"]
╭──────────────────────────────────────────────────────────────────────────────╮
│ Error: Bell number (1) exceeds number of bells in the tower                  │
╰──────────────────────────────────────────────────────────────────────────────╯
Bell number(s) in the tower (1): 
>>> 1
[User input: "1"]
╭──────────────────────────────────────────────────────────────────────────────╮
│ Error: Bell number (1) exceeds number of bells in the tower                  │
╰──────────────────────────────────────────────────────────────────────────────╯
Bell number(s) in the tower (1): 
>>> 1
[User input: "1"]
╭──────────────────────────────────────────────────────────────────────────────╮
│ Error: Bell number (1) exceeds number of bells in the tower                  │
╰──────────────────────────────────────────────────────────────────────────────╯
Bell number(s) in the tower (1): 
>>> 1
[User input: "1"]
╭──────────────────────────────────────────────────────────────────────────────╮
│ Error: Bell number (1) exceeds number of bells in the tower                  │
╰──────────────────────────────────────────────────────────────────────────────╯
Bell number(s) in the tower (1): 
>>> 
[User input: "1"]
╭──────────────────────────────────────────────────────────────────────────────╮
│ Error: Bell number (1) exceeds number of bells in the tower                  │
╰──────────────────────────────────────────────────────────────────────────────╯
Bell number(s) in the tower (1): 
>>> 2
[User input: "2"]
╭──────────────────────────────────────────────────────────────────────────────╮
│ Error: Bell number (2) exceeds number of bells in the tower                  │
╰──────────────────────────────────────────────────────────────────────────────╯
Bell number(s) in the tower (1): 
>>> 
[User input: "1"]
╭──────────────────────────────────────────────────────────────────────────────╮
│ Error: Bell number (1) exceeds number of bells in the tower                  │
╰──────────────────────────────────────────────────────────────────────────────╯
Bell number(s) in the tower (1): 
>>> 3
[User input: "3"]
╭──────────────────────────────────────────────────────────────────────────────╮
│ Error: Bell number (3) exceeds number of bells in the tower                  │
╰──────────────────────────────────────────────────────────────────────────────╯
Bell number(s) in the tower (1): 
>>> 
[User input: "1"]
╭──────────────────────────────────────────────────────────────────────────────╮
│ Error: Bell number (1) exceeds number of bells in the tower                  │
╰──────────────────────────────────────────────────────────────────────────────╯
Bell number(s) in the tower (1): 
>>> 4
[User input: "4"]
╭──────────────────────────────────────────────────────────────────────────────╮
│ Error: Bell number (4) exceeds number of bells in the tower                  │
╰──────────────────────────────────────────────────────────────────────────────╯
Bell number(s) in the tower (1): 
>>> 
[User input: "1"]
╭──────────────────────────────────────────────────────────────────────────────╮
│ Error: Bell number (1) exceeds number of bells in the tower                  │
╰──────────────────────────────────────────────────────────────────────────────╯
Bell number(s) in the tower (1): 
>>> x
[User input: "x"]
╭──────────────────────────────────────────────────────────────────────────────╮
│ Error: Unable to parse bell numbers: x                                       │
╰──────────────────────────────────────────────────────────────────────────────╯
Bell number(s) in the tower (1): 
>>> 2
[User input: "2"]
╭──────────────────────────────────────────────────────────────────────────────╮
│ Error: Bell number (2) exceeds number of bells in the tower                  │
╰──────────────────────────────────────────────────────────────────────────────╯
Bell number(s) in the tower (1): 
>>> 1
[User input: "1"]
╭──────────────────────────────────────────────────────────────────────────────╮
│ Error: Bell number (1) exceeds number of bells in the tower                  │
╰──────────────────────────────────────────────────────────────────────────────╯
Bell number(s) in the tower (1): 
>>> 
[User input: "1"]
╭──────────────────────────────────────────────────────────────────────────────╮
│ Error: Bell number (1) exceeds number of bells in the tower                  │
╰──────────────────────────────────────────────────────────────────────────────╯
Bell number(s) in the tower (1): 
>>> 2
[User input: "2"]
╭──────────────────────────────────────────────────────────────────────────────╮
│ Error: Bell number (2) exceeds number of bells in the tower                  │
╰──────────────────────────────────────────────────────────────────────────────╯
Bell number(s) in the tower (1): 
>>> 
[User input: "1"]
╭──────────────────────────────────────────────────────────────────────────────╮
│ Error: Bell number (1) exceeds number of bells in the tower                  │
╰──────────────────────────────────────────────────────────────────────────────╯
Bell number(s) in the tower (1): 
>>> 3
[User input: "3"]
╭──────────────────────────────────────────────────────────────────────────────╮
│ Error: Bell number (3) exceeds number of bells in the tower                  │
╰──────────────────────────────────────────────────────────────────────────────╯
Bell number(s) in the tower (1): 
>>> 
[User input: "1"]
╭──────────────────────────────────────────────────────────────────────────────╮
│ Error: Bell number (1) exceeds number of bells in the tower                  │
╰──────────────────────────────────────────────────────────────────────────────╯
Bell number(s) in the tower (1): 
>>> 4
[User input: "4"]
╭──────────────────────────────────────────────────────────────────────────────╮
│ Error: Bell number (4) exceeds number of bells in the tower                  │
╰──────────────────────────────────────────────────────────────────────────────╯
Bell number(s) in the tower (1): 
>>> 
[User input: "1"]
╭──────────────────────────────────────────────────────────────────────────────╮
│ Error: Bell number (1) exceeds number of bells in the tower                  │
╰──────────────────────────────────────────────────────────────────────────────╯
Bell number(s) in the tower (1): 
>>> x
[User input: "x"]
╭──────────────────────────────────────────────────────────────────────────────╮
│ Error: Unable to parse bell numbers: x                                       │
╰──────────────────────────────────────────────────────────────────────────────╯
Bell number(s) in the tower (1): 
>>> x
[User input: "x"]
╭──────────────────────────────────────────────────────────────────────────────╮
│ Error: Unable to parse bell numbers: x                                       │
╰──────────────────────────────────────────────────────────────────────────────╯
Bell number(s) in the tower (1): 
>>> x
[User input: "x"]
╭──────────────────────────────────────────────────────────────────────────────╮
│ Error: Unable to parse bell numbers: x                                       │
╰──────────────────────────────────────────────────────────────────────────────╯
Bell number(s) in the tower (1): 
>>> x
[User input: "x"]
╭──────────────────────────────────────────────────────────────────────────────╮
│ Error: Unable to parse bell numbers: x                                       │
╰──────────────────────────────────────────────────────────────────────────────╯
Bell number(s) in the tower (1): 
Aborted.
===
None