
===
Polling for new peals...
pypeal Database
┌──────────────────────────────────────────────────────────────────────────────┐
│ 1) BellBoard search                                                          │
│ 2) Add peal by ID/URL                                                        │
│ 3) Add peal manually                                                         │
│ 4) View statistics                                                           │
│ 5) Generate reports                                                          │
│ 6) View peal                                                                 │
│ 7) Delete peal                                                               │
│ 8) Update static data                                                        │
├──────────────────────────────────────────────────────────────────────────────┤
│ x) Exit                                                                      │
└──────────────────────────────────────────────────────────────────────────────┘
Select option (1): 
>>> 2
[User input: "2"]
Bellboard URL or peal ID: 
>>> 1508383
[User input: "1508383"]
╭───────────────── http://localhost:8080/view.php?id=1508383 ──────────────────╮
│ Oxford Diocesan Guild                                                        │
│ 80 Lambourne Drive, Cox Green, Maidenhead, [no county]                       │
│ 5232 Bristol Surprise Maximus                                                │
│ Composer: Lenny Howard                                                       │
│ Wednesday, 29 March 1972 in 3h 3                                             │
│                                                                              │
│ 1,2: Sam Wells                                                               │
│ 3,4: Rubie Owens                                                             │
│ 5,6: Lenny Howard (c)                                                        │
│ 7,8: Jack Spencer                                                            │
│ 9,10: Arianna Holmes                                                         │
│ 11,12: John Parker                                                           │
│                                                                              │
│ First peal of Bristol Maximus rung in hand.                                  │
│                                                                              │
│ Bellboard: http://localhost:8080/view.php?id=1508383 (submitted by Albert    │
│ Mason on Thursday, 31 March 2022)                                            │
╰──────────────────────────────────────────────────────────────────────────────╯
Try for a quick-add? [y/n] (y): 
>>> n
[User input: "False"]
Matched "Oxford Diocesan Guild" to association: Oxford Diocesan Guild (ID: -274)
Is this correct? [y/n] (y): 
>>> 
[User input: "True"]
🏛 Association: Oxford Diocesan Guild
🔔 Bell type: Handbells
📅 Date: Wednesday, 29 March 1972
🔔 Tenor: Unknown
Duration (183): 
>>> 
[User input: "183"]
⏱ Duration: 3 hours, 3 mins
Address (80 Lambourne Drive, Cox Green): 
>>> 
[User input: "80 Lambourne Drive, Cox Green"]
Place (Maidenhead): 
>>> 
[User input: "Maidenhead"]
Sub-place/area: 
>>> 
[User input: "None"]
County/state: 
>>> Kent
[User input: "Kent"]
Country: 
>>> England
[User input: "England"]
Maidenhead, Kent, England
Is this correct? [y/n] (y): 
>>> y
[User input: "True"]
📍 Location Maidenhead, Kent, England
📍 Detail 80 Lambourne Drive, Cox Green
🔢 Changes: 5232
Matching peal titled "Bristol Surprise Maximus"...
Matched "Bristol Surprise Maximus" to method "Bristol Surprise Maximus" (ID: 
m22952)
Is this correct? [y/n] (y): 
>>> y
[User input: "True"]
📕 Title: Bristol Surprise Maximus
No composer found matching "Lenny Howard" exactly
Add as composition note? [y/n] (y): 
>>> y
[User input: "True"]
No composer attributed
Is this correct? [y/n] (y): 
>>> y
[User input: "True"]
Composition URL (http://localhost:8080/comp.php?id=2284506): 
>>> Traditional
[User input: "Traditional"]
🎼 Composer: Unknown
🎼 Composition: Lenny Howard
1,2: Couldn't find ringer matching "Sam Wells" (or aliases)
1) Add new ringer, 2) Search ringers
Select option (1): 
>>> 
[User input: "1"]
Add new ringer as "Sam" "Wells"? [y/n] (y): Please enter Y or N
Add new ringer as "Sam" "Wells"? [y/n] (y): 
>>> 1
[User input: "True"]
Ringer note: 
>>> 
[User input: "None"]
Bell number(s) in the tower (1,2): 
>>> 
[User input: "1,2"]
👤 Ringer: 1,2: Sam Wells
3,4: Couldn't find ringer matching "Rubie Owens" (or aliases)
1) Add new ringer, 2) Search ringers
Select option (1): 
>>> 
[User input: "1"]
Add new ringer as "Rubie" "Owens"? [y/n] (y): 
>>> 1
[User input: "True"]
Ringer note: 
>>> 
[User input: "None"]
Bell number(s) in the tower (3,4): 
>>> 
[User input: "3,4"]
👤 Ringer: 3,4: Rubie Owens
5,6: Couldn't find ringer matching "Lenny Howard" (or aliases)
1) Add new ringer, 2) Search ringers
Select option (1): ╭──────────────────────────────────────────────────────────────────────────────╮
│ Error: Input an option number or one of the following:                       │
│                                                                              │
│                                                                              │
╰──────────────────────────────────────────────────────────────────────────────╯
1) Add new ringer, 2) Search ringers
Select option (1): 
>>> 
[User input: "1"]
Add new ringer as "Lenny" "Howard"? [y/n] (y): 
>>> y
[User input: "True"]
Ringer note: 
>>> 
[User input: "y"]
Bell number(s) in the tower (5,6): 
>>> 
[User input: "5,6"]
👤 Ringer: 5,6: Lenny Howard (y) (c)
7,8: Couldn't find ringer matching "Jack Spencer" (or aliases)
1) Add new ringer, 2) Search ringers
Select option (1): 
>>> y
[User input: "1"]
Add new ringer as "Jack" "Spencer"? [y/n] (y): Please enter Y or N
Add new ringer as "Jack" "Spencer"? [y/n] (y): 
>>> 
[User input: "True"]
Ringer note: 
>>> 
[User input: "None"]
Bell number(s) in the tower (7,8): 
>>> 1
[User input: "7,8"]
👤 Ringer: 7,8: Jack Spencer
9,10: Couldn't find ringer matching "Arianna Holmes" (or aliases)
1) Add new ringer, 2) Search ringers
Select option (1): ╭──────────────────────────────────────────────────────────────────────────────╮
│ Error: Input an option number or one of the following:                       │
│                                                                              │
│                                                                              │
╰──────────────────────────────────────────────────────────────────────────────╯
1) Add new ringer, 2) Search ringers
Select option (1): 
>>> 
[User input: "1"]
Add new ringer as "Arianna" "Holmes"? [y/n] (y): 
>>> 
[User input: "True"]
Ringer note: 
>>> 
[User input: "y"]
Bell number(s) in the tower (9,10): 
>>> y
[User input: "n"]
╭──────────────────────────────────────────────────────────────────────────────╮
│ Error: Unable to parse bell numbers: n                                       │
╰──────────────────────────────────────────────────────────────────────────────╯
Bell number(s) in the tower (9,10): 
>>> 
[User input: "9,10"]
👤 Ringer: 9,10: Arianna Holmes (y)
11,12: Couldn't find ringer matching "John Parker" (or aliases)
1) Add new ringer, 2) Search ringers
Select option (1): ╭──────────────────────────────────────────────────────────────────────────────╮
│ Error: Input an option number or one of the following:                       │
│                                                                              │
│                                                                              │
╰──────────────────────────────────────────────────────────────────────────────╯
1) Add new ringer, 2) Search ringers
Select option (1): ╭──────────────────────────────────────────────────────────────────────────────╮
│ Error: The number must be between 1 and 2                                    │
╰──────────────────────────────────────────────────────────────────────────────╯
1) Add new ringer, 2) Search ringers
Select option (1): 
>>> 
[User input: "1"]
Add new ringer as "John" "Parker"? [y/n] (y): Please enter Y or N
Add new ringer as "John" "Parker"? [y/n] (y): Please enter Y or N
Add new ringer as "John" "Parker"? [y/n] (y): Please enter Y or N
Add new ringer as "John" "Parker"? [y/n] (y): 
>>> y
[User input: "True"]
Ringer note: 
>>> n
[User input: "2"]
Bell number(s) in the tower (11,12): 
>>> 
[User input: "11,12"]
👤 Ringer: 11,12: John Parker (2)
Footnote 1 text:
  > First peal of Bristol Maximus rung in hand.
Is this correct? [y/n] (y): Please enter Y or N
Is this correct? [y/n] (y): 
>>> y
[User input: "True"]
Add new footnote? [y/n] (n): Please enter Y or N
Add new footnote? [y/n] (n): 
>>> 4
[User input: "False"]
📝 Footnotes:
  - First peal of Bristol Maximus rung in hand.
🔗 Event link: None
📷 Photo link: None
📮 Submitted by: Albert Mason on Thursday, 31 March 2022
Muffle type: 1) None, 2) Half-muffled, 3) Fully-muffled
Select option (1): 
>>> 1
[User input: "None"]
🔕 Muffles: None
╭──────────────────────────── Confirm performance ─────────────────────────────╮
│ Oxford Diocesan Guild                                                        │
│ Maidenhead, Kent, England                                                    │
│ 80 Lambourne Drive, Cox Green (in hand)                                      │
│ On Wednesday, 29 March 1972                                                  │
│ A Peal of 5232 Bristol Surprise Maximus in 3 hours, 3 mins                   │
│ Composition: Lenny Howard                                                    │
│                                                                              │
│ 1,2: Sam Wells                                                               │
│ 3,4: Rubie Owens                                                             │
│ 5,6: Lenny Howard (y) (c)                                                    │
│ 7,8: Jack Spencer                                                            │
│ 9,10: Arianna Holmes (y)                                                     │
│ 11,12: John Parker (2)                                                       │
│                                                                              │
│ First peal of Bristol Maximus rung in hand.                                  │
│                                                                              │
│ [BellBoard: http://localhost:8080/view.php?id=1508383 (Albert Mason,         │
│ Thursday, 31 March 2022)]                                                    │
│ [Composition URL: Traditional]                                               │
╰──────────────────────────────────────────────────────────────────────────────╯
Save this peal?
Is this correct? [y/n] (y): Please enter Y or N
Is this correct? [y/n] (y): Please enter Y or N
Is this correct? [y/n] (y): 
>>> 1
[User input: "True"]
Peal (ID 1) added
pypeal Database
 Peal count: 1                                        Last updated: [Timestamp] 
┌──────────────────────────────────────────────────────────────────────────────┐
│ 1) BellBoard search                                                          │
│ 2) Add peal by ID/URL                                                        │
│ 3) Add peal manually                                                         │
│ 4) View statistics                                                           │
│ 5) Generate reports                                                          │
│ 6) View peal                                                                 │
│ 7) Delete peal                                                               │
│ 8) Update static data                                                        │
├──────────────────────────────────────────────────────────────────────────────┤
│ x) Exit                                                                      │
└──────────────────────────────────────────────────────────────────────────────┘
Select option (1): 
>>> 1
[User input: "2"]
Bellboard URL or peal ID: 
>>> 1
[User input: "None"]
╭───────────────── http://localhost:8080/view.php?id=1314805 ──────────────────╮
│ Bath & Wells Diocesan Association                                            │
│ Blessed Virgin Mary, Bathwick, Bath, Somerset                                │
│ 1280 Spliced Surprise Major (2m)                                             │
│ 640 changes Cambridge, 640 changes Yorkshire                                 │
│ Sunday, 15 December 2019 (18–3–20 in E♭) in 48m                              │
│                                                                              │
│ 1: Leonardo Bennett                                                          │
│ 2: Paul Armstrong                                                            │
│ 3: Blake Elliott                                                             │
│ 4: Jacob Cole                                                                │
│ 5: Melissa Baker                                                             │
│ 6: Joyce Sullivan                                                            │
│ 7: Chester Edwards                                                           │
│ 8: Byron Robinson (c)                                                        │
│                                                                              │
│ Rung for morning service                                                     │
│                                                                              │
│ Bellboard: http://localhost:8080/view.php?id=1314805 (submitted by Byron     │
│ Robinson on Sunday, 15 December 2019)                                        │
╰──────────────────────────────────────────────────────────────────────────────╯
Try for a quick-add? [y/n] (y): Please enter Y or N
Try for a quick-add? [y/n] (y): 
>>> 
[User input: "True"]
🏛 Association: Bath and Wells Diocesan Association
🔔 Bell type: Tower
📅 Date: Sunday, 15 December 2019
🔔 Tenor: 2120 in Eb
⏱ Duration: 48 mins
🏰 Tower: Bath, Bathwick, Somerset, Blessed Virgin Mary
🔢 Changes: 1280
Matching peal titled "Spliced Surprise Major (2m)"...
Multi-method peal: "Spliced Surprise Major (2m)"...
📕 Title: Spliced Surprise Major (2m)
Adding changes of methods to multi-method peal...
Matching method "640 changes Cambridge"... [0 methods excluded]
Matched "640 changes Cambridge" to method "Cambridge Surprise Major"
Method 1: Cambridge Surprise Major (640 changes)
Matching method "640 changes Yorkshire"... [1 methods excluded]
Matched "640 changes Yorkshire" to method "Yorkshire Surprise Major"
Method 2: Yorkshire Surprise Major (640 changes)
📝 Method details:
  - Cambridge Surprise Major (640)
  - Yorkshire Surprise Major (640)
🎼 Composer: Unknown
1: Couldn't find ringer matching "Leonardo Bennett" (or aliases)
Add new ringer as "Leonardo" "Bennett"? [y/n] (y): Please enter Y or N
Add new ringer as "Leonardo" "Bennett"? [y/n] (y): 
>>> 2
[User input: "True"]
First bell number(s) in the tower (1): 
>>> 
[User input: "x"]
╭──────────────────────────────────────────────────────────────────────────────╮
│ Error: Unable to parse bell numbers: x                                       │
╰──────────────────────────────────────────────────────────────────────────────╯
First bell number(s) in the tower (1): 
>>> 3
[User input: "x"]
╭──────────────────────────────────────────────────────────────────────────────╮
│ Error: Unable to parse bell numbers: x                                       │
╰──────────────────────────────────────────────────────────────────────────────╯
First bell number(s) in the tower (1): 
>>> 
[User input: "x"]
╭──────────────────────────────────────────────────────────────────────────────╮
│ Error: Unable to parse bell numbers: x                                       │
╰──────────────────────────────────────────────────────────────────────────────╯
First bell number(s) in the tower (1): 
>>> 4
[User input: "x"]
╭──────────────────────────────────────────────────────────────────────────────╮
│ Error: Unable to parse bell numbers: x                                       │
╰──────────────────────────────────────────────────────────────────────────────╯
First bell number(s) in the tower (1): 
Aborted.

>>> 
>>> x
>>> 2
>>> 1
>>> 
>>> 2
>>> 
>>> 3
>>> 
>>> 4
>>> 
>>> x
>>> x
>>> x
>>> x
===
None