
===
Polling for new peals...
Skipping search "First saved search" (last run [Timestamp])
pypeal Database
 Quarter Peal count: 11                               Last updated: [Timestamp] 
 Peal count: 3                                                                  
┌──────────────────────────────────────────────────────────────────────────────┐
│ 1) BellBoard search                                                          │
│ 2) Add peal by ID/URL                                                        │
│ 3) Add peal manually                                                         │
│ 4) View statistics                                                           │
│ 5) Generate reports                                                          │
│ 6) View peal                                                                 │
│ 7) Delete peal                                                               │
│ 8) Update static data                                                        │
├──────────────────────────────────────────────────────────────────────────────┤
│ x) Exit                                                                      │
└──────────────────────────────────────────────────────────────────────────────┘
Select option (1): 
>>> 2
[User input: "2"]
Bellboard URL or peal ID: 
>>> 1657469
[User input: "1657469"]
╭───────────────── http://localhost:8080/view.php?id=1657469 ──────────────────╮
│ Blessed Virgin Mary, Bathwick, Bath, Somerset                                │
│ 1260 Doubles (3m)                                                            │
│ 360 each Reverse Canterbury Pleasure Place, Plain Bob; 540 Grandsire.        │
│ Sunday, 10 September 2023 (7–3–12 in B♭) in 41m                              │
│                                                                              │
│ 1: Ryan Elliott                                                              │
│ 2: Leonardo Bennett                                                          │
│ 3: George Roberts                                                            │
│ 4: Harold Gray                                                               │
│ 5: Joyce Sullivan (c)                                                        │
│ 6: Grace Perry                                                               │
│                                                                              │
│ Rung for Morning Service.                                                    │
│                                                                              │
│ Bellboard: http://localhost:8080/view.php?id=1657469 (submitted by Joyce     │
│ Sullivan on Sunday, 10 September 2023)                                       │
╰──────────────────────────────────────────────────────────────────────────────╯
Try for a quick-add? [y/n] (y): 
>>> n
[User input: "False"]
No linked association
Is this correct? [y/n] (y): 
>>> n
[User input: "False"]
1) Search alternatives, 2) Add new association, 3) Remove association
Select option (1): 
>>> 2
[User input: "2"]
Name: 
>>> New Association
[User input: "New Association"]
🏛 Association: New Association
🔔 Bell type: Tower
📅 Date: Sunday, 10 September 2023
🔔 Tenor: 880 in Bb
Duration (41): 
>>> 
[User input: "41"]
⏱ Duration: 41 mins
🏰 Tower: Bath, Bathwick, Somerset, Blessed Virgin Mary
🔢 Changes: 1260
Matching peal titled "Doubles (3m)"...
What kind of peal is being rung?: 1) Single Method, 2) Mixed Methods, 3) Spliced Methods, 4) General Ringing
Select option (2): 
>>> 
[User input: "Mixed Methods"]
Multi-method peal: "Doubles (3m)"...
Number of methods (3): 
>>> 
[User input: "3"]
Number of principles (0): 
>>> 
[User input: "0"]
Number of variants (0): 
>>> 
[User input: "0"]
Stage (5): 
>>> 
[User input: "5"]
Classification:
┌──────────────────────────────────────────────────────────────────────────────┐
│ 1) Alliance                                                                  │
│ 2) Bob                                                                       │
│ 3) Delight                                                                   │
│ 4) Hybrid                                                                    │
│ 5) Place                                                                     │
│ 6) Surprise                                                                  │
│ 7) Treble Bob                                                                │
│ 8) Treble Place                                                              │
├──────────────────────────────────────────────────────────────────────────────┤
│ x) None                                                                      │
└──────────────────────────────────────────────────────────────────────────────┘
Select option: 
>>> 
[User input: "None"]
Is this peal variable cover? [y/n] (n): 
>>> 
[User input: "False"]
📕 Title: Mixed Doubles (3m)
Adding changes of methods to multi-method peal...
Matching method "360 each Reverse Canterbury Pleasure Place"... [0 methods excluded]
Matched "360 each Reverse Canterbury Pleasure Place" to method "Reverse 
Canterbury Pleasure Place Doubles"
Is this correct? [y/n] (y): 
>>> y
[User input: "True"]
Number of changes (360): 
>>> 
[User input: "360"]
Method 1: Reverse Canterbury Pleasure Place Doubles (360 changes)
Matching method "Plain Bob"... [1 methods excluded]
Matched "Plain Bob" to method "Plain Bob Doubles"
Is this correct? [y/n] (y): 
>>> 
[User input: "True"]
Number of changes (360): 
>>> 360
[User input: "360"]
Method 2: Plain Bob Doubles (360 changes)
Matching method "540 Grandsire"... [2 methods excluded]
Matched "540 Grandsire" to method "Grandsire Doubles"
Is this correct? [y/n] (y): 
>>> y
[User input: "True"]
Number of changes (540): 
>>> 
[User input: "540"]
Method 3: Grandsire Doubles (540 changes)
Add more changes of method? [y/n] (n): 
>>> n
[User input: "False"]
📝 Method details:
  - Reverse Canterbury Pleasure Place Doubles (360)
  - Plain Bob Doubles (360)
  - Grandsire Doubles (540)
No composer attributed
Is this correct? [y/n] (y): 
>>> y
[User input: "True"]
Composition note: 
>>> 
[User input: "None"]
🎼 Composer: Unknown
1: "Ryan Elliott" -> Ryan Elliott
Is this correct? [y/n] (y): 
>>> 
[User input: "True"]
Ringer note: 
>>> 
[User input: "None"]
Bell number(s) in the tower (1): 
>>> 10
[User input: "10"]
╭──────────────────────────────────────────────────────────────────────────────╮
│ Error: No room for 4 more ringers for performance of 5 on 10 bells           │
╰──────────────────────────────────────────────────────────────────────────────╯
Bell number(s) in the tower (1): 
>>> 9
[User input: "9"]
╭──────────────────────────────────────────────────────────────────────────────╮
│ Error: No room for 4 more ringers for performance of 5 on 10 bells           │
╰──────────────────────────────────────────────────────────────────────────────╯
Bell number(s) in the tower (1): 
>>> 8
[User input: "8"]
╭──────────────────────────────────────────────────────────────────────────────╮
│ Error: No room for 4 more ringers for performance of 5 on 10 bells           │
╰──────────────────────────────────────────────────────────────────────────────╯
Bell number(s) in the tower (1): 
>>> 7
[User input: "7"]
╭──────────────────────────────────────────────────────────────────────────────╮
│ Error: No room for 4 more ringers for performance of 5 on 10 bells           │
╰──────────────────────────────────────────────────────────────────────────────╯
Bell number(s) in the tower (1): 
>>> 5
[User input: "5"]
👤 Ringer: 1 [5]: Ryan Elliott
2: "Leonardo Bennett" -> Leo Bennett
Is this correct? [y/n] (y): 
>>> 
[User input: "True"]
Ringer note: 
>>> 
[User input: "None"]
Bell number(s) in the tower (6): 
>>> 5
[User input: "5"]
╭──────────────────────────────────────────────────────────────────────────────╮
│ Error: Bell number (5) is not greater than the last bell (5)                 │
╰──────────────────────────────────────────────────────────────────────────────╯
Bell number(s) in the tower (6): 
>>> 4
[User input: "4"]
╭──────────────────────────────────────────────────────────────────────────────╮
│ Error: Bell number (4) is not greater than the last bell (5)                 │
╰──────────────────────────────────────────────────────────────────────────────╯
Bell number(s) in the tower (6): 
>>> 11
[User input: "11"]
╭──────────────────────────────────────────────────────────────────────────────╮
│ Error: Unexpected bell number "11" - it must be more than 1 and less than or │
│ equal to 10                                                                  │
╰──────────────────────────────────────────────────────────────────────────────╯
Bell number(s) in the tower (6): 
>>> 
[User input: "6"]
👤 Ringer: 2 [6]: Leo Bennett
3: Couldn't find ringer matching "George Roberts" (or aliases)
1) Add new ringer, 2) Search ringers
Select option (1): 
>>> 
[User input: "1"]
Add new ringer as "George" "Roberts"? [y/n] (y): 
>>> 
[User input: "True"]
Ringer note: 
>>> 
[User input: "None"]
Bell number(s) in the tower (7): 
>>> 
[User input: "7"]
👤 Ringer: 3 [7]: George Roberts
4: "Harold Gray" -> Harold Gray
Is this correct? [y/n] (y): 
>>> 
[User input: "True"]
Ringer note: 
>>> 
[User input: "None"]
Bell number(s) in the tower (8): 
>>> 
[User input: "8"]
👤 Ringer: 4 [8]: Harold Gray
5: "Joyce Sullivan" -> Joyce Sullivan
Is this correct? [y/n] (y): 
>>> 
[User input: "True"]
Ringer note: 
>>> 
[User input: "None"]
Bell number(s) in the tower (9): 
>>> 
[User input: "9"]
👤 Ringer: 5 [9]: Joyce Sullivan (c)
6: Couldn't find ringer matching "Grace Perry" (or aliases)
1) Add new ringer, 2) Search ringers
Select option (1): 
>>> 1
[User input: "1"]
Add new ringer as "Grace" "Perry"? [y/n] (y): 
>>> y
[User input: "True"]
Ringer note: 
>>> 
[User input: "None"]
Bell number(s) in the tower (10): 
>>> 
[User input: "10"]
👤 Ringer: 6 [10]: Grace Perry
Footnote 1 text:
  > Rung for Morning Service.
Is this correct? [y/n] (y): 
>>> y
[User input: "True"]
Add new footnote? [y/n] (n): 
>>> y
[User input: "True"]
Footnote text: 
>>> Testing the new footnote function
[User input: "Testing the new footnote function"]
Bells (comma-separated): 
>>> 
[User input: "None"]
Footnote 2 text:
  > Testing the new footnote function.
Is this correct? [y/n] (y): 
>>> y
[User input: "True"]
Add this to previous footnote? [y/n] (y): 
>>> y
[User input: "True"]
Add new footnote? [y/n] (n): 
>>> y
[User input: "True"]
Footnote text: 
>>> Testing new footnote with ringers
[User input: "Testing new footnote with ringers"]
Bells (comma-separated): 
>>> 1,12
[User input: "1,12"]
Invalid bell number: 12
╭──────────────────────────────────────────────────────────────────────────────╮
│ Error: Bells must be a comma-separated list of numbers less than or equal to │
│ 6                                                                            │
╰──────────────────────────────────────────────────────────────────────────────╯
Bells (comma-separated): 
>>> 1,6
[User input: "1,6"]
Footnote 2 text:
  > Testing new footnote with ringers.
Referenced ringer(s):
  - 1: Ryan Elliott
  - 6: Grace Perry
Is this correct? [y/n] (y): 
>>> y
[User input: "True"]
Add new footnote? [y/n] (n): 
>>> n
[User input: "False"]
📝 Footnotes:
  - Rung for Morning Service. Testing the new footnote function.
  - [1: Ryan Elliott] Testing new footnote with ringers.
  - [6: Grace Perry] Testing new footnote with ringers.
🔗 Event link: None
📷 Photo link: None
📮 Submitted by: Joyce Sullivan on Sunday, 10 September 2023
╭──────────────────────────────────────────────────────────────────────────────╮
│ Warning: Tenor weight 7-3-12 reported on Bellboard does not match the weight │
│ of largest bell rung (18-3-20) on Dove                                       │
╰──────────────────────────────────────────────────────────────────────────────╯
Suggested tenor, based on weight: 6 (7-3-12)
Confirm tenor bell (6): 
>>> 
[User input: "6"]
Shifting band by -4 bells
Muffle type: 1) None, 2) Half-muffled, 3) Fully-muffled
Select option (1): 
>>> 
[User input: "None"]
🔕 Muffles: None
╭──────────────────────────── Confirm performance ─────────────────────────────╮
│ New Association                                                              │
│ Bath, Somerset, England                                                      │
│ Blessed Virgin Mary, Bathwick                                                │
│ On Sunday, 10 September 2023                                                 │
│ A Quarter Peal of 1260 Mixed Doubles (3m) in 41 mins (7-3-12 in Bb)          │
│ (360 Reverse Canterbury Pleasure Place Doubles, 360 Plain Bob Doubles, 540   │
│ Grandsire Doubles)                                                           │
│                                                                              │
│ 1: Ryan Elliott                                                              │
│ 2: Leo Bennett                                                               │
│ 3: George Roberts                                                            │
│ 4: Harold Gray                                                               │
│ 5: Joyce Sullivan (c)                                                        │
│ 6: Grace Perry                                                               │
│                                                                              │
│ Rung for Morning Service. Testing the new footnote function.                 │
│ 1,6: Testing new footnote with ringers.                                      │
│                                                                              │
│ [BellBoard: http://localhost:8080/view.php?id=1657469 (Joyce Sullivan,       │
│ Sunday, 10 September 2023)]                                                  │
│ [Published title: Doubles (3m)]                                              │
╰──────────────────────────────────────────────────────────────────────────────╯
Save this peal?
Is this correct? [y/n] (y): 
>>> 
[User input: "True"]
Peal (ID 15) added
pypeal Database
 Quarter Peal count: 12                               Last updated: [Timestamp] 
 Peal count: 3                                                                  
┌──────────────────────────────────────────────────────────────────────────────┐
│ 1) BellBoard search                                                          │
│ 2) Add peal by ID/URL                                                        │
│ 3) Add peal manually                                                         │
│ 4) View statistics                                                           │
│ 5) Generate reports                                                          │
│ 6) View peal                                                                 │
│ 7) Delete peal                                                               │
│ 8) Update static data                                                        │
├──────────────────────────────────────────────────────────────────────────────┤
│ x) Exit                                                                      │
└──────────────────────────────────────────────────────────────────────────────┘
Select option (1): 
>>> 4
[User input: "4"]
1) Run report, 2) New report, 3) Edit report, 4) Delete report
Select option (x = Back) (1): 
>>> 1
[User input: "1"]
1) first report
Select option (x = New report): 
>>> 1
[User input: "first report"]
15 matching peals in "first report".
Summary
 ────────────────────────────────────────────────────────────────────────────── 
                                                                                
 ────────────────────────────────────────────────────────────────────────────── 
  Quarter Peal                                           12                     
  Peal                                                   3                      
 ────────────────────────────────────────────────────────────────────────────── 
Show report for: 1) Quarter Peal, 2) Peal
Select option (x = Back): 
>>> 1
[User input: "Quarter Peal"]
Quarter Peal statistics
 ─────────────────────────  ─────────────────────────  ──────────────────────── 
  Stage                      Methods                    Misc                    
 ─────────────────────────  ─────────────────────────  ──────────────────────── 
  Triples            4       Grandsire Triples     3    Single      8           
  Doubles            3       Little Bob Royal      1    Method                  
  Major              2       London Surprise       1    Mixed       2           
  Royal              2       Major                      Methods                 
  Caters             1       Mixed Doubles (3m)    1    Spliced     2           
 ─────────────────────────   Mixed Doubles         1    Methods                 
                             (5m/3v/1p)                 Tower       12          
                             Plain Bob Doubles     1    First       05-Dec-19…  
                             Plain Bob Royal       1    rung                    
                             Plain Bob Triples     1    Last rung   01-Oct-20…  
                             Spliced Caters and    1    Avg. peal   2 hours,    
                             Royal (2m)                 speed       52 mins,    
                             Spliced Surprise      1                47 secs     
                             Major (2m)                 Avg.        43 mins,    
                            ─────────────────────────   duration    35 secs     
                                                       ──────────────────────── 
 ─────────────────────────  ─────────────────────────  ──────────────────────── 
  Top 10 Ringers             Top 10 Conductors          Top 10                  
 ─────────────────────────  ─────────────────────────   Associations            
  Leo Bennett           7    Leo Bennett           2   ──────────────────────── 
  Chester Edwards       6    Aston Mitchell        1    Bath and Wells       3  
  Blake Elliott         5    Blake Elliott         1    Diocesan                
  Joyce Sullivan        4    Blake Harper          1    Association             
  Cadie Nelson          3    Byron Robinson        1    Guild of             1  
  Clark Elliott         3    Chester Edwards       1    Devonshire Ringers      
  Heather Sullivan      3    Jack Spencer          1    New Association      1  
  Melissa Baker         3    Joyce Sullivan        1   ──────────────────────── 
  Ryan Elliott          3    Lucas Farrell         1                            
  Aston Mitchell        2    Ted Harris            1                            
 ─────────────────────────  ─────────────────────────                           
1) All methods, 2) All ringers, 3) All conductors, 4) All associations
Select option (x = Back): 
>>> 1
[User input: "1"]
 ────────────────────────────────────────────────────────────────────────────── 
  Methods                                                                       
 ────────────────────────────────────────────────────────────────────────────── 
  Grandsire Triples                                                       3     
  Little Bob Royal                                                        1     
  London Surprise Major                                                   1     
  Mixed Doubles (3m)                                                      1     
  Mixed Doubles (5m/3v/1p)                                                1     
  Plain Bob Doubles                                                       1     
  Plain Bob Royal                                                         1     
  Plain Bob Triples                                                       1     
  Spliced Caters and Royal (2m)                                           1     
  Spliced Surprise Major (2m)                                             1     
 ────────────────────────────────────────────────────────────────────────────── 
Press enter to continue [y/n] (y): 
>>> 
[User input: "True"]
1) All methods, 2) All ringers, 3) All conductors, 4) All associations
Select option (x = Back): 
>>> 2
[User input: "2"]
 ────────────────────────────────────────────────────────────────────────────── 
  Ringers                                                                       
 ────────────────────────────────────────────────────────────────────────────── 
  Leo Bennett                                                         7         
  Chester Edwards                                                     6         
  Blake Elliott                                                       5         
  Joyce Sullivan                                                      4         
  Cadie Nelson                                                        3         
  Clark Elliott                                                       3         
  Heather Sullivan                                                    3         
  Melissa Baker                                                       3         
  Ryan Elliott                                                        3         
  Aston Mitchell                                                      2         
  Blake Elliott                                                       2         
  Byron Robinson                                                      2         
  Daniel Miller                                                       2         
  Daryl Mason                                                         2         
  Harold Gray                                                         2         
  Jacob Cole                                                          2         
  Paul Armstrong                                                      2         
  Savana Davis                                                        2         
  Ted Harris                                                          2         
  Alisa Cole                                                          1         
  Arnold Johnson                                                      1         
  Aston Mitchell                                                      1         
  Blake Harper                                                        1         
  Byron Miller                                                        1         
  Carina Warren                                                       1         
  Carl Johnston                                                       1         
  Charlie Warren                                                      1         
  Chloe Henderson                                                     1         
  Dainton Casey                                                       1         
  David Rogers                                                        1         
  Dominik Warren                                                      1         
  Edward Chapman                                                      1         
  Edward Dixon                                                        1         
  Ellia Armstrong                                                     1         
  Eric Ryan                                                           1         
  Fenton Bailey                                                       1         
  Garry Scott                                                         1         
  George Roberts                                                      1         
  Grace Perry                                                         1         
  Jack Spencer                                                        1         
  Julia Fowler                                                        1         
  Lenny Howard                                                        1         
  Lucas Farrell                                                       1         
  Lucas Wright                                                        1         
  Lydia Ferguson                                                      1         
  Melissa Evans                                                       1         
  Michael Williams                                                    1         
  Michelle Thompson                                                   1         
  Mike Sullivan                                                       1         
  Ned Andrews                                                         1         
  Olivia West                                                         1         
  Patrick Bennett                                                     1         
  Rev Alen Henderson                                                  1         
  Richard Higgins                                                     1         
  Roland Clark                                                        1         
  Sienna Murphy                                                       1         
  Valeria Perkins                                                     1         
  Vivian Murray                                                       1         
 ────────────────────────────────────────────────────────────────────────────── 
Press enter to continue [y/n] (y): 
>>> 
[User input: "True"]
1) All methods, 2) All ringers, 3) All conductors, 4) All associations
Select option (x = Back): 
>>> 3
[User input: "3"]
 ────────────────────────────────────────────────────────────────────────────── 
  Conductors                                                                    
 ────────────────────────────────────────────────────────────────────────────── 
  Leo Bennett                                                        2          
  Aston Mitchell                                                     1          
  Blake Elliott                                                      1          
  Blake Harper                                                       1          
  Byron Robinson                                                     1          
  Chester Edwards                                                    1          
  Jack Spencer                                                       1          
  Joyce Sullivan                                                     1          
  Lucas Farrell                                                      1          
  Ted Harris                                                         1          
  Vivian Murray                                                      1          
 ────────────────────────────────────────────────────────────────────────────── 
Press enter to continue [y/n] (y): 
>>> 
[User input: "True"]
1) All methods, 2) All ringers, 3) All conductors, 4) All associations
Select option (x = Back): 
>>> 4
[User input: "4"]
 ────────────────────────────────────────────────────────────────────────────── 
  Associations                                                                  
 ────────────────────────────────────────────────────────────────────────────── 
  Bath and Wells Diocesan Association                                      3    
  Guild of Devonshire Ringers                                              1    
  New Association                                                          1    
 ────────────────────────────────────────────────────────────────────────────── 
Press enter to continue [y/n] (y): 
>>> 
[User input: "True"]
1) All methods, 2) All ringers, 3) All conductors, 4) All associations
Select option (x = Back): 
>>> x
[User input: "None"]
Show report for: 1) Quarter Peal, 2) Peal
Select option (x = Back): 
>>> 2
[User input: "Peal"]
Peal statistics
 ─────────────────────────  ─────────────────────────  ──────────────────────── 
  Stage                      Methods                    Misc                    
 ─────────────────────────  ─────────────────────────  ──────────────────────── 
  Doubles            1       Bristol Surprise      1    Mixed       2           
  Maximus            1       Maximus                    Methods                 
  Minor              1       Mixed Doubles         1    Single      1           
 ─────────────────────────   (4m/4v)                    Method                  
                             Mixed Surprise        1    Tower       2           
                             Minor (8m)                 Handbells   1           
                            ─────────────────────────   First       25-Mar-19…  
                                                        rung                    
                                                        Last rung   29-Mar-19…  
                                                        Avg. peal   2 hours,    
                                                        speed       42 mins,    
                                                                    36 secs     
                                                        Avg.        2 hours,    
                                                        duration    44 mins,    
                                                                    40 secs     
                                                       ──────────────────────── 
 ─────────────────────────  ─────────────────────────  ──────────────────────── 
  Top 10 Ringers             Top 10 Conductors          Top 10                  
 ─────────────────────────  ─────────────────────────   Associations            
  Aston Mitchell        2    Aston Mitchell        1   ──────────────────────── 
  John Parker           2    Lenny Howard          1    Oxford Diocesan      1  
  Arianna Holmes        1    Sienna Murphy         1    Guild                   
  Blake Howard          1   ─────────────────────────   Suffolk Guild        1  
  Carina Warren         1                              ──────────────────────── 
  Dominik Warren        1                                                       
  Jack Spencer          1                                                       
  Lenny Howard          1                                                       
  Lydia Reed            1                                                       
  Ned Andrews           1                                                       
 ─────────────────────────                                                      
1) All methods, 2) All ringers, 3) All conductors, 4) All associations
Select option (x = Back): 
>>> 1
[User input: "1"]
 ────────────────────────────────────────────────────────────────────────────── 
  Methods                                                                       
 ────────────────────────────────────────────────────────────────────────────── 
  Bristol Surprise Maximus                                               1      
  Mixed Doubles (4m/4v)                                                  1      
  Mixed Surprise Minor (8m)                                              1      
 ────────────────────────────────────────────────────────────────────────────── 
Press enter to continue [y/n] (y): 
>>> 
[User input: "True"]
1) All methods, 2) All ringers, 3) All conductors, 4) All associations
Select option (x = Back): 
>>> 2
[User input: "2"]
 ────────────────────────────────────────────────────────────────────────────── 
  Ringers                                                                       
 ────────────────────────────────────────────────────────────────────────────── 
  Aston Mitchell                                                      2         
  John Parker                                                         2         
  Arianna Holmes                                                      1         
  Blake Howard                                                        1         
  Carina Warren                                                       1         
  Dominik Warren                                                      1         
  Jack Spencer                                                        1         
  Lenny Howard                                                        1         
  Lydia Reed                                                          1         
  Ned Andrews                                                         1         
  Rev Alen Henderson                                                  1         
  Rubie Owens                                                         1         
  Sam Wells                                                           1         
  Sienna Murphy                                                       1         
  Stuart Murray                                                       1         
  Victoria Morrison                                                   1         
 ────────────────────────────────────────────────────────────────────────────── 
Press enter to continue [y/n] (y): 
>>> 
[User input: "True"]
1) All methods, 2) All ringers, 3) All conductors, 4) All associations
Select option (x = Back): 
>>> 3
[User input: "3"]
 ────────────────────────────────────────────────────────────────────────────── 
  Conductors                                                                    
 ────────────────────────────────────────────────────────────────────────────── 
  Aston Mitchell                                                    1           
  Lenny Howard                                                      1           
  Sienna Murphy                                                     1           
 ────────────────────────────────────────────────────────────────────────────── 
Press enter to continue [y/n] (y): 
>>> 
[User input: "True"]
1) All methods, 2) All ringers, 3) All conductors, 4) All associations
Select option (x = Back): 
>>> 4
[User input: "4"]
 ────────────────────────────────────────────────────────────────────────────── 
  Associations                                                                  
 ────────────────────────────────────────────────────────────────────────────── 
  Oxford Diocesan Guild                                                 1       
  Suffolk Guild                                                         1       
 ────────────────────────────────────────────────────────────────────────────── 
Press enter to continue [y/n] (y): 
>>> 
[User input: "True"]
1) All methods, 2) All ringers, 3) All conductors, 4) All associations
Select option (x = Back): 
>>> x
[User input: "None"]
Show report for: 1) Quarter Peal, 2) Peal
Select option (x = Back): 
>>> x
[User input: "None"]
1) Run report, 2) New report, 3) Edit report, 4) Delete report
Select option (x = Back) (1): 
>>> x
[User input: "None"]
pypeal Database
 Quarter Peal count: 12                               Last updated: [Timestamp] 
 Peal count: 3                                                                  
┌──────────────────────────────────────────────────────────────────────────────┐
│ 1) BellBoard search                                                          │
│ 2) Add peal by ID/URL                                                        │
│ 3) Add peal manually                                                         │
│ 4) View statistics                                                           │
│ 5) Generate reports                                                          │
│ 6) View peal                                                                 │
│ 7) Delete peal                                                               │
│ 8) Update static data                                                        │
├──────────────────────────────────────────────────────────────────────────────┤
│ x) Exit                                                                      │
└──────────────────────────────────────────────────────────────────────────────┘
Select option (1): 
>>> x
[User input: "None"]
===
New Association
Bath, Somerset, England
Blessed Virgin Mary, Bathwick
On Sunday, 10 September 2023
A Quarter Peal of 1260 Mixed Doubles (3m) in 41 mins (7-3-12 in Bb)
(360 Reverse Canterbury Pleasure Place Doubles, 360 Plain Bob Doubles, 540 Grandsire Doubles)

1: Ryan Elliott
2: Leo Bennett
3: George Roberts
4: Harold Gray
5: Joyce Sullivan (c)
6: Grace Perry

Rung for Morning Service. Testing the new footnote function.
1,6: Testing new footnote with ringers.

[BellBoard: http://localhost:8080/view.php?id=1657469 (Joyce Sullivan, Sunday, 10 September 2023)]
[Published title: Doubles (3m)]
[Database ID: 15]