
===
pypeal Database
 Quarter Peal count: 11                                                         
 Peal count: 3                                                                  
┌──────────────────────────────────────────────────────────────────────────────┐
│ 1) Find recent peals                                                         │
│ 2) Add peals by search                                                       │
│ 3) Add peals by search URL                                                   │
│ 4) Add peal by ID/URL                                                        │
│ 5) Add random peal                                                           │
│ 6) View peal                                                                 │
│ 7) View statistics                                                           │
│ 8) Update static data                                                        │
│ 9) Exit                                                                      │
└──────────────────────────────────────────────────────────────────────────────┘
Select option (1): 
>>> 4
[User input: "4"]
Bellboard URL or peal ID: 
>>> 1657469
[User input: "1657469"]
╭───────────────── http://localhost:8080/view.php?id=1657469 ──────────────────╮
│ Blessed Virgin Mary, Bathwick, Bath, Somerset                                │
│ 1260 Doubles (3m)                                                            │
│ 360 each Reverse Canterbury Pleasure Place, Plain Bob; 540 Grandsire.        │
│ Sunday, 10 September 2023 (7–3–12 in B♭) in 41m                              │
│                                                                              │
│ 1: Ryan Elliott                                                              │
│ 2: Leonardo Bennett                                                          │
│ 3: George Roberts                                                            │
│ 4: Harold Gray                                                               │
│ 5: Joyce Sullivan (c)                                                        │
│ 6: Grace Perry                                                               │
│                                                                              │
│ Rung for Morning Service.                                                    │
│                                                                              │
│ Bellboard: http://localhost:8080/view.php?id=1657469 (submitted by Joyce     │
│ Sullivan on Sunday, 10 September 2023)                                       │
╰──────────────────────────────────────────────────────────────────────────────╯
Try for a quick-add? [y/n] (y): 
>>> n
[User input: "False"]
No linked association
Is this correct? [y/n] (y): 
>>> 
[User input: "True"]
🏛 Association: None
🔔 Bell type: Tower
📅 Date: Sunday, 10 September 2023
🔔 Tenor: 880 in Bb
Duration (41): 
>>> 
[User input: "41"]
⏱ Duration: 41 minutes
🏰 Tower: Bath, Bathwick, Somerset, Blessed Virgin Mary
🔢 Changes: 1260
Matching peal titled "Doubles (3m)"...
What kind of peal is being rung?: 1) Single Method, 2) Mixed Methods, 3) Spliced Methods, 4) General Ringing
Select option (2): 
>>> 
[User input: "Mixed Methods"]
Multi-method peal: "Doubles (3m)"...
Number of methods (3): 
>>> 
[User input: "3"]
Number of principles (0): 
>>> 
[User input: "0"]
Number of variants (0): 
>>> 
[User input: "0"]
Stage (5): 
>>> 
[User input: "5"]
Classification:
┌──────────────────────────────────────────────────────────────────────────────┐
│ 1) Alliance                                                                  │
│ 2) Bob                                                                       │
│ 3) Delight                                                                   │
│ 4) Hybrid                                                                    │
│ 5) Place                                                                     │
│ 6) Surprise                                                                  │
│ 7) Treble Bob                                                                │
│ 8) Treble Place                                                              │
├──────────────────────────────────────────────────────────────────────────────┤
│ x) None                                                                      │
└──────────────────────────────────────────────────────────────────────────────┘
Select option: 
>>> 
[User input: "None"]
Is this peal variable cover? [y/n] (n): 
>>> 
[User input: "False"]
📕 Title: Mixed Doubles (3m)
Adding changes of methods to multi-method peal...
Matching method "360 each Reverse Canterbury Pleasure Place"... [0 methods excluded]
Matched "360 each Reverse Canterbury Pleasure Place" to method "Reverse 
Canterbury Pleasure Place Doubles"
Is this correct? [y/n] (y): 
>>> y
[User input: "True"]
Number of changes (360): 
>>> 
[User input: "360"]
Method 1: Reverse Canterbury Pleasure Place Doubles (360 changes)
Matching method "Plain Bob"... [1 methods excluded]
Matched "Plain Bob" to method "Plain Bob Doubles"
Is this correct? [y/n] (y): 
>>> 
[User input: "True"]
Number of changes (360): 
>>> 360
[User input: "360"]
Method 2: Plain Bob Doubles (360 changes)
Matching method "540 Grandsire"... [2 methods excluded]
Matched "540 Grandsire" to method "Grandsire Doubles"
Is this correct? [y/n] (y): 
>>> y
[User input: "True"]
Number of changes (540): 
>>> 
[User input: "540"]
Method 3: Grandsire Doubles (540 changes)
Add more changes of method? [y/n] (n): 
>>> n
[User input: "False"]
📝 Method details:
  - Reverse Canterbury Pleasure Place Doubles (360)
  - Plain Bob Doubles (360)
  - Grandsire Doubles (540)
No composer attributed
Is this correct? [y/n] (y): 
>>> y
[User input: "True"]
Composition note: 
>>> 
[User input: "None"]
🎼 Composer: Unknown
1: "Ryan Elliott" -> Ryan Elliott
Is this correct? [y/n] (y): 
>>> 
[User input: "True"]
Ringer note: 
>>> 
[User input: "None"]
Bell number(s) in the tower (1): 
>>> 10
[User input: "10"]
╭──────────────────────────────────────────────────────────────────────────────╮
│ Error: No room for 4 more ringers for performance of 5 on 10 bells           │
╰──────────────────────────────────────────────────────────────────────────────╯
╭──────────────────────────────────────────────────────────────────────────────╮
│ Error: Invalid bell number, list or range: 10                                │
╰──────────────────────────────────────────────────────────────────────────────╯
Bell number(s) in the tower (1): 
>>> 9
[User input: "9"]
╭──────────────────────────────────────────────────────────────────────────────╮
│ Error: No room for 4 more ringers for performance of 5 on 10 bells           │
╰──────────────────────────────────────────────────────────────────────────────╯
╭──────────────────────────────────────────────────────────────────────────────╮
│ Error: Invalid bell number, list or range: 9                                 │
╰──────────────────────────────────────────────────────────────────────────────╯
Bell number(s) in the tower (1): 
>>> 8
[User input: "8"]
╭──────────────────────────────────────────────────────────────────────────────╮
│ Error: No room for 4 more ringers for performance of 5 on 10 bells           │
╰──────────────────────────────────────────────────────────────────────────────╯
╭──────────────────────────────────────────────────────────────────────────────╮
│ Error: Invalid bell number, list or range: 8                                 │
╰──────────────────────────────────────────────────────────────────────────────╯
Bell number(s) in the tower (1): 
>>> 7
[User input: "7"]
╭──────────────────────────────────────────────────────────────────────────────╮
│ Error: No room for 4 more ringers for performance of 5 on 10 bells           │
╰──────────────────────────────────────────────────────────────────────────────╯
╭──────────────────────────────────────────────────────────────────────────────╮
│ Error: Invalid bell number, list or range: 7                                 │
╰──────────────────────────────────────────────────────────────────────────────╯
Bell number(s) in the tower (1): 
>>> 5
[User input: "5"]
👤 Ringer: 1 [5]: Ryan Elliott
2: "Leonardo Bennett" -> Leo Bennett
Is this correct? [y/n] (y): 
>>> 
[User input: "True"]
Ringer note: 
>>> 
[User input: "None"]
Bell number(s) in the tower (6): 
>>> 5
[User input: "5"]
╭──────────────────────────────────────────────────────────────────────────────╮
│ Error: Bell number (5) is not greater than the last bell (5)                 │
╰──────────────────────────────────────────────────────────────────────────────╯
╭──────────────────────────────────────────────────────────────────────────────╮
│ Error: Invalid bell number, list or range: 5                                 │
╰──────────────────────────────────────────────────────────────────────────────╯
Bell number(s) in the tower (6): 
>>> 4
[User input: "4"]
╭──────────────────────────────────────────────────────────────────────────────╮
│ Error: Bell number (4) is not greater than the last bell (5)                 │
╰──────────────────────────────────────────────────────────────────────────────╯
╭──────────────────────────────────────────────────────────────────────────────╮
│ Error: Invalid bell number, list or range: 4                                 │
╰──────────────────────────────────────────────────────────────────────────────╯
Bell number(s) in the tower (6): 
>>> 11
[User input: "11"]
╭──────────────────────────────────────────────────────────────────────────────╮
│ Error: Bell number (11) exceeds number of bells in the tower                 │
╰──────────────────────────────────────────────────────────────────────────────╯
╭──────────────────────────────────────────────────────────────────────────────╮
│ Error: Invalid bell number, list or range: 11                                │
╰──────────────────────────────────────────────────────────────────────────────╯
Bell number(s) in the tower (6): 
>>> 
[User input: "6"]
👤 Ringer: 2 [6]: Leo Bennett
3: Couldn't find ringer matching "George Roberts" (or aliases)
1) Add new ringer, 2) Search ringers
Select option (1): 
>>> 
[User input: "1"]
Add new ringer as "George" "Roberts"? [y/n] (y): 
>>> 
[User input: "True"]
Ringer note: 
>>> 
[User input: "None"]
Bell number(s) in the tower (7): 
>>> 
[User input: "7"]
👤 Ringer: 3 [7]: George Roberts
4: "Harold Gray" -> Harold Gray
Is this correct? [y/n] (y): 
>>> 
[User input: "True"]
Ringer note: 
>>> 
[User input: "None"]
Bell number(s) in the tower (8): 
>>> 
[User input: "8"]
👤 Ringer: 4 [8]: Harold Gray
5: "Joyce Sullivan" -> Joyce Sullivan
Is this correct? [y/n] (y): 
>>> 
[User input: "True"]
Ringer note: 
>>> 
[User input: "None"]
Bell number(s) in the tower (9): 
>>> 
[User input: "9"]
👤 Ringer: 5 [9]: Joyce Sullivan (c)
6: Couldn't find ringer matching "Grace Perry" (or aliases)
1) Add new ringer, 2) Search ringers
Select option (1): 
>>> 1
[User input: "1"]
Add new ringer as "Grace" "Perry"? [y/n] (y): 
>>> y
[User input: "True"]
Ringer note: 
>>> 
[User input: "None"]
Bell number(s) in the tower (10): 
>>> 
[User input: "10"]
👤 Ringer: 6 [10]: Grace Perry
Footnote 1 text:
  > Rung for Morning Service.
Is this correct? [y/n] (y): 
>>> y
[User input: "True"]
Add new footnote? [y/n] (n): 
>>> y
[User input: "True"]
Footnote text: 
>>> Testing the new footnote function
[User input: "Testing the new footnote function"]
Bells (comma-separated): 
>>> 
[User input: "None"]
Footnote 2 text:
  > Testing the new footnote function.
Is this correct? [y/n] (y): 
>>> y
[User input: "True"]
Add this to previous footnote? [y/n] (y): 
>>> y
[User input: "True"]
Add new footnote? [y/n] (n): 
>>> y
[User input: "True"]
Footnote text: 
>>> Testing new footnote with ringers
[User input: "Testing new footnote with ringers"]
Bells (comma-separated): 
>>> 1,12
[User input: "1,12"]
Invalid bell number: 12
╭──────────────────────────────────────────────────────────────────────────────╮
│ Error: Bells must be a comma-separated list of numbers less than or equal to │
│ 6                                                                            │
╰──────────────────────────────────────────────────────────────────────────────╯
Bells (comma-separated): 
>>> 1,6
[User input: "1,6"]
Footnote 2 text:
  > Testing new footnote with ringers.
Referenced ringer(s):
  - 1: Ryan Elliott
  - 6: Grace Perry
Is this correct? [y/n] (y): 
>>> y
[User input: "True"]
Add new footnote? [y/n] (n): 
>>> n
[User input: "False"]
📝 Footnotes:
  - Rung for Morning Service. Testing the new footnote function.
  - [1: Ryan Elliott] Testing new footnote with ringers.
  - [6: Grace Perry] Testing new footnote with ringers.
🔗 Event link: None
📷 Photo link: None
📮 Submitted by: Joyce Sullivan on Sunday, 10 September 2023
╭──────────────────────────────────────────────────────────────────────────────╮
│ Warning: Tenor weight 7-3-12 reported on Bellboard does not match the weight │
│ of largest bell rung (18-3-20) on Dove                                       │
╰──────────────────────────────────────────────────────────────────────────────╯
Suggested tenor, based on weight: 6 (7-3-12)
Confirm tenor bell (6): 
>>> 
[User input: "6"]
Shifting band by -4 bells
Muffle type: 1) None, 2) Half-muffled, 3) Fully-muffled
Select option (1): 
>>> 
[User input: "None"]
🔕 Muffles: None
╭───────────────── http://localhost:8080/view.php?id=1657469 ──────────────────╮
│ Bath, Somerset, England                                                      │
│ Blessed Virgin Mary, Bathwick                                                │
│ On Sunday, 10 September 2023                                                 │
│ A Quarter Peal of 1260 Mixed Doubles (3m) in 41 minutes (7-3-12 in Bb)       │
│ (360 Reverse Canterbury Pleasure Place Doubles, 360 Plain Bob Doubles, 540   │
│ Grandsire Doubles)                                                           │
│                                                                              │
│ 1: Ryan Elliott                                                              │
│ 2: Leo Bennett                                                               │
│ 3: George Roberts                                                            │
│ 4: Harold Gray                                                               │
│ 5: Joyce Sullivan (c)                                                        │
│ 6: Grace Perry                                                               │
│                                                                              │
│ Rung for Morning Service. Testing the new footnote function.                 │
│ 1,6: Testing new footnote with ringers.                                      │
│                                                                              │
│ [BellBoard: http://localhost:8080/view.php?id=1657469 (Joyce Sullivan,       │
│ Sunday, 10 September 2023)]                                                  │
│ [Published title: Doubles (3m)]                                              │
╰──────────────────────────────────────────────────────────────────────────────╯
Save this peal?
Is this correct? [y/n] (y): 
>>> 
[User input: "True"]
Peal 1657469 added
pypeal Database
 Quarter Peal count: 12                                                         
 Peal count: 3                                                                  
┌──────────────────────────────────────────────────────────────────────────────┐
│ 1) Find recent peals                                                         │
│ 2) Add peals by search                                                       │
│ 3) Add peals by search URL                                                   │
│ 4) Add peal by ID/URL                                                        │
│ 5) Add random peal                                                           │
│ 6) View peal                                                                 │
│ 7) View statistics                                                           │
│ 8) Update static data                                                        │
│ 9) Exit                                                                      │
└──────────────────────────────────────────────────────────────────────────────┘
Select option (1): 
>>> 7
[User input: "7"]
Summary
 ────────────────────────────────────────────────────────────────────────────── 
                                                  Count                         
 ────────────────────────────────────────────────────────────────────────────── 
  Quarter Peal                                    12                            
  Peal                                            3                             
 ────────────────────────────────────────────────────────────────────────────── 
Show report for: 1) Quarter Peal, 2) Peal
Select option (x = Back): 
>>> 1
[User input: "Quarter Peal"]
Quarter Peal statistics
 ─────────────────────────  ─────────────────────────  ──────────────────────── 
  Stage     Rung   Condu…    Methods   Rung   Condu…    Misc    Rung    Condu…  
 ─────────────────────────  ─────────────────────────  ──────────────────────── 
  Triples   4                Grands…   3                Sing…   8               
  Doubles   3                Triples                    Meth…                   
  Major     2                Little    1                Mixed   2               
  Royal     2                Bob                        Meth…                   
  Caters    1                Royal                      Spli…   2               
 ─────────────────────────   London    1                Meth…                   
                             Surpri…                    Tower   12              
                             Major                      First   05-D…           
                             Plain     1                rung                    
                             Bob                        Last    01-O…           
                             Doubles                    rung                    
                             Plain     1                Avg.    2               
                             Bob                        peal    hour…           
                             Royal                      speed   53              
                             Plain     1                        minu…           
                             Bob                        Avg.    44              
                             Triples                    dura…   minu…           
                            ─────────────────────────  ──────────────────────── 
 ─────────────────────────  ─────────────────────────  ──────────────────────── 
  Top 10 Ringers    Count    Top 10                     Top 10                  
 ─────────────────────────   Conductors        Count    Associations     Count  
  Leo Bennett       7       ─────────────────────────  ──────────────────────── 
  Chester Edwards   6        Leo Bennett       2        Bath and Wells   3      
  Blake Elliott     5        Aston Mitchell    1        Diocesan                
  Joyce Sullivan    4        Blake Elliott     1        Association             
  Cadie Nelson      3        Blake Harper      1        Guild of         1      
  Clark Elliott     3        Byron Robinson    1        Devonshire              
  Heather           3        Chester Edwards   1        Ringers                 
  Sullivan                   Jack Spencer      1       ──────────────────────── 
  Melissa Baker     3        Joyce Sullivan    1                                
  Ryan Elliott      3        Lucas Farrell     1                                
  Aston Mitchell    2        Ted Harris        1                                
 ─────────────────────────  ─────────────────────────                           
1) All methods, 2) All ringers, 3) All conductors, 4) All associations
Select option (x = Back): 
>>> 1
[User input: "1"]
 ────────────────────────────────────────────────────────────────────────────── 
  Methods                                                      Count            
 ────────────────────────────────────────────────────────────────────────────── 
  Grandsire Triples                                            3                
  Little Bob Royal                                             1                
  London Surprise Major                                        1                
  Plain Bob Doubles                                            1                
  Plain Bob Royal                                              1                
  Plain Bob Triples                                            1                
 ────────────────────────────────────────────────────────────────────────────── 
Press enter to continue [y/n] (y): 
>>> 
[User input: "True"]
1) All methods, 2) All ringers, 3) All conductors, 4) All associations
Select option (x = Back): 
>>> 2
[User input: "2"]
 ────────────────────────────────────────────────────────────────────────────── 
  Ringers                                                    Count              
 ────────────────────────────────────────────────────────────────────────────── 
  Leo Bennett                                                7                  
  Chester Edwards                                            6                  
  Blake Elliott                                              5                  
  Joyce Sullivan                                             4                  
  Cadie Nelson                                               3                  
  Clark Elliott                                              3                  
  Heather Sullivan                                           3                  
  Melissa Baker                                              3                  
  Ryan Elliott                                               3                  
  Aston Mitchell                                             2                  
  Blake Elliott                                              2                  
  Byron Robinson                                             2                  
  Daniel Miller                                              2                  
  Daryl Mason                                                2                  
  Harold Gray                                                2                  
  Jacob Cole                                                 2                  
  Paul Armstrong                                             2                  
  Savana Davis                                               2                  
  Ted Harris                                                 2                  
  Alisa Cole                                                 1                  
  Arnold Johnson                                             1                  
  Aston Mitchell                                             1                  
  Blake Harper                                               1                  
  Byron Miller                                               1                  
  Carina Warren                                              1                  
  Carl Johnston                                              1                  
  Charlie Warren                                             1                  
  Chloe Henderson                                            1                  
  Dainton Casey                                              1                  
  David Rogers                                               1                  
  Dominik Warren                                             1                  
  Edward Chapman                                             1                  
  Edward Dixon                                               1                  
  Ellia Armstrong                                            1                  
  Eric Ryan                                                  1                  
  Fenton Bailey                                              1                  
  Garry Scott                                                1                  
  George Roberts                                             1                  
  Grace Perry                                                1                  
  Jack Spencer                                               1                  
  Julia Fowler                                               1                  
  Lenny Howard                                               1                  
  Lucas Farrell                                              1                  
  Lucas Wright                                               1                  
  Lydia Ferguson                                             1                  
  Melissa Evans                                              1                  
  Michael Williams                                           1                  
  Michelle Thompson                                          1                  
  Mike Sullivan                                              1                  
  Ned Andrews                                                1                  
  Olivia West                                                1                  
  Patrick Bennett                                            1                  
  Rev Alen Henderson                                         1                  
  Richard Higgins                                            1                  
  Roland Clark                                               1                  
  Sienna Murphy                                              1                  
  Valeria Perkins                                            1                  
  Vivian Murray                                              1                  
 ────────────────────────────────────────────────────────────────────────────── 
Press enter to continue [y/n] (y): 
>>> 
[User input: "True"]
1) All methods, 2) All ringers, 3) All conductors, 4) All associations
Select option (x = Back): 
>>> 3
[User input: "3"]
 ────────────────────────────────────────────────────────────────────────────── 
  Conductors                                              Count                 
 ────────────────────────────────────────────────────────────────────────────── 
  Leo Bennett                                             2                     
  Aston Mitchell                                          1                     
  Blake Elliott                                           1                     
  Blake Harper                                            1                     
  Byron Robinson                                          1                     
  Chester Edwards                                         1                     
  Jack Spencer                                            1                     
  Joyce Sullivan                                          1                     
  Lucas Farrell                                           1                     
  Ted Harris                                              1                     
  Vivian Murray                                           1                     
 ────────────────────────────────────────────────────────────────────────────── 
Press enter to continue [y/n] (y): 
>>> 
[User input: "True"]
1) All methods, 2) All ringers, 3) All conductors, 4) All associations
Select option (x = Back): 
>>> 4
[User input: "4"]
 ────────────────────────────────────────────────────────────────────────────── 
  Associations                                                      Count       
 ────────────────────────────────────────────────────────────────────────────── 
  Bath and Wells Diocesan Association                               3           
  Guild of Devonshire Ringers                                       1           
 ────────────────────────────────────────────────────────────────────────────── 
Press enter to continue [y/n] (y): 
>>> 
[User input: "True"]
1) All methods, 2) All ringers, 3) All conductors, 4) All associations
Select option (x = Back): 
>>> x
[User input: "None"]
Show report for: 1) Quarter Peal, 2) Peal
Select option (x = Back): 
>>> 2
[User input: "Peal"]
Peal statistics
 ─────────────────────────  ─────────────────────────  ──────────────────────── 
  Stage     Rung   Condu…    Methods   Rung   Condu…    Misc    Rung    Condu…  
 ─────────────────────────  ─────────────────────────  ──────────────────────── 
  Doubles   1                Bristol   1                Mixed   2               
  Maximus   1                Surpri…                    Meth…                   
  Minor     1                Maximus                    Sing…   1               
 ─────────────────────────  ─────────────────────────   Meth…                   
                                                        Tower   2               
                                                        Hand…   1               
                                                        First   25-M…           
                                                        rung                    
                                                        Last    29-M…           
                                                        rung                    
                                                        Avg.    2               
                                                        peal    hour…           
                                                        speed   43              
                                                                minu…           
                                                        Avg.    2               
                                                        dura…   hour…           
                                                                45              
                                                                minu…           
                                                       ──────────────────────── 
 ─────────────────────────  ─────────────────────────  ──────────────────────── 
  Top 10 Ringers    Count    Top 10                     Top 10                  
 ─────────────────────────   Conductors        Count    Associations     Count  
  Aston Mitchell    2       ─────────────────────────  ──────────────────────── 
  John Parker       2        Aston Mitchell    1        Oxford           1      
  Arianna Holmes    1        Lenny Howard      1        Diocesan Guild          
  Blake Howard      1        Sienna Murphy     1        Suffolk Guild    1      
  Carina Warren     1       ─────────────────────────  ──────────────────────── 
  Dominik Warren    1                                                           
  Jack Spencer      1                                                           
  Lenny Howard      1                                                           
  Lydia Reed        1                                                           
  Ned Andrews       1                                                           
 ─────────────────────────                                                      
1) All methods, 2) All ringers, 3) All conductors, 4) All associations
Select option (x = Back): 
>>> 1
[User input: "1"]
 ────────────────────────────────────────────────────────────────────────────── 
  Methods                                                       Count           
 ────────────────────────────────────────────────────────────────────────────── 
  Bristol Surprise Maximus                                      1               
 ────────────────────────────────────────────────────────────────────────────── 
Press enter to continue [y/n] (y): 
>>> 
[User input: "True"]
1) All methods, 2) All ringers, 3) All conductors, 4) All associations
Select option (x = Back): 
>>> 2
[User input: "2"]
 ────────────────────────────────────────────────────────────────────────────── 
  Ringers                                                    Count              
 ────────────────────────────────────────────────────────────────────────────── 
  Aston Mitchell                                             2                  
  John Parker                                                2                  
  Arianna Holmes                                             1                  
  Blake Howard                                               1                  
  Carina Warren                                              1                  
  Dominik Warren                                             1                  
  Jack Spencer                                               1                  
  Lenny Howard                                               1                  
  Lydia Reed                                                 1                  
  Ned Andrews                                                1                  
  Rev Alen Henderson                                         1                  
  Rubie Owens                                                1                  
  Sam Wells                                                  1                  
  Sienna Murphy                                              1                  
  Stuart Murray                                              1                  
  Victoria Morrison                                          1                  
 ────────────────────────────────────────────────────────────────────────────── 
Press enter to continue [y/n] (y): 
>>> 
[User input: "True"]
1) All methods, 2) All ringers, 3) All conductors, 4) All associations
Select option (x = Back): 
>>> 3
[User input: "3"]
 ────────────────────────────────────────────────────────────────────────────── 
  Conductors                                             Count                  
 ────────────────────────────────────────────────────────────────────────────── 
  Aston Mitchell                                         1                      
  Lenny Howard                                           1                      
  Sienna Murphy                                          1                      
 ────────────────────────────────────────────────────────────────────────────── 
Press enter to continue [y/n] (y): 
>>> 
[User input: "True"]
1) All methods, 2) All ringers, 3) All conductors, 4) All associations
Select option (x = Back): 
>>> 4
[User input: "4"]
 ────────────────────────────────────────────────────────────────────────────── 
  Associations                                                 Count            
 ────────────────────────────────────────────────────────────────────────────── 
  Oxford Diocesan Guild                                        1                
  Suffolk Guild                                                1                
 ────────────────────────────────────────────────────────────────────────────── 
Press enter to continue [y/n] (y): 
>>> 
[User input: "True"]
1) All methods, 2) All ringers, 3) All conductors, 4) All associations
Select option (x = Back): 
>>> x
[User input: "None"]
Show report for: 1) Quarter Peal, 2) Peal
Select option (x = Back): 
>>> x
[User input: "None"]
pypeal Database
 Quarter Peal count: 12                                                         
 Peal count: 3                                                                  
┌──────────────────────────────────────────────────────────────────────────────┐
│ 1) Find recent peals                                                         │
│ 2) Add peals by search                                                       │
│ 3) Add peals by search URL                                                   │
│ 4) Add peal by ID/URL                                                        │
│ 5) Add random peal                                                           │
│ 6) View peal                                                                 │
│ 7) View statistics                                                           │
│ 8) Update static data                                                        │
│ 9) Exit                                                                      │
└──────────────────────────────────────────────────────────────────────────────┘
Select option (1): 
>>> 9
[User input: "9"]
===
Bath, Somerset, England
Blessed Virgin Mary, Bathwick
On Sunday, 10 September 2023
A Quarter Peal of 1260 Mixed Doubles (3m) in 41 minutes (7-3-12 in Bb)
(360 Reverse Canterbury Pleasure Place Doubles, 360 Plain Bob Doubles, 540 Grandsire Doubles)

1: Ryan Elliott
2: Leo Bennett
3: George Roberts
4: Harold Gray
5: Joyce Sullivan (c)
6: Grace Perry

Rung for Morning Service. Testing the new footnote function.
1,6: Testing new footnote with ringers.

[BellBoard: http://localhost:8080/view.php?id=1657469 (Joyce Sullivan, Sunday, 10 September 2023)]
[Published title: Doubles (3m)]