
===
â•­â”€â”€â”€â”€â”€â”€â”€â”€â”€â”€â”€â”€â”€â”€â”€â”€â”€â”€â”€â”€â”€â”€â”€â”€â”€â”€â”€â”€â”€â”€â”€â”€â”€â”€â”€ pypeal â”€â”€â”€â”€â”€â”€â”€â”€â”€â”€â”€â”€â”€â”€â”€â”€â”€â”€â”€â”€â”€â”€â”€â”€â”€â”€â”€â”€â”€â”€â”€â”€â”€â”€â”€â•®
â”‚ Number of peals: 14                                                          â”‚
â•°â”€â”€â”€â”€â”€â”€â”€â”€â”€â”€â”€â”€â”€â”€â”€â”€â”€â”€â”€â”€â”€â”€â”€â”€â”€â”€â”€â”€â”€â”€â”€â”€â”€â”€â”€â”€â”€â”€â”€â”€â”€â”€â”€â”€â”€â”€â”€â”€â”€â”€â”€â”€â”€â”€â”€â”€â”€â”€â”€â”€â”€â”€â”€â”€â”€â”€â”€â”€â”€â”€â”€â”€â”€â”€â”€â”€â”€â”€â•¯
Options: 
1) Find recent peals
2) Add peals by search
3) Add peals by search URL
4) Add peal by ID/URL
5) Add random peal
6) View peal
7) Update static data
8) Exit
Select action (1): 
>>> 4
[User input: "4"]
Bellboard URL or peal ID: 
>>> 1657469
[User input: "1657469"]
â•­â”€â”€â”€â”€â”€â”€â”€â”€â”€â”€â”€â”€â”€â”€â”€â”€â”€ http://localhost:8080/view.php?id=1657469 â”€â”€â”€â”€â”€â”€â”€â”€â”€â”€â”€â”€â”€â”€â”€â”€â”€â”€â•®
â”‚ Blessed Virgin Mary, Bathwick, Bath, Somerset                                â”‚
â”‚ 1260 Doubles (3m)                                                            â”‚
â”‚ Sunday, 10 September 2023 (7â€“3â€“12 in Bâ™­) in 41m                              â”‚
â”‚                                                                              â”‚
â”‚ 1: Ryan Elliott                                                              â”‚
â”‚ 2: Leonardo Bennett                                                          â”‚
â”‚ 3: George Roberts                                                            â”‚
â”‚ 4: Harold Gray                                                               â”‚
â”‚ 5: Joyce Sullivan (c)                                                        â”‚
â”‚ 6: Grace Perry                                                               â”‚
â”‚                                                                              â”‚
â”‚ Rung for Morning Service.                                                    â”‚
â•°â”€â”€â”€â”€â”€â”€â”€â”€â”€â”€â”€â”€â”€â”€â”€â”€â”€â”€â”€â”€â”€â”€â”€â”€â”€â”€â”€â”€â”€â”€â”€â”€â”€â”€â”€â”€â”€â”€â”€â”€â”€â”€â”€â”€â”€â”€â”€â”€â”€â”€â”€â”€â”€â”€â”€â”€â”€â”€â”€â”€â”€â”€â”€â”€â”€â”€â”€â”€â”€â”€â”€â”€â”€â”€â”€â”€â”€â”€â•¯
Try for a quick-add? [y/n] (y): 
>>> n
[User input: "False"]
No linked association
Is this correct? [y/n] (y): 
>>> 
[User input: "True"]
ðŸ› Association: None
ðŸ”” Bell type: Tower
ðŸ° Tower: Bath, Bathwick, Somerset, England, Blessed Virgin Mary
ðŸ”¢ Changes: 1260
Matching peal titled "Doubles (3m)"...
Multi-method peal: "Doubles (3m)"...
Number of methods (3): 
>>> 
[User input: "3"]
Number of principles (0): 
>>> 
[User input: "0"]
Number of variants (0): 
>>> 
[User input: "0"]
Stage (5): 
>>> 
[User input: "5"]
Options: 
1) Bob
2) Place
3) Surprise
4) Delight
5) Treble Bob
6) Treble Place
7) None
Select action (7): 
>>> 
[User input: "None (7)"]
Is this peal variable cover? [y/n] (n): 
>>> 
[User input: "False"]
Mixed Doubles (3m)
Is this correct? [y/n] (y): 
>>> 
[User input: "True"]
ðŸ“• Title: Mixed Doubles (3m)
Adding changes of methods to multi-method peal...
No methods match "each Reverse Canterbury Pleasure Place Doubles"
Options: 1) Search alternatives, 2) Cancel
Select action (1): 
>>> 1
[User input: "1"]
Enter search criteria:
Name (each Reverse Canterbury Pleasure): 
>>> Canterbury
[User input: "Canterbury"]
Stage (5): 
>>> 
[User input: "5"]
Options: 
1) Bob
2) Place
3) Surprise
4) Delight
5) Treble Bob
6) Treble Place
7) None
Select action (2): 
>>> 
[User input: "Place (2)"]
Is this a differential method? [y/n]: 
>>> 
[User input: "None"]
Is this a little method? [y/n]: 
>>> 
[User input: "None"]
Is this a treble dodging method? [y/n]: 
>>> 
[User input: "None"]
Matched "360 each Reverse Canterbury Pleasure Place" to method "Reverse 
Canterbury Pleasure Place Doubles" (ID: m10521)
Is this correct? [y/n] (y): 
>>> y
[User input: "True"]
Number of changes (360): 
>>> 
[User input: "360"]
Method 1: Reverse Canterbury Pleasure Place Doubles (360 changes)
Matched "Plain Bob" to method "Plain Bob Doubles" (ID: m10550)
Is this correct? [y/n] (y): 
>>> 
[User input: "True"]
Number of changes: 
>>> 360
[User input: "360"]
Method 2: Plain Bob Doubles (360 changes)
Matched "540 Grandsire." to method "Grandsire Doubles" (ID: m10587)
Is this correct? [y/n] (y): 
>>> y
[User input: "True"]
Number of changes (540): 
>>> 
[User input: "540"]
Method 3: Grandsire Bob Doubles (540 changes)
Add more changes of method? [y/n] (n): 
>>> n
[User input: "False"]
ðŸ“ Method details:
  - Reverse Canterbury Pleasure Place Doubles (360)
  - Plain Bob Doubles (360)
  - Grandsire Doubles (540)
No composer attributed
Is this correct? [y/n] (y): 
>>> y
[User input: "True"]
ðŸŽ¼ Composer: Unknown
ðŸ“… Date: Sunday, 10 September 2023
ðŸ”” Tenor: 880 in Bb
â± Duration: 41
1: "Ryan Elliott" -> Ryan Elliott
Is this correct? [y/n] (y): 
>>> 
[User input: "True"]
Bell number(s) in the tower (1): 
>>> 
[User input: "1"]
ðŸ‘¤ Ringer: 1: Ryan Elliott
2: "Leonardo Bennett" -> Leo Bennett
Is this correct? [y/n] (y): 
>>> 
[User input: "True"]
Bell number(s) in the tower (2): 
>>> 
[User input: "2"]
ðŸ‘¤ Ringer: 2: Leo Bennett
3: Couldn't find ringer matching "George Roberts" (or aliases)
Options: 1) Add new ringer, 2) Search ringers
Select action (1): 
>>> 
[User input: "1"]
Last name (Roberts): 
>>> 
[User input: "Roberts"]
Given name(s) (George): 
>>> 
[User input: "George"]
Bell number(s) in the tower (3): 
>>> 
[User input: "3"]
ðŸ‘¤ Ringer: 3: George Roberts
4: "Harold Gray" -> Harold Gray
Is this correct? [y/n] (y): 
>>> 
[User input: "True"]
Bell number(s) in the tower (4): 
>>> 
[User input: "4"]
ðŸ‘¤ Ringer: 4: Harold Gray
5: "Joyce Sullivan" -> Joyce Sullivan
Is this correct? [y/n] (y): 
>>> 
[User input: "True"]
Bell number(s) in the tower (5): 
>>> 
[User input: "5"]
ðŸ‘¤ Ringer: 5: Joyce Sullivan (c)
6: Couldn't find ringer matching "Grace Perry" (or aliases)
Options: 1) Add new ringer, 2) Search ringers
Select action (1): 
>>> 1
[User input: "1"]
Last name (Perry): 
>>> 
[User input: "Perry"]
Given name(s) (Grace): 
>>> 
[User input: "Grace"]
Bell number(s) in the tower (6): 
>>> 
[User input: "6"]
ðŸ‘¤ Ringer: 6: Grace Perry
Footnote 1 text:
  > Rung for Morning Service.
Is this correct? [y/n] (y): 
>>> y
[User input: "True"]
ðŸ“ Footnote: Rung for Morning Service.
ðŸ”— Event link: None
Add new footnote? [y/n] (n): 
>>> y
[User input: "True"]
Footnote text: 
>>> Testing the new footnote function
[User input: "Testing the new footnote function"]
Bells (comma-separated): 
>>> 
[User input: "None"]
Footnote 2 text:
  > Testing the new footnote function.
Is this correct? [y/n] (y): 
>>> y
[User input: "True"]
Add this to previous footnote? [y/n] (y): 
>>> y
[User input: "True"]
Add new footnote? [y/n] (n): 
>>> y
[User input: "True"]
Footnote text: 
>>> Testing new footnote with ringers
[User input: "Testing new footnote with ringers"]
Bells (comma-separated): 
>>> 1,12
[User input: "1,12"]
Invalid bell number: 12
â•­â”€â”€â”€â”€â”€â”€â”€â”€â”€â”€â”€â”€â”€â”€â”€â”€â”€â”€â”€â”€â”€â”€â”€â”€â”€â”€â”€â”€â”€â”€â”€â”€â”€â”€â”€â”€â”€â”€â”€â”€â”€â”€â”€â”€â”€â”€â”€â”€â”€â”€â”€â”€â”€â”€â”€â”€â”€â”€â”€â”€â”€â”€â”€â”€â”€â”€â”€â”€â”€â”€â”€â”€â”€â”€â”€â”€â”€â”€â•®
â”‚ Error: Bells must be a comma-separated list of numbers less than or equal to â”‚
â”‚ 6                                                                            â”‚
â•°â”€â”€â”€â”€â”€â”€â”€â”€â”€â”€â”€â”€â”€â”€â”€â”€â”€â”€â”€â”€â”€â”€â”€â”€â”€â”€â”€â”€â”€â”€â”€â”€â”€â”€â”€â”€â”€â”€â”€â”€â”€â”€â”€â”€â”€â”€â”€â”€â”€â”€â”€â”€â”€â”€â”€â”€â”€â”€â”€â”€â”€â”€â”€â”€â”€â”€â”€â”€â”€â”€â”€â”€â”€â”€â”€â”€â”€â”€â•¯
Bells (comma-separated): 
>>> 1,6
[User input: "1,6"]
Footnote 2 text:
  > Testing new footnote with ringers.
Referenced ringer(s):
  - 1: Ryan Elliott
  - 6: Grace Perry
Is this correct? [y/n] (y): 
>>> y
[User input: "True"]
Add new footnote? [y/n] (n): 
>>> n
[User input: "False"]
Options: 1) None, 2) Half-muffled, 3) Fully-muffled
Select action (1): 
>>> 
[User input: "MuffleType.NONE (1)"]
ðŸ”• Muffles: None
â•­â”€â”€â”€â”€â”€â”€â”€â”€â”€â”€â”€â”€â”€â”€â”€â”€â”€ http://localhost:8080/view.php?id=1657469 â”€â”€â”€â”€â”€â”€â”€â”€â”€â”€â”€â”€â”€â”€â”€â”€â”€â”€â•®
â”‚ Bath, Somerset, England                                                      â”‚
â”‚ Blessed Virgin Mary, Bathwick                                                â”‚
â”‚ On Sunday, 10 September 2023                                                 â”‚
â”‚ A Quarter Peal of 1260 Mixed Doubles (3m) in 41 mins (7-3-12 in Bb)          â”‚
â”‚ (360 Reverse Canterbury Pleasure Place Doubles, 360 Plain Bob Doubles, 540   â”‚
â”‚ Grandsire Bob Doubles)                                                       â”‚
â”‚                                                                              â”‚
â”‚ 1: Ryan Elliott                                                              â”‚
â”‚ 2: Leo Bennett                                                               â”‚
â”‚ 3: George Roberts                                                            â”‚
â”‚ 4: Harold Gray                                                               â”‚
â”‚ 5: Joyce Sullivan (c)                                                        â”‚
â”‚ 6: Grace Perry                                                               â”‚
â”‚                                                                              â”‚
â”‚ Rung for Morning Service. Testing the new footnote function.                 â”‚
â”‚ [1: Ryan Elliott] Testing new footnote with ringers.                         â”‚
â”‚ [6: Grace Perry] Testing new footnote with ringers.                          â”‚
â”‚                                                                              â”‚
â”‚ [Imported Bellboard peal ID: 1657469]                                        â”‚
â•°â”€â”€â”€â”€â”€â”€â”€â”€â”€â”€â”€â”€â”€â”€â”€â”€â”€â”€â”€â”€â”€â”€â”€â”€â”€â”€â”€â”€â”€â”€â”€â”€â”€â”€â”€â”€â”€â”€â”€â”€â”€â”€â”€â”€â”€â”€â”€â”€â”€â”€â”€â”€â”€â”€â”€â”€â”€â”€â”€â”€â”€â”€â”€â”€â”€â”€â”€â”€â”€â”€â”€â”€â”€â”€â”€â”€â”€â”€â•¯
Save this peal?
Is this correct? [y/n] (y): 
>>> 
[User input: "True"]
Peal 1657469 added
â•­â”€â”€â”€â”€â”€â”€â”€â”€â”€â”€â”€â”€â”€â”€â”€â”€â”€â”€â”€â”€â”€â”€â”€â”€â”€â”€â”€â”€â”€â”€â”€â”€â”€â”€â”€ pypeal â”€â”€â”€â”€â”€â”€â”€â”€â”€â”€â”€â”€â”€â”€â”€â”€â”€â”€â”€â”€â”€â”€â”€â”€â”€â”€â”€â”€â”€â”€â”€â”€â”€â”€â”€â•®
â”‚ Number of peals: 15                                                          â”‚
â•°â”€â”€â”€â”€â”€â”€â”€â”€â”€â”€â”€â”€â”€â”€â”€â”€â”€â”€â”€â”€â”€â”€â”€â”€â”€â”€â”€â”€â”€â”€â”€â”€â”€â”€â”€â”€â”€â”€â”€â”€â”€â”€â”€â”€â”€â”€â”€â”€â”€â”€â”€â”€â”€â”€â”€â”€â”€â”€â”€â”€â”€â”€â”€â”€â”€â”€â”€â”€â”€â”€â”€â”€â”€â”€â”€â”€â”€â”€â•¯
Options: 
1) Find recent peals
2) Add peals by search
3) Add peals by search URL
4) Add peal by ID/URL
5) Add random peal
6) View peal
7) Update static data
8) Exit
Select action (1): 
>>> 8
[User input: "8"]
===
Bath, Somerset, England
Blessed Virgin Mary, Bathwick
On Sunday, 10 September 2023
A Quarter Peal of 1260 Mixed Doubles (3m) in 41 mins (7-3-12 in Bb)
(360 Reverse Canterbury Pleasure Place Doubles, 360 Plain Bob Doubles, 540 Grandsire Bob Doubles)

1: Ryan Elliott
2: Leo Bennett
3: George Roberts
4: Harold Gray
5: Joyce Sullivan (c)
6: Grace Perry

Rung for Morning Service. Testing the new footnote function.
[1: Ryan Elliott] Testing new footnote with ringers.
[6: Grace Perry] Testing new footnote with ringers.

[Imported Bellboard peal ID: 1657469]