
===
╭─────────────────────────────────── pypeal ───────────────────────────────────╮
│ Number of peals: 14                                                          │
╰──────────────────────────────────────────────────────────────────────────────╯
Options: 
1) Find recent peals
2) Add peals by search
3) Add peals by search URL
4) Add peal by ID/URL
5) Add random peal
6) View peal
7) Update static data
8) Exit
Select action (1): 
>>> 4
[User input: "4"]
Bellboard URL or peal ID: 
>>> 1657469
[User input: "1657469"]
╭───────────────── http://localhost:8080/view.php?id=1657469 ──────────────────╮
│ Blessed Virgin Mary, Bathwick, Bath, Somerset                                │
│ 1260 Doubles (3m)                                                            │
│ 360 each Reverse Canterbury Pleasure Place, Plain Bob; 540 Grandsire.        │
│ Sunday, 10 September 2023 (7–3–12 in B♭) in 41m                              │
│                                                                              │
│ 1: Ryan Elliott                                                              │
│ 2: Leonardo Bennett                                                          │
│ 3: George Roberts                                                            │
│ 4: Harold Gray                                                               │
│ 5: Joyce Sullivan (c)                                                        │
│ 6: Grace Perry                                                               │
│                                                                              │
│ Rung for Morning Service.                                                    │
╰──────────────────────────────────────────────────────────────────────────────╯
Try for a quick-add? [y/n] (y): 
>>> n
[User input: "False"]
No linked association
Is this correct? [y/n] (y): 
>>> 
[User input: "True"]
🏛 Association: None
🔔 Bell type: Tower
🏰 Tower: Bath, Bathwick, Somerset, England, Blessed Virgin Mary
🔢 Changes: 1260
Matching peal titled "Doubles (3m)"...
What kind of peal is being rung?: 1) Single Method, 2) Mixed Methods, 3) Spliced
Methods, 4) General Ringing
Select action (2): 
>>> 
[User input: "PealType.MIXED_METHODS (2)"]
Multi-method peal: "Doubles (3m)"...
Number of methods (3): 
>>> 
[User input: "3"]
Number of principles (0): 
>>> 
[User input: "0"]
Number of variants (0): 
>>> 
[User input: "0"]
Stage (5): 
>>> 
[User input: "5"]
Options: 
1) Alliance
2) Bob
3) Delight
4) Hybrid
5) Place
6) Surprise
7) Treble Bob
8) Treble Place
9) None
Select action (9): 
>>> 
[User input: "None"]
Is this peal variable cover? [y/n] (n): 
>>> 
[User input: "False"]
📕 Title: Mixed Doubles (3m)
Adding changes of methods to multi-method peal...
Matched "360 each Reverse Canterbury Pleasure Place" to method "Reverse 
Canterbury Pleasure Place Doubles"
Is this correct? [y/n] (y): 
>>> y
[User input: "True"]
Number of changes (360): 
>>> 
[User input: "360"]
Method 1: Reverse Canterbury Pleasure Place Doubles (360 changes)
Matched "Plain Bob" to method "Plain Bob Doubles"
Is this correct? [y/n] (y): 
>>> 
[User input: "True"]
Number of changes: 
>>> 360
[User input: "360"]
Method 2: Plain Bob Doubles (360 changes)
Matched "540 Grandsire" to method "Grandsire Doubles"
Is this correct? [y/n] (y): 
>>> y
[User input: "True"]
Number of changes (540): 
>>> 
[User input: "540"]
Method 3: Grandsire Doubles (540 changes)
Add more changes of method? [y/n] (n): 
>>> n
[User input: "False"]
📝 Method details:
  - Reverse Canterbury Pleasure Place Doubles (360)
  - Plain Bob Doubles (360)
  - Grandsire Doubles (540)
No composer attributed
Is this correct? [y/n] (y): 
>>> y
[User input: "True"]
🎼 Composer: Unknown
📅 Date: Sunday, 10 September 2023
🔔 Tenor: 880 in Bb
⏱ Duration: 41
1: "Ryan Elliott" -> Ryan Elliott
Is this correct? [y/n] (y): 
>>> 
[User input: "True"]
Bell number(s) in the tower (1): 
>>> 
[User input: "1"]
👤 Ringer: 1: Ryan Elliott
2: "Leonardo Bennett" -> Leo Bennett
Is this correct? [y/n] (y): 
>>> 
[User input: "True"]
Bell number(s) in the tower (2): 
>>> 
[User input: "2"]
👤 Ringer: 2: Leo Bennett
3: Couldn't find ringer matching "George Roberts" (or aliases)
Options: 1) Add new ringer, 2) Search ringers
Select action (1): 
>>> 
[User input: "1"]
Last name (Roberts): 
>>> 
[User input: "Roberts"]
Given name(s) (George): 
>>> 
[User input: "George"]
Bell number(s) in the tower (3): 
>>> 
[User input: "3"]
👤 Ringer: 3: George Roberts
4: "Harold Gray" -> Harold Gray
Is this correct? [y/n] (y): 
>>> 
[User input: "True"]
Bell number(s) in the tower (4): 
>>> 
[User input: "4"]
👤 Ringer: 4: Harold Gray
5: "Joyce Sullivan" -> Joyce Sullivan
Is this correct? [y/n] (y): 
>>> 
[User input: "True"]
Bell number(s) in the tower (5): 
>>> 
[User input: "5"]
👤 Ringer: 5: Joyce Sullivan (c)
6: Couldn't find ringer matching "Grace Perry" (or aliases)
Options: 1) Add new ringer, 2) Search ringers
Select action (1): 
>>> 1
[User input: "1"]
Last name (Perry): 
>>> 
[User input: "Perry"]
Given name(s) (Grace): 
>>> 
[User input: "Grace"]
Bell number(s) in the tower (6): 
>>> 
[User input: "6"]
👤 Ringer: 6: Grace Perry
Footnote 1 text:
  > Rung for Morning Service.
Is this correct? [y/n] (y): 
>>> y
[User input: "True"]
Add new footnote? [y/n] (n): 
>>> y
[User input: "True"]
Footnote text: 
>>> Testing the new footnote function
[User input: "Testing the new footnote function"]
Bells (comma-separated): 
>>> 
[User input: "None"]
Footnote 2 text:
  > Testing the new footnote function.
Is this correct? [y/n] (y): 
>>> y
[User input: "True"]
Add this to previous footnote? [y/n] (y): 
>>> y
[User input: "True"]
Add new footnote? [y/n] (n): 
>>> y
[User input: "True"]
Footnote text: 
>>> Testing new footnote with ringers
[User input: "Testing new footnote with ringers"]
Bells (comma-separated): 
>>> 1,12
[User input: "1,12"]
Invalid bell number: 12
╭──────────────────────────────────────────────────────────────────────────────╮
│ Error: Bells must be a comma-separated list of numbers less than or equal to │
│ 6                                                                            │
╰──────────────────────────────────────────────────────────────────────────────╯
Bells (comma-separated): 
>>> 1,6
[User input: "1,6"]
Footnote 2 text:
  > Testing new footnote with ringers.
Referenced ringer(s):
  - 1: Ryan Elliott
  - 6: Grace Perry
Is this correct? [y/n] (y): 
>>> y
[User input: "True"]
Add new footnote? [y/n] (n): 
>>> n
[User input: "False"]
📝 Footnotes:
  - Rung for Morning Service. Testing the new footnote function.
  - [1: Ryan Elliott] Testing new footnote with ringers.
  - [6: Grace Perry] Testing new footnote with ringers.
🔗 Event link: None
📷 Photo link: None
Options: 1) None, 2) Half-muffled, 3) Fully-muffled
Select action (1): 
>>> 
[User input: "None (1)"]
🔕 Muffles: None
╭───────────────── http://localhost:8080/view.php?id=1657469 ──────────────────╮
│ Bath, Somerset, England                                                      │
│ Blessed Virgin Mary, Bathwick                                                │
│ On Sunday, 10 September 2023                                                 │
│ A Quarter Peal of 1260 Mixed Doubles (3m) in 41 minutes (7-3-12 in Bb)       │
│ (360 Reverse Canterbury Pleasure Place Doubles, 360 Plain Bob Doubles, 540   │
│ Grandsire Doubles)                                                           │
│                                                                              │
│ 1: Ryan Elliott                                                              │
│ 2: Leo Bennett                                                               │
│ 3: George Roberts                                                            │
│ 4: Harold Gray                                                               │
│ 5: Joyce Sullivan (c)                                                        │
│ 6: Grace Perry                                                               │
│                                                                              │
│ Rung for Morning Service. Testing the new footnote function.                 │
│ [1: Ryan Elliott] Testing new footnote with ringers.                         │
│ [6: Grace Perry] Testing new footnote with ringers.                          │
│                                                                              │
│ [Imported Bellboard peal ID: 1657469]                                        │
│ [Published title: Doubles (3m)]                                              │
╰──────────────────────────────────────────────────────────────────────────────╯
Save this peal?
Is this correct? [y/n] (y): 
>>> 
[User input: "True"]
Peal 1657469 added
╭─────────────────────────────────── pypeal ───────────────────────────────────╮
│ Number of peals: 15                                                          │
╰──────────────────────────────────────────────────────────────────────────────╯
Options: 
1) Find recent peals
2) Add peals by search
3) Add peals by search URL
4) Add peal by ID/URL
5) Add random peal
6) View peal
7) Update static data
8) Exit
Select action (1): 
>>> 8
[User input: "8"]
===
Bath, Somerset, England
Blessed Virgin Mary, Bathwick
On Sunday, 10 September 2023
A Quarter Peal of 1260 Mixed Doubles (3m) in 41 minutes (7-3-12 in Bb)
(360 Reverse Canterbury Pleasure Place Doubles, 360 Plain Bob Doubles, 540 Grandsire Doubles)

1: Ryan Elliott
2: Leo Bennett
3: George Roberts
4: Harold Gray
5: Joyce Sullivan (c)
6: Grace Perry

Rung for Morning Service. Testing the new footnote function.
[1: Ryan Elliott] Testing new footnote with ringers.
[6: Grace Perry] Testing new footnote with ringers.

[Imported Bellboard peal ID: 1657469]
[Published title: Doubles (3m)]