
===
Polling for new peals...
pypeal Database
 Peal count: 1                                        Last updated: [Timestamp] 
┌──────────────────────────────────────────────────────────────────────────────┐
│ 1) BellBoard search                                                          │
│ 2) Add peal by ID/URL                                                        │
│ 3) Add peal manually                                                         │
│ 4) View statistics                                                           │
│ 5) Generate reports                                                          │
│ 6) View peal                                                                 │
│ 7) Delete peal                                                               │
│ 8) Update static data                                                        │
├──────────────────────────────────────────────────────────────────────────────┤
│ x) Exit                                                                      │
└──────────────────────────────────────────────────────────────────────────────┘
Select option (1): 
>>> 2
[User input: "2"]
Bellboard URL or peal ID: 
>>> 1657469
[User input: "1657469"]
╭───────────────── http://localhost:8080/view.php?id=1657469 ──────────────────╮
│ Blessed Virgin Mary, Bathwick, Bath, Somerset                                │
│ 1260 Doubles (3m)                                                            │
│ 360 each Reverse Canterbury Pleasure Place, Plain Bob; 540 Grandsire.        │
│ Sunday, 10 September 2023 (7–3–12 in B♭) in 41m                              │
│                                                                              │
│ 1: Ryan Elliott                                                              │
│ 2: Leonardo Bennett                                                          │
│ 3: George Roberts                                                            │
│ 4: Harold Gray                                                               │
│ 5: Joyce Sullivan (c)                                                        │
│ 6: Grace Perry                                                               │
│                                                                              │
│ Rung for Morning Service.                                                    │
│                                                                              │
│ Bellboard: http://localhost:8080/view.php?id=1657469 (submitted by Joyce     │
│ Sullivan on Sunday, 10 September 2023)                                       │
╰──────────────────────────────────────────────────────────────────────────────╯
Try for a quick-add? [y/n] (y): 
>>> n
[User input: "False"]
No linked association
Is this correct? [y/n] (y): 
>>> n
[User input: "False"]
1) Search alternatives, 2) Add new association, 3) Remove association
Select option (1): 
>>> 2
[User input: "2"]
Name: 
>>> New Association
[User input: "New Association"]
🏛 Association: New Association
🔔 Bell type: Tower
📅 Date: Sunday, 10 September 2023
🔔 Tenor: 880 in Bb
Duration (41): 
>>> 
[User input: "41"]
⏱ Duration: 41 mins
🏰 Tower: Bath, Bathwick, Somerset, Blessed Virgin Mary
🔢 Changes: 1260
Matching peal titled "Doubles (3m)"...
What kind of peal is being rung?: 1) Single Method, 2) Mixed Methods, 3) Spliced Methods, 4) General Ringing
Select option (2): 
>>> 
[User input: "Mixed Methods"]
Multi-method peal: "Doubles (3m)"...
Number of methods (3): 
>>> 
[User input: "3"]
Number of principles (0): 
>>> 
[User input: "0"]
Number of variants (0): 
>>> 
[User input: "0"]
Stage (5): 
>>> 
[User input: "5"]
Classification:
┌──────────────────────────────────────────────────────────────────────────────┐
│ 1) Alliance                                                                  │
│ 2) Bob                                                                       │
│ 3) Delight                                                                   │
│ 4) Hybrid                                                                    │
│ 5) Place                                                                     │
│ 6) Surprise                                                                  │
│ 7) Treble Bob                                                                │
│ 8) Treble Place                                                              │
├──────────────────────────────────────────────────────────────────────────────┤
│ x) None                                                                      │
└──────────────────────────────────────────────────────────────────────────────┘
Select option: 
>>> 
[User input: "None"]
Is this peal variable cover? [y/n] (n): 
>>> 
[User input: "False"]
📕 Title: Mixed Doubles (3m)
Adding changes of methods to multi-method peal...
Matching method "360 each Reverse Canterbury Pleasure Place"... [0 methods excluded]
Matched "360 each Reverse Canterbury Pleasure Place" to method "Reverse 
Canterbury Pleasure Place Doubles"
Is this correct? [y/n] (y): 
>>> y
[User input: "True"]
Number of changes (360): 
>>> 
[User input: "360"]
Method 1: Reverse Canterbury Pleasure Place Doubles (360 changes)
Matching method "Plain Bob"... [1 methods excluded]
Matched "Plain Bob" to method "Plain Bob Doubles"
Is this correct? [y/n] (y): 
>>> 
[User input: "True"]
Number of changes (360): 
>>> 360
[User input: "360"]
Method 2: Plain Bob Doubles (360 changes)
Matching method "540 Grandsire"... [2 methods excluded]
Matched "540 Grandsire" to method "Grandsire Doubles"
Is this correct? [y/n] (y): 
>>> y
[User input: "True"]
Number of changes (540): 
>>> 
[User input: "540"]
Method 3: Grandsire Doubles (540 changes)
Add more changes of method? [y/n] (n): 
>>> n
[User input: "False"]
📝 Method details:
  - Reverse Canterbury Pleasure Place Doubles (360)
  - Plain Bob Doubles (360)
  - Grandsire Doubles (540)
No composer attributed
Is this correct? [y/n] (y): 
>>> y
[User input: "True"]
Composition note: 
>>> 
[User input: "None"]
🎼 Composer: Unknown
1: Couldn't find ringer matching "Ryan Elliott" (or aliases)
1) Add new ringer, 2) Search ringers
Select option (1): 
>>> 
[User input: "1"]
Add new ringer as "Ryan" "Elliott"? [y/n] (y): 
>>> 
[User input: "True"]
Ringer note: 
>>> 10
[User input: "10"]
Bell number(s) in the tower (1): 
>>> 9
[User input: "9"]
╭──────────────────────────────────────────────────────────────────────────────╮
│ Error: Bell number (9) exceeds number of bells in the tower                  │
╰──────────────────────────────────────────────────────────────────────────────╯
Bell number(s) in the tower (1): 
>>> 8
[User input: "8"]
╭──────────────────────────────────────────────────────────────────────────────╮
│ Error: Bell number (8) exceeds number of bells in the tower                  │
╰──────────────────────────────────────────────────────────────────────────────╯
Bell number(s) in the tower (1): 
>>> 7
[User input: "7"]
╭──────────────────────────────────────────────────────────────────────────────╮
│ Error: Bell number (7) exceeds number of bells in the tower                  │
╰──────────────────────────────────────────────────────────────────────────────╯
Bell number(s) in the tower (1): 
>>> 5
[User input: "5"]
╭──────────────────────────────────────────────────────────────────────────────╮
│ Error: Bell number (5) exceeds number of bells in the tower                  │
╰──────────────────────────────────────────────────────────────────────────────╯
Bell number(s) in the tower (1): 
>>> 
[User input: "1"]
╭──────────────────────────────────────────────────────────────────────────────╮
│ Error: Bell number (1) exceeds number of bells in the tower                  │
╰──────────────────────────────────────────────────────────────────────────────╯
Bell number(s) in the tower (1): 
>>> 
[User input: "1"]
╭──────────────────────────────────────────────────────────────────────────────╮
│ Error: Bell number (1) exceeds number of bells in the tower                  │
╰──────────────────────────────────────────────────────────────────────────────╯
Bell number(s) in the tower (1): 
>>> 5
[User input: "5"]
╭──────────────────────────────────────────────────────────────────────────────╮
│ Error: Bell number (5) exceeds number of bells in the tower                  │
╰──────────────────────────────────────────────────────────────────────────────╯
Bell number(s) in the tower (1): 
>>> 4
[User input: "4"]
╭──────────────────────────────────────────────────────────────────────────────╮
│ Error: Bell number (4) exceeds number of bells in the tower                  │
╰──────────────────────────────────────────────────────────────────────────────╯
Bell number(s) in the tower (1): 
>>> 11
[User input: "11"]
╭──────────────────────────────────────────────────────────────────────────────╮
│ Error: Bell number (11) exceeds number of bells in the tower                 │
╰──────────────────────────────────────────────────────────────────────────────╯
Bell number(s) in the tower (1): 
>>> 
[User input: "1"]
╭──────────────────────────────────────────────────────────────────────────────╮
│ Error: Bell number (1) exceeds number of bells in the tower                  │
╰──────────────────────────────────────────────────────────────────────────────╯
Bell number(s) in the tower (1): 
>>> 
[User input: "1"]
╭──────────────────────────────────────────────────────────────────────────────╮
│ Error: Bell number (1) exceeds number of bells in the tower                  │
╰──────────────────────────────────────────────────────────────────────────────╯
Bell number(s) in the tower (1): 
>>> 
[User input: "1"]
╭──────────────────────────────────────────────────────────────────────────────╮
│ Error: Bell number (1) exceeds number of bells in the tower                  │
╰──────────────────────────────────────────────────────────────────────────────╯
Bell number(s) in the tower (1): 
>>> 
[User input: "1"]
╭──────────────────────────────────────────────────────────────────────────────╮
│ Error: Bell number (1) exceeds number of bells in the tower                  │
╰──────────────────────────────────────────────────────────────────────────────╯
Bell number(s) in the tower (1): 
>>> 
[User input: "1"]
╭──────────────────────────────────────────────────────────────────────────────╮
│ Error: Bell number (1) exceeds number of bells in the tower                  │
╰──────────────────────────────────────────────────────────────────────────────╯
Bell number(s) in the tower (1): 
>>> 
[User input: "1"]
╭──────────────────────────────────────────────────────────────────────────────╮
│ Error: Bell number (1) exceeds number of bells in the tower                  │
╰──────────────────────────────────────────────────────────────────────────────╯
Bell number(s) in the tower (1): 
>>> 
[User input: "1"]
╭──────────────────────────────────────────────────────────────────────────────╮
│ Error: Bell number (1) exceeds number of bells in the tower                  │
╰──────────────────────────────────────────────────────────────────────────────╯
Bell number(s) in the tower (1): 
>>> 
[User input: "1"]
╭──────────────────────────────────────────────────────────────────────────────╮
│ Error: Bell number (1) exceeds number of bells in the tower                  │
╰──────────────────────────────────────────────────────────────────────────────╯
Bell number(s) in the tower (1): 
>>> 
[User input: "1"]
╭──────────────────────────────────────────────────────────────────────────────╮
│ Error: Bell number (1) exceeds number of bells in the tower                  │
╰──────────────────────────────────────────────────────────────────────────────╯
Bell number(s) in the tower (1): 
>>> 
[User input: "1"]
╭──────────────────────────────────────────────────────────────────────────────╮
│ Error: Bell number (1) exceeds number of bells in the tower                  │
╰──────────────────────────────────────────────────────────────────────────────╯
Bell number(s) in the tower (1): 
>>> 
[User input: "1"]
╭──────────────────────────────────────────────────────────────────────────────╮
│ Error: Bell number (1) exceeds number of bells in the tower                  │
╰──────────────────────────────────────────────────────────────────────────────╯
Bell number(s) in the tower (1): 
>>> 1
[User input: "1"]
╭──────────────────────────────────────────────────────────────────────────────╮
│ Error: Bell number (1) exceeds number of bells in the tower                  │
╰──────────────────────────────────────────────────────────────────────────────╯
Bell number(s) in the tower (1): 
>>> y
[User input: "y"]
╭──────────────────────────────────────────────────────────────────────────────╮
│ Error: Unable to parse bell numbers: y                                       │
╰──────────────────────────────────────────────────────────────────────────────╯
Bell number(s) in the tower (1): 
>>> 
[User input: "1"]
╭──────────────────────────────────────────────────────────────────────────────╮
│ Error: Bell number (1) exceeds number of bells in the tower                  │
╰──────────────────────────────────────────────────────────────────────────────╯
Bell number(s) in the tower (1): 
>>> 
[User input: "1"]
╭──────────────────────────────────────────────────────────────────────────────╮
│ Error: Bell number (1) exceeds number of bells in the tower                  │
╰──────────────────────────────────────────────────────────────────────────────╯
Bell number(s) in the tower (1): 
>>> y
[User input: "y"]
╭──────────────────────────────────────────────────────────────────────────────╮
│ Error: Unable to parse bell numbers: y                                       │
╰──────────────────────────────────────────────────────────────────────────────╯
Bell number(s) in the tower (1): 
>>> y
[User input: "y"]
╭──────────────────────────────────────────────────────────────────────────────╮
│ Error: Unable to parse bell numbers: y                                       │
╰──────────────────────────────────────────────────────────────────────────────╯
Bell number(s) in the tower (1): 
>>> Testing the new footnote function
[User input: "Testing the new footnote function"]
╭──────────────────────────────────────────────────────────────────────────────╮
│ Error: Unable to parse bell numbers: Testing the new footnote function       │
╰──────────────────────────────────────────────────────────────────────────────╯
Bell number(s) in the tower (1): 
>>> 
[User input: "1"]
╭──────────────────────────────────────────────────────────────────────────────╮
│ Error: Bell number (1) exceeds number of bells in the tower                  │
╰──────────────────────────────────────────────────────────────────────────────╯
Bell number(s) in the tower (1): 
>>> y
[User input: "y"]
╭──────────────────────────────────────────────────────────────────────────────╮
│ Error: Unable to parse bell numbers: y                                       │
╰──────────────────────────────────────────────────────────────────────────────╯
Bell number(s) in the tower (1): 
>>> y
[User input: "y"]
╭──────────────────────────────────────────────────────────────────────────────╮
│ Error: Unable to parse bell numbers: y                                       │
╰──────────────────────────────────────────────────────────────────────────────╯
Bell number(s) in the tower (1): 
>>> y
[User input: "y"]
╭──────────────────────────────────────────────────────────────────────────────╮
│ Error: Unable to parse bell numbers: y                                       │
╰──────────────────────────────────────────────────────────────────────────────╯
Bell number(s) in the tower (1): 
>>> Testing new footnote with ringers
[User input: "Testing new footnote with ringers"]
╭──────────────────────────────────────────────────────────────────────────────╮
│ Error: Unable to parse bell numbers: Testing new footnote with ringers       │
╰──────────────────────────────────────────────────────────────────────────────╯
Bell number(s) in the tower (1): 
>>> 1,12
[User input: "1,12"]
╭──────────────────────────────────────────────────────────────────────────────╮
│ Error: Bell number (1) exceeds number of bells in the tower                  │
╰──────────────────────────────────────────────────────────────────────────────╯
Bell number(s) in the tower (1): 
>>> 1,6
[User input: "1,6"]
╭──────────────────────────────────────────────────────────────────────────────╮
│ Error: Bell number (1) exceeds number of bells in the tower                  │
╰──────────────────────────────────────────────────────────────────────────────╯
Bell number(s) in the tower (1): 
>>> y
[User input: "y"]
╭──────────────────────────────────────────────────────────────────────────────╮
│ Error: Unable to parse bell numbers: y                                       │
╰──────────────────────────────────────────────────────────────────────────────╯
Bell number(s) in the tower (1): 
>>> n
[User input: "n"]
╭──────────────────────────────────────────────────────────────────────────────╮
│ Error: Unable to parse bell numbers: n                                       │
╰──────────────────────────────────────────────────────────────────────────────╯
Bell number(s) in the tower (1): 
>>> 
[User input: "1"]
╭──────────────────────────────────────────────────────────────────────────────╮
│ Error: Bell number (1) exceeds number of bells in the tower                  │
╰──────────────────────────────────────────────────────────────────────────────╯
Bell number(s) in the tower (1): 
>>> 
[User input: "1"]
╭──────────────────────────────────────────────────────────────────────────────╮
│ Error: Bell number (1) exceeds number of bells in the tower                  │
╰──────────────────────────────────────────────────────────────────────────────╯
Bell number(s) in the tower (1): 
>>> 
[User input: "1"]
╭──────────────────────────────────────────────────────────────────────────────╮
│ Error: Bell number (1) exceeds number of bells in the tower                  │
╰──────────────────────────────────────────────────────────────────────────────╯
Bell number(s) in the tower (1): 
>>> 4
[User input: "4"]
╭──────────────────────────────────────────────────────────────────────────────╮
│ Error: Bell number (4) exceeds number of bells in the tower                  │
╰──────────────────────────────────────────────────────────────────────────────╯
Bell number(s) in the tower (1): 
>>> 1
[User input: "1"]
╭──────────────────────────────────────────────────────────────────────────────╮
│ Error: Bell number (1) exceeds number of bells in the tower                  │
╰──────────────────────────────────────────────────────────────────────────────╯
Bell number(s) in the tower (1): 
>>> 1
[User input: "1"]
╭──────────────────────────────────────────────────────────────────────────────╮
│ Error: Bell number (1) exceeds number of bells in the tower                  │
╰──────────────────────────────────────────────────────────────────────────────╯
Bell number(s) in the tower (1): 
>>> 1
[User input: "1"]
╭──────────────────────────────────────────────────────────────────────────────╮
│ Error: Bell number (1) exceeds number of bells in the tower                  │
╰──────────────────────────────────────────────────────────────────────────────╯
Bell number(s) in the tower (1): 
>>> 1
[User input: "1"]
╭──────────────────────────────────────────────────────────────────────────────╮
│ Error: Bell number (1) exceeds number of bells in the tower                  │
╰──────────────────────────────────────────────────────────────────────────────╯
Bell number(s) in the tower (1): 
>>> 
[User input: "1"]
╭──────────────────────────────────────────────────────────────────────────────╮
│ Error: Bell number (1) exceeds number of bells in the tower                  │
╰──────────────────────────────────────────────────────────────────────────────╯
Bell number(s) in the tower (1): 
>>> 2
[User input: "2"]
╭──────────────────────────────────────────────────────────────────────────────╮
│ Error: Bell number (2) exceeds number of bells in the tower                  │
╰──────────────────────────────────────────────────────────────────────────────╯
Bell number(s) in the tower (1): 
>>> 
[User input: "1"]
╭──────────────────────────────────────────────────────────────────────────────╮
│ Error: Bell number (1) exceeds number of bells in the tower                  │
╰──────────────────────────────────────────────────────────────────────────────╯
Bell number(s) in the tower (1): 
>>> 3
[User input: "3"]
╭──────────────────────────────────────────────────────────────────────────────╮
│ Error: Bell number (3) exceeds number of bells in the tower                  │
╰──────────────────────────────────────────────────────────────────────────────╯
Bell number(s) in the tower (1): 
>>> 
[User input: "1"]
╭──────────────────────────────────────────────────────────────────────────────╮
│ Error: Bell number (1) exceeds number of bells in the tower                  │
╰──────────────────────────────────────────────────────────────────────────────╯
Bell number(s) in the tower (1): 
>>> 4
[User input: "4"]
╭──────────────────────────────────────────────────────────────────────────────╮
│ Error: Bell number (4) exceeds number of bells in the tower                  │
╰──────────────────────────────────────────────────────────────────────────────╯
Bell number(s) in the tower (1): 
>>> 
[User input: "1"]
╭──────────────────────────────────────────────────────────────────────────────╮
│ Error: Bell number (1) exceeds number of bells in the tower                  │
╰──────────────────────────────────────────────────────────────────────────────╯
Bell number(s) in the tower (1): 
>>> x
[User input: "x"]
╭──────────────────────────────────────────────────────────────────────────────╮
│ Error: Unable to parse bell numbers: x                                       │
╰──────────────────────────────────────────────────────────────────────────────╯
Bell number(s) in the tower (1): 
>>> 2
[User input: "2"]
╭──────────────────────────────────────────────────────────────────────────────╮
│ Error: Bell number (2) exceeds number of bells in the tower                  │
╰──────────────────────────────────────────────────────────────────────────────╯
Bell number(s) in the tower (1): 
>>> 1
[User input: "1"]
╭──────────────────────────────────────────────────────────────────────────────╮
│ Error: Bell number (1) exceeds number of bells in the tower                  │
╰──────────────────────────────────────────────────────────────────────────────╯
Bell number(s) in the tower (1): 
>>> 
[User input: "1"]
╭──────────────────────────────────────────────────────────────────────────────╮
│ Error: Bell number (1) exceeds number of bells in the tower                  │
╰──────────────────────────────────────────────────────────────────────────────╯
Bell number(s) in the tower (1): 
>>> 2
[User input: "2"]
╭──────────────────────────────────────────────────────────────────────────────╮
│ Error: Bell number (2) exceeds number of bells in the tower                  │
╰──────────────────────────────────────────────────────────────────────────────╯
Bell number(s) in the tower (1): 
>>> 
[User input: "1"]
╭──────────────────────────────────────────────────────────────────────────────╮
│ Error: Bell number (1) exceeds number of bells in the tower                  │
╰──────────────────────────────────────────────────────────────────────────────╯
Bell number(s) in the tower (1): 
>>> 3
[User input: "3"]
╭──────────────────────────────────────────────────────────────────────────────╮
│ Error: Bell number (3) exceeds number of bells in the tower                  │
╰──────────────────────────────────────────────────────────────────────────────╯
Bell number(s) in the tower (1): 
>>> 
[User input: "1"]
╭──────────────────────────────────────────────────────────────────────────────╮
│ Error: Bell number (1) exceeds number of bells in the tower                  │
╰──────────────────────────────────────────────────────────────────────────────╯
Bell number(s) in the tower (1): 
>>> 4
[User input: "4"]
╭──────────────────────────────────────────────────────────────────────────────╮
│ Error: Bell number (4) exceeds number of bells in the tower                  │
╰──────────────────────────────────────────────────────────────────────────────╯
Bell number(s) in the tower (1): 
>>> 
[User input: "1"]
╭──────────────────────────────────────────────────────────────────────────────╮
│ Error: Bell number (1) exceeds number of bells in the tower                  │
╰──────────────────────────────────────────────────────────────────────────────╯
Bell number(s) in the tower (1): 
>>> x
[User input: "x"]
╭──────────────────────────────────────────────────────────────────────────────╮
│ Error: Unable to parse bell numbers: x                                       │
╰──────────────────────────────────────────────────────────────────────────────╯
Bell number(s) in the tower (1): 
>>> x
[User input: "x"]
╭──────────────────────────────────────────────────────────────────────────────╮
│ Error: Unable to parse bell numbers: x                                       │
╰──────────────────────────────────────────────────────────────────────────────╯
Bell number(s) in the tower (1): 
>>> x
[User input: "x"]
╭──────────────────────────────────────────────────────────────────────────────╮
│ Error: Unable to parse bell numbers: x                                       │
╰──────────────────────────────────────────────────────────────────────────────╯
Bell number(s) in the tower (1): 
>>> x
[User input: "x"]
╭──────────────────────────────────────────────────────────────────────────────╮
│ Error: Unable to parse bell numbers: x                                       │
╰──────────────────────────────────────────────────────────────────────────────╯
Bell number(s) in the tower (1): 
Aborted.
===
None