
===
Polling for new peals...
pypeal Database
 Peal count: 1                                        Last updated: [Timestamp] 
┌──────────────────────────────────────────────────────────────────────────────┐
│ 1) BellBoard search                                                          │
│ 2) Add peal by ID/URL                                                        │
│ 3) Add peal manually                                                         │
│ 4) View statistics                                                           │
│ 5) Generate reports                                                          │
│ 6) View peal                                                                 │
│ 7) Delete peal                                                               │
│ 8) Update static data                                                        │
├──────────────────────────────────────────────────────────────────────────────┤
│ x) Exit                                                                      │
└──────────────────────────────────────────────────────────────────────────────┘
Select option (1): 
>>> 2
[User input: "2"]
Bellboard URL or peal ID: 
>>> 1066455
[User input: "1066455"]
╭───────────────── http://localhost:8080/view.php?id=1066455 ──────────────────╮
│ Pig-le-Tower, Marston Bigot, Somerset                                        │
│ 1280 Cambridge Surprise Major                                                │
│ Sunday, 21 September 2014                                                    │
│                                                                              │
│ 1: Vivian Murray                                                             │
│ 2: Byron Robinson                                                            │
│ 3: Daryl Mason                                                               │
│ 4: Chester Edwards                                                           │
│ 5: Joyce Sullivan                                                            │
│ 6: Arnold Johnson                                                            │
│ 7: Kate Crawford                                                             │
│ 8: Heather Sullivan (c)                                                      │
│                                                                              │
│ Birthday compliment to Paul Clewett                                          │
│ First on a mini-ring: 3 & 6                                                  │
│                                                                              │
│ Bellboard: http://localhost:8080/view.php?id=1066455 (submitted by Heather   │
│ Sullivan on Sunday, 21 September 2014)                                       │
│ External reference: Campanophile ID: 183937                                  │
╰──────────────────────────────────────────────────────────────────────────────╯
Try for a quick-add? [y/n] (y): 
>>> n
[User input: "False"]
No linked association
Is this correct? [y/n] (y): 
>>> 
[User input: "True"]
🏛 Association: None
🔔 Bell type: Tower
📅 Date: Sunday, 21 September 2014
🔔 Tenor: Unknown
Duration: 
>>> 
[User input: "None"]
⏱ Duration: Unknown
Address (Pig-le-Tower): 
>>> 
[User input: "Pig-le-Tower"]
Place (Marston Bigot): 
>>> 
[User input: "Marston Bigot"]
Sub-place/area: 
>>> 
[User input: "None"]
County/state (Somerset): 
>>> 
[User input: "Somerset"]
Country: 
>>> England
[User input: "England"]
Marston Bigot, Somerset, England
Is this correct? [y/n] (y): 
>>> y
[User input: "True"]
📍 Location Marston Bigot, Somerset, England
📍 Detail Pig-le-Tower
🔢 Changes: 1280
Matching peal titled "Cambridge Surprise Major"...
Matched "Cambridge Surprise Major" to method "Cambridge Surprise Major" (ID: 
m16694)
Is this correct? [y/n] (y): 
>>> y
[User input: "True"]
📕 Title: Cambridge Surprise Major
No composer attributed
Is this correct? [y/n] (y): 
>>> y
[User input: "True"]
Composition note: 
>>> 
[User input: "None"]
🎼 Composer: Unknown
1: Couldn't find ringer matching "Vivian Murray" (or aliases)
1) Add new ringer, 2) Search ringers
Select option (1): ╭──────────────────────────────────────────────────────────────────────────────╮
│ Error: Input an option number or one of the following:                       │
│                                                                              │
│                                                                              │
╰──────────────────────────────────────────────────────────────────────────────╯
1) Add new ringer, 2) Search ringers
Select option (1): 
>>> y
[User input: "1"]
Add new ringer as "Vivian" "Murray"? [y/n] (y): 
>>> 
[User input: "True"]
Ringer note: 
>>> 
[User input: "y"]
Bell number(s) in the tower (1): 
>>> y
[User input: "1"]
👤 Ringer: 1: Vivian Murray (y)
2: Couldn't find ringer matching "Byron Robinson" (or aliases)
1) Add new ringer, 2) Search ringers
Select option (1): 
>>> 
[User input: "1"]
Add new ringer as "Byron" "Robinson"? [y/n] (y): 
>>> 
[User input: "True"]
Ringer note: 
>>> y
[User input: "None"]
Bell number(s) in the tower (2): 
>>> 
[User input: "2"]
👤 Ringer: 2: Byron Robinson
3: Couldn't find ringer matching "Daryl Mason" (or aliases)
1) Add new ringer, 2) Search ringers
Select option (1): ╭──────────────────────────────────────────────────────────────────────────────╮
│ Error: Input an option number or one of the following:                       │
│                                                                              │
│                                                                              │
╰──────────────────────────────────────────────────────────────────────────────╯
1) Add new ringer, 2) Search ringers
Select option (1): 
>>> 
[User input: "1"]
Add new ringer as "Daryl" "Mason"? [y/n] (y): 
>>> y
[User input: "True"]
Ringer note: 
>>> 
[User input: "y"]
Bell number(s) in the tower (3): 
>>> 
[User input: "3"]
👤 Ringer: 3: Daryl Mason (y)
4: Couldn't find ringer matching "Chester Edwards" (or aliases)
1) Add new ringer, 2) Search ringers
Select option (1): 
>>> y
[User input: "1"]
Add new ringer as "Chester" "Edwards"? [y/n] (y): 
>>> 
[User input: "True"]
Ringer note: 
>>> 
[User input: "None"]
Bell number(s) in the tower (4): 
>>> y
[User input: "4"]
👤 Ringer: 4: Chester Edwards
5: Couldn't find ringer matching "Joyce Sullivan" (or aliases)
1) Add new ringer, 2) Search ringers
Select option (1): 
>>> 
[User input: "1"]
Add new ringer as "Joyce" "Sullivan"? [y/n] (y): 
>>> 
[User input: "True"]
Ringer note: 
>>> 1
[User input: "None"]
Bell number(s) in the tower (5): 
>>> 
[User input: "5"]
👤 Ringer: 5: Joyce Sullivan
6: Couldn't find ringer matching "Arnold Johnson" (or aliases)
1) Add new ringer, 2) Search ringers
Select option (1): ╭──────────────────────────────────────────────────────────────────────────────╮
│ Error: Input an option number or one of the following:                       │
│                                                                              │
│                                                                              │
╰──────────────────────────────────────────────────────────────────────────────╯
1) Add new ringer, 2) Search ringers
Select option (1): 
>>> 
[User input: "1"]
Add new ringer as "Arnold" "Johnson"? [y/n] (y): 
>>> 
[User input: "True"]
Ringer note: 
>>> y
[User input: "y"]
Bell number(s) in the tower (6): 
>>> 
[User input: "y"]
╭──────────────────────────────────────────────────────────────────────────────╮
│ Error: Unable to parse bell numbers: y                                       │
╰──────────────────────────────────────────────────────────────────────────────╯
Bell number(s) in the tower (6): 
>>> 
[User input: "n"]
╭──────────────────────────────────────────────────────────────────────────────╮
│ Error: Unable to parse bell numbers: n                                       │
╰──────────────────────────────────────────────────────────────────────────────╯
Bell number(s) in the tower (6): 
>>> y
[User input: "6"]
👤 Ringer: 6: Arnold Johnson (y)
7: Couldn't find ringer matching "Kate Crawford" (or aliases)
1) Add new ringer, 2) Search ringers
Select option (1): ╭──────────────────────────────────────────────────────────────────────────────╮
│ Error: Input an option number or one of the following:                       │
│                                                                              │
│                                                                              │
╰──────────────────────────────────────────────────────────────────────────────╯
1) Add new ringer, 2) Search ringers
Select option (1): ╭──────────────────────────────────────────────────────────────────────────────╮
│ Error: The number must be between 1 and 2                                    │
╰──────────────────────────────────────────────────────────────────────────────╯
1) Add new ringer, 2) Search ringers
Select option (1): 
>>> y
[User input: "1"]
Add new ringer as "Kate" "Crawford"? [y/n] (y): Please enter Y or N
Add new ringer as "Kate" "Crawford"? [y/n] (y): Please enter Y or N
Add new ringer as "Kate" "Crawford"? [y/n] (y): Please enter Y or N
Add new ringer as "Kate" "Crawford"? [y/n] (y): 
>>> n
[User input: "True"]
Ringer note: 
>>> 
[User input: "2"]
Bell number(s) in the tower (7): 
>>> y
[User input: "7"]
👤 Ringer: 7: Kate Crawford (2)
8: Couldn't find ringer matching "Heather Sullivan" (or aliases)
1) Add new ringer, 2) Search ringers
Select option (1): ╭──────────────────────────────────────────────────────────────────────────────╮
│ Error: The number must be between 1 and 2                                    │
╰──────────────────────────────────────────────────────────────────────────────╯
1) Add new ringer, 2) Search ringers
Select option (1): 
>>> 4
[User input: "1"]
Add new ringer as "Heather" "Sullivan"? [y/n] (y): Please enter Y or N
Add new ringer as "Heather" "Sullivan"? [y/n] (y): 
>>> 1
[User input: "True"]
Ringer note: 
>>> 1
[User input: "x"]
Bell number(s) in the tower (8): 
>>> 1
[User input: "2"]
╭──────────────────────────────────────────────────────────────────────────────╮
│ Error: Bell 2 already assigned to Byron Robinson                             │
╰──────────────────────────────────────────────────────────────────────────────╯
Bell number(s) in the tower (8): 
>>> 1
[User input: "1"]
╭──────────────────────────────────────────────────────────────────────────────╮
│ Error: Bell 1 already assigned to Vivian Murray                              │
╰──────────────────────────────────────────────────────────────────────────────╯
Bell number(s) in the tower (8): 
>>> 
[User input: "8"]
👤 Ringer: 8: Heather Sullivan (x) (c)
Footnote 1 text:
  > Birthday compliment to Paul Clewett.
Is this correct? [y/n] (y): Please enter Y or N
Is this correct? [y/n] (y): 
>>> 2
[User input: "True"]
Footnote 2 text:
  > First on a mini-ring.
Referenced ringer(s):
  - 3: Daryl Mason
  - 6: Arnold Johnson
Is this correct? [y/n] (y): Please enter Y or N
Is this correct? [y/n] (y): 
>>> 
[User input: "True"]
Add new footnote? [y/n] (n): Please enter Y or N
Add new footnote? [y/n] (n): 
>>> 3
[User input: "False"]
📝 Footnotes:
  - Birthday compliment to Paul Clewett.
  - [3: Daryl Mason] First on a mini-ring.
  - [6: Arnold Johnson] First on a mini-ring.
🔗 Event link: None
📷 Photo link: None
📮 Submitted by: Heather Sullivan on Sunday, 21 September 2014
🔗 External reference: Campanophile ID: 183937
Muffle type: 1) None, 2) Half-muffled, 3) Fully-muffled
Select option (1): 
>>> 
[User input: "None"]
🔕 Muffles: None
╭──────────────────────────── Confirm performance ─────────────────────────────╮
│ Marston Bigot, Somerset, England                                             │
│ Pig-le-Tower                                                                 │
│ On Sunday, 21 September 2014                                                 │
│ A Quarter Peal of 1280 Cambridge Surprise Major                              │
│                                                                              │
│ 1: Vivian Murray (y)                                                         │
│ 2: Byron Robinson                                                            │
│ 3: Daryl Mason (y)                                                           │
│ 4: Chester Edwards                                                           │
│ 5: Joyce Sullivan                                                            │
│ 6: Arnold Johnson (y)                                                        │
│ 7: Kate Crawford (2)                                                         │
│ 8: Heather Sullivan (x) (c)                                                  │
│                                                                              │
│ Birthday compliment to Paul Clewett.                                         │
│ 3,6: First on a mini-ring.                                                   │
│                                                                              │
│ [BellBoard: http://localhost:8080/view.php?id=1066455 (Heather Sullivan,     │
│ Sunday, 21 September 2014)]                                                  │
│ [External reference: Campanophile ID: 183937]                                │
╰──────────────────────────────────────────────────────────────────────────────╯
Save this peal?
Is this correct? [y/n] (y): Please enter Y or N
Is this correct? [y/n] (y): Please enter Y or N
Is this correct? [y/n] (y): Please enter Y or N
Is this correct? [y/n] (y): 
Aborted.

>>> 4
>>> 
>>> x
>>> 2
>>> 1
>>> 
>>> 2
>>> 
>>> 3
>>> 
>>> 4
>>> 
>>> x
>>> x
>>> x
>>> x
===
None