
===
Polling for new peals...
pypeal Database
 Peal count: 1                                        Last updated: [Timestamp] 
┌──────────────────────────────────────────────────────────────────────────────┐
│ 1) BellBoard search                                                          │
│ 2) Add peal by ID/URL                                                        │
│ 3) Add peal manually                                                         │
│ 4) View statistics                                                           │
│ 5) Generate reports                                                          │
│ 6) View peal                                                                 │
│ 7) Delete peal                                                               │
│ 8) Update static data                                                        │
├──────────────────────────────────────────────────────────────────────────────┤
│ x) Exit                                                                      │
└──────────────────────────────────────────────────────────────────────────────┘
Select option (1): 
>>> 2
[User input: "2"]
Bellboard URL or peal ID: 
>>> 1620096
[User input: "1620096"]
╭───────────────── http://localhost:8080/view.php?id=1620096 ──────────────────╮
│ Blessed Virgin Mary, Bathwick, Bath, Somerset                                │
│ 1260 Grandsire Doubles                                                       │
│ Sunday, 7 May 2023 (7–3–12) in 40m                                           │
│                                                                              │
│ 1: Ryan Elliott                                                              │
│ 2: Arnold Johnson                                                            │
│ 3: Heather Sullivan (c)                                                      │
│ 4: Joyce Sullivan                                                            │
│ 5: Leonardo Bennett                                                          │
│ 6: Grace Perry                                                               │
│                                                                              │
│ For morning service, and to mark the coronation of King Charles III and      │
│ Queen Camilla                                                                │
│                                                                              │
│ Linked event: http://localhost:8080/event.php?id=16774                       │
│ Bellboard: http://localhost:8080/view.php?id=1620096 (submitted by Heather   │
│ Sullivan on Sunday, 7 May 2023)                                              │
╰──────────────────────────────────────────────────────────────────────────────╯
Try for a quick-add? [y/n] (y): 
>>> y
[User input: "True"]
🏛 Association: None
🔔 Bell type: Tower
📅 Date: Sunday, 7 May 2023
🔔 Tenor: 880
⏱ Duration: 40 mins
🏰 Tower: Bath, Bathwick, Somerset, Blessed Virgin Mary
🔢 Changes: 1260
Matching peal titled "Grandsire Doubles"...
📕 Title: Grandsire Doubles
🎼 Composer: Unknown
First bell number(s) in the tower (1): 
>>> 5
[User input: "5"]
╭──────────────────────────────────────────────────────────────────────────────╮
│ Error: Bell number (5) exceeds number of bells in the tower                  │
╰──────────────────────────────────────────────────────────────────────────────╯
First bell number(s) in the tower (1): 
>>> n
[User input: "n"]
╭──────────────────────────────────────────────────────────────────────────────╮
│ Error: Unable to parse bell numbers: n                                       │
╰──────────────────────────────────────────────────────────────────────────────╯
First bell number(s) in the tower (1): 
>>> 
[User input: "1"]
╭──────────────────────────────────────────────────────────────────────────────╮
│ Error: Bell number (1) exceeds number of bells in the tower                  │
╰──────────────────────────────────────────────────────────────────────────────╯
First bell number(s) in the tower (1): 
>>> 
[User input: "1"]
╭──────────────────────────────────────────────────────────────────────────────╮
│ Error: Bell number (1) exceeds number of bells in the tower                  │
╰──────────────────────────────────────────────────────────────────────────────╯
First bell number(s) in the tower (1): 
>>> 
[User input: "1"]
╭──────────────────────────────────────────────────────────────────────────────╮
│ Error: Bell number (1) exceeds number of bells in the tower                  │
╰──────────────────────────────────────────────────────────────────────────────╯
First bell number(s) in the tower (1): 
>>> 
[User input: "1"]
╭──────────────────────────────────────────────────────────────────────────────╮
│ Error: Bell number (1) exceeds number of bells in the tower                  │
╰──────────────────────────────────────────────────────────────────────────────╯
First bell number(s) in the tower (1): 
>>> 
[User input: "1"]
╭──────────────────────────────────────────────────────────────────────────────╮
│ Error: Bell number (1) exceeds number of bells in the tower                  │
╰──────────────────────────────────────────────────────────────────────────────╯
First bell number(s) in the tower (1): 
>>> 
[User input: "1"]
╭──────────────────────────────────────────────────────────────────────────────╮
│ Error: Bell number (1) exceeds number of bells in the tower                  │
╰──────────────────────────────────────────────────────────────────────────────╯
First bell number(s) in the tower (1): 
>>> 
[User input: "1"]
╭──────────────────────────────────────────────────────────────────────────────╮
│ Error: Bell number (1) exceeds number of bells in the tower                  │
╰──────────────────────────────────────────────────────────────────────────────╯
First bell number(s) in the tower (1): 
>>> 
[User input: "1"]
╭──────────────────────────────────────────────────────────────────────────────╮
│ Error: Bell number (1) exceeds number of bells in the tower                  │
╰──────────────────────────────────────────────────────────────────────────────╯
First bell number(s) in the tower (1): 
>>> 
[User input: "1"]
╭──────────────────────────────────────────────────────────────────────────────╮
│ Error: Bell number (1) exceeds number of bells in the tower                  │
╰──────────────────────────────────────────────────────────────────────────────╯
First bell number(s) in the tower (1): 
>>> 
[User input: "1"]
╭──────────────────────────────────────────────────────────────────────────────╮
│ Error: Bell number (1) exceeds number of bells in the tower                  │
╰──────────────────────────────────────────────────────────────────────────────╯
First bell number(s) in the tower (1): 
>>> 
[User input: "1"]
╭──────────────────────────────────────────────────────────────────────────────╮
│ Error: Bell number (1) exceeds number of bells in the tower                  │
╰──────────────────────────────────────────────────────────────────────────────╯
First bell number(s) in the tower (1): 
>>> 
[User input: "1"]
╭──────────────────────────────────────────────────────────────────────────────╮
│ Error: Bell number (1) exceeds number of bells in the tower                  │
╰──────────────────────────────────────────────────────────────────────────────╯
First bell number(s) in the tower (1): 
>>> 
[User input: "1"]
╭──────────────────────────────────────────────────────────────────────────────╮
│ Error: Bell number (1) exceeds number of bells in the tower                  │
╰──────────────────────────────────────────────────────────────────────────────╯
First bell number(s) in the tower (1): 
>>> 
[User input: "1"]
╭──────────────────────────────────────────────────────────────────────────────╮
│ Error: Bell number (1) exceeds number of bells in the tower                  │
╰──────────────────────────────────────────────────────────────────────────────╯
First bell number(s) in the tower (1): 
>>> 
[User input: "1"]
╭──────────────────────────────────────────────────────────────────────────────╮
│ Error: Bell number (1) exceeds number of bells in the tower                  │
╰──────────────────────────────────────────────────────────────────────────────╯
First bell number(s) in the tower (1): 
>>> 
[User input: "1"]
╭──────────────────────────────────────────────────────────────────────────────╮
│ Error: Bell number (1) exceeds number of bells in the tower                  │
╰──────────────────────────────────────────────────────────────────────────────╯
First bell number(s) in the tower (1): 
>>> 
[User input: "1"]
╭──────────────────────────────────────────────────────────────────────────────╮
│ Error: Bell number (1) exceeds number of bells in the tower                  │
╰──────────────────────────────────────────────────────────────────────────────╯
First bell number(s) in the tower (1): 
>>> 
[User input: "1"]
╭──────────────────────────────────────────────────────────────────────────────╮
│ Error: Bell number (1) exceeds number of bells in the tower                  │
╰──────────────────────────────────────────────────────────────────────────────╯
First bell number(s) in the tower (1): 
>>> 
[User input: "1"]
╭──────────────────────────────────────────────────────────────────────────────╮
│ Error: Bell number (1) exceeds number of bells in the tower                  │
╰──────────────────────────────────────────────────────────────────────────────╯
First bell number(s) in the tower (1): 
>>> 
[User input: "1"]
╭──────────────────────────────────────────────────────────────────────────────╮
│ Error: Bell number (1) exceeds number of bells in the tower                  │
╰──────────────────────────────────────────────────────────────────────────────╯
First bell number(s) in the tower (1): 
>>> 
[User input: "1"]
╭──────────────────────────────────────────────────────────────────────────────╮
│ Error: Bell number (1) exceeds number of bells in the tower                  │
╰──────────────────────────────────────────────────────────────────────────────╯
First bell number(s) in the tower (1): 
>>> 
[User input: "1"]
╭──────────────────────────────────────────────────────────────────────────────╮
│ Error: Bell number (1) exceeds number of bells in the tower                  │
╰──────────────────────────────────────────────────────────────────────────────╯
First bell number(s) in the tower (1): 
>>> 
[User input: "1"]
╭──────────────────────────────────────────────────────────────────────────────╮
│ Error: Bell number (1) exceeds number of bells in the tower                  │
╰──────────────────────────────────────────────────────────────────────────────╯
First bell number(s) in the tower (1): 
>>> 
[User input: "1"]
╭──────────────────────────────────────────────────────────────────────────────╮
│ Error: Bell number (1) exceeds number of bells in the tower                  │
╰──────────────────────────────────────────────────────────────────────────────╯
First bell number(s) in the tower (1): 
>>> 
[User input: "1"]
╭──────────────────────────────────────────────────────────────────────────────╮
│ Error: Bell number (1) exceeds number of bells in the tower                  │
╰──────────────────────────────────────────────────────────────────────────────╯
First bell number(s) in the tower (1): 
>>> 
[User input: "1"]
╭──────────────────────────────────────────────────────────────────────────────╮
│ Error: Bell number (1) exceeds number of bells in the tower                  │
╰──────────────────────────────────────────────────────────────────────────────╯
First bell number(s) in the tower (1): 
>>> 
[User input: "1"]
╭──────────────────────────────────────────────────────────────────────────────╮
│ Error: Bell number (1) exceeds number of bells in the tower                  │
╰──────────────────────────────────────────────────────────────────────────────╯
First bell number(s) in the tower (1): 
>>> y
[User input: "y"]
╭──────────────────────────────────────────────────────────────────────────────╮
│ Error: Unable to parse bell numbers: y                                       │
╰──────────────────────────────────────────────────────────────────────────────╯
First bell number(s) in the tower (1): 
>>> 4
[User input: "4"]
╭──────────────────────────────────────────────────────────────────────────────╮
│ Error: Bell number (4) exceeds number of bells in the tower                  │
╰──────────────────────────────────────────────────────────────────────────────╯
First bell number(s) in the tower (1): 
>>> 1
[User input: "1"]
╭──────────────────────────────────────────────────────────────────────────────╮
│ Error: Bell number (1) exceeds number of bells in the tower                  │
╰──────────────────────────────────────────────────────────────────────────────╯
First bell number(s) in the tower (1): 
>>> 1
[User input: "1"]
╭──────────────────────────────────────────────────────────────────────────────╮
│ Error: Bell number (1) exceeds number of bells in the tower                  │
╰──────────────────────────────────────────────────────────────────────────────╯
First bell number(s) in the tower (1): 
>>> 1
[User input: "1"]
╭──────────────────────────────────────────────────────────────────────────────╮
│ Error: Bell number (1) exceeds number of bells in the tower                  │
╰──────────────────────────────────────────────────────────────────────────────╯
First bell number(s) in the tower (1): 
>>> 1
[User input: "1"]
╭──────────────────────────────────────────────────────────────────────────────╮
│ Error: Bell number (1) exceeds number of bells in the tower                  │
╰──────────────────────────────────────────────────────────────────────────────╯
First bell number(s) in the tower (1): 
>>> 
[User input: "1"]
╭──────────────────────────────────────────────────────────────────────────────╮
│ Error: Bell number (1) exceeds number of bells in the tower                  │
╰──────────────────────────────────────────────────────────────────────────────╯
First bell number(s) in the tower (1): 
>>> 2
[User input: "2"]
╭──────────────────────────────────────────────────────────────────────────────╮
│ Error: Bell number (2) exceeds number of bells in the tower                  │
╰──────────────────────────────────────────────────────────────────────────────╯
First bell number(s) in the tower (1): 
>>> 
[User input: "1"]
╭──────────────────────────────────────────────────────────────────────────────╮
│ Error: Bell number (1) exceeds number of bells in the tower                  │
╰──────────────────────────────────────────────────────────────────────────────╯
First bell number(s) in the tower (1): 
>>> 3
[User input: "3"]
╭──────────────────────────────────────────────────────────────────────────────╮
│ Error: Bell number (3) exceeds number of bells in the tower                  │
╰──────────────────────────────────────────────────────────────────────────────╯
First bell number(s) in the tower (1): 
>>> 
[User input: "1"]
╭──────────────────────────────────────────────────────────────────────────────╮
│ Error: Bell number (1) exceeds number of bells in the tower                  │
╰──────────────────────────────────────────────────────────────────────────────╯
First bell number(s) in the tower (1): 
>>> 4
[User input: "4"]
╭──────────────────────────────────────────────────────────────────────────────╮
│ Error: Bell number (4) exceeds number of bells in the tower                  │
╰──────────────────────────────────────────────────────────────────────────────╯
First bell number(s) in the tower (1): 
>>> 
[User input: "1"]
╭──────────────────────────────────────────────────────────────────────────────╮
│ Error: Bell number (1) exceeds number of bells in the tower                  │
╰──────────────────────────────────────────────────────────────────────────────╯
First bell number(s) in the tower (1): 
>>> x
[User input: "x"]
╭──────────────────────────────────────────────────────────────────────────────╮
│ Error: Unable to parse bell numbers: x                                       │
╰──────────────────────────────────────────────────────────────────────────────╯
First bell number(s) in the tower (1): 
>>> 2
[User input: "2"]
╭──────────────────────────────────────────────────────────────────────────────╮
│ Error: Bell number (2) exceeds number of bells in the tower                  │
╰──────────────────────────────────────────────────────────────────────────────╯
First bell number(s) in the tower (1): 
>>> 1
[User input: "1"]
╭──────────────────────────────────────────────────────────────────────────────╮
│ Error: Bell number (1) exceeds number of bells in the tower                  │
╰──────────────────────────────────────────────────────────────────────────────╯
First bell number(s) in the tower (1): 
>>> 
[User input: "1"]
╭──────────────────────────────────────────────────────────────────────────────╮
│ Error: Bell number (1) exceeds number of bells in the tower                  │
╰──────────────────────────────────────────────────────────────────────────────╯
First bell number(s) in the tower (1): 
>>> 2
[User input: "2"]
╭──────────────────────────────────────────────────────────────────────────────╮
│ Error: Bell number (2) exceeds number of bells in the tower                  │
╰──────────────────────────────────────────────────────────────────────────────╯
First bell number(s) in the tower (1): 
>>> 
[User input: "1"]
╭──────────────────────────────────────────────────────────────────────────────╮
│ Error: Bell number (1) exceeds number of bells in the tower                  │
╰──────────────────────────────────────────────────────────────────────────────╯
First bell number(s) in the tower (1): 
>>> 3
[User input: "3"]
╭──────────────────────────────────────────────────────────────────────────────╮
│ Error: Bell number (3) exceeds number of bells in the tower                  │
╰──────────────────────────────────────────────────────────────────────────────╯
First bell number(s) in the tower (1): 
>>> 
[User input: "1"]
╭──────────────────────────────────────────────────────────────────────────────╮
│ Error: Bell number (1) exceeds number of bells in the tower                  │
╰──────────────────────────────────────────────────────────────────────────────╯
First bell number(s) in the tower (1): 
>>> 4
[User input: "4"]
╭──────────────────────────────────────────────────────────────────────────────╮
│ Error: Bell number (4) exceeds number of bells in the tower                  │
╰──────────────────────────────────────────────────────────────────────────────╯
First bell number(s) in the tower (1): 
>>> 
[User input: "1"]
╭──────────────────────────────────────────────────────────────────────────────╮
│ Error: Bell number (1) exceeds number of bells in the tower                  │
╰──────────────────────────────────────────────────────────────────────────────╯
First bell number(s) in the tower (1): 
>>> x
[User input: "x"]
╭──────────────────────────────────────────────────────────────────────────────╮
│ Error: Unable to parse bell numbers: x                                       │
╰──────────────────────────────────────────────────────────────────────────────╯
First bell number(s) in the tower (1): 
>>> x
[User input: "x"]
╭──────────────────────────────────────────────────────────────────────────────╮
│ Error: Unable to parse bell numbers: x                                       │
╰──────────────────────────────────────────────────────────────────────────────╯
First bell number(s) in the tower (1): 
>>> x
[User input: "x"]
╭──────────────────────────────────────────────────────────────────────────────╮
│ Error: Unable to parse bell numbers: x                                       │
╰──────────────────────────────────────────────────────────────────────────────╯
First bell number(s) in the tower (1): 
>>> x
[User input: "x"]
╭──────────────────────────────────────────────────────────────────────────────╮
│ Error: Unable to parse bell numbers: x                                       │
╰──────────────────────────────────────────────────────────────────────────────╯
First bell number(s) in the tower (1): 
Aborted.
===
None