
===
Polling for new peals...
pypeal Database
 Peal count: 1                                        Last updated: [Timestamp] 
┌──────────────────────────────────────────────────────────────────────────────┐
│ 1) BellBoard search                                                          │
│ 2) Add peal by ID/URL                                                        │
│ 3) Add peal manually                                                         │
│ 4) View statistics                                                           │
│ 5) Generate reports                                                          │
│ 6) View peal                                                                 │
│ 7) Delete peal                                                               │
│ 8) Update static data                                                        │
├──────────────────────────────────────────────────────────────────────────────┤
│ x) Exit                                                                      │
└──────────────────────────────────────────────────────────────────────────────┘
Select option (1): 
>>> 2
[User input: "2"]
Bellboard URL or peal ID: 
>>> 1619100
[User input: "1619100"]
╭───────────────── http://localhost:8080/view.php?id=1619100 ──────────────────╮
│ Blessed Virgin Mary, Bathwick, Bath, Somerset                                │
│ General Ringing                                                              │
│ Including Call Changes to Kings and Queens on 10                             │
│ Saturday, 6 May 2023 (18–3–20 in E♭)                                         │
│                                                                              │
│ Arnold Johnson                                                               │
│ Ryan Elliott                                                                 │
│ Heather Sullivan                                                             │
│ Paul Andrews                                                                 │
│ Caroline Sullivan                                                            │
│ Grace Perry                                                                  │
│ Chester Edwards                                                              │
│ Kate Miller                                                                  │
│ Belinda Thompson                                                             │
│ Fenton Hawkins                                                               │
│ Olivia West                                                                  │
│ Kirsten Richards                                                             │
│ Martin Morgan                                                                │
│ Joyce Sullivan                                                               │
│                                                                              │
│ Rung prior to the Coronation of King Charles III and Queen Camilla.          │
│                                                                              │
│ Linked event: http://localhost:8080/event.php?id=16774                       │
│ Bellboard: http://localhost:8080/view.php?id=1619100 (submitted by Chester   │
│ Edwards on Saturday, 6 May 2023)                                             │
╰──────────────────────────────────────────────────────────────────────────────╯
Try for a quick-add? [y/n] (y): 
>>> y
[User input: "True"]
🏛 Association: None
🔔 Bell type: Tower
📅 Date: Saturday, 6 May 2023
🔔 Tenor: 2120 in Eb
⏱ Duration: Unknown
🏰 Tower: Bath, Bathwick, Somerset, Blessed Virgin Mary
🔢 Changes: Unknown
Matching peal titled "General Ringing"...
📕 Title: General Ringing
📝 Details: Including Call Changes to Kings and Queens on 10
🎼 Composer: Unknown
👤 Ringer: Arnold Johnson
👤 Ringer: Ryan Elliott
👤 Ringer: Heather Sullivan
Ringer: Couldn't find ringer matching "Paul Andrews" (or aliases)
Add new ringer as "Paul" "Andrews"? [y/n] (y): 
>>> y
[User input: "True"]
👤 Ringer: Paul Andrews
Ringer: Couldn't find ringer matching "Caroline Sullivan" (or aliases)
Add new ringer as "Caroline" "Sullivan"? [y/n] (y): 
>>> 
[User input: "True"]
👤 Ringer: Caroline Sullivan
Ringer: Couldn't find ringer matching "Grace Perry" (or aliases)
Add new ringer as "Grace" "Perry"? [y/n] (y): 
>>> 
[User input: "True"]
👤 Ringer: Grace Perry
👤 Ringer: Chester Edwards
Ringer: Couldn't find ringer matching "Kate Miller" (or aliases)
Add new ringer as "Kate" "Miller"? [y/n] (y): 
>>> y
[User input: "True"]
👤 Ringer: Kate Miller
Ringer: Couldn't find ringer matching "Belinda Thompson" (or aliases)
Add new ringer as "Belinda" "Thompson"? [y/n] (y): 
>>> 
[User input: "True"]
👤 Ringer: Belinda Thompson
Ringer: Couldn't find ringer matching "Fenton Hawkins" (or aliases)
Add new ringer as "Fenton" "Hawkins"? [y/n] (y): 
>>> 
[User input: "True"]
👤 Ringer: Fenton Hawkins
Ringer: Couldn't find ringer matching "Olivia West" (or aliases)
Add new ringer as "Olivia" "West"? [y/n] (y): 
>>> y
[User input: "True"]
👤 Ringer: Olivia West
Ringer: Couldn't find ringer matching "Kirsten Richards" (or aliases)
Add new ringer as "Kirsten" "Richards"? [y/n] (y): 
>>> 
[User input: "True"]
👤 Ringer: Kirsten Richards
Ringer: Couldn't find ringer matching "Martin Morgan" (or aliases)
Add new ringer as "Martin" "Morgan"? [y/n] (y): Please enter Y or N
Add new ringer as "Martin" "Morgan"? [y/n] (y): Please enter Y or N
Add new ringer as "Martin" "Morgan"? [y/n] (y): Please enter Y or N
Add new ringer as "Martin" "Morgan"? [y/n] (y): Please enter Y or N
Add new ringer as "Martin" "Morgan"? [y/n] (y): Please enter Y or N
Add new ringer as "Martin" "Morgan"? [y/n] (y): 
>>> 4
[User input: "True"]
👤 Ringer: Martin Morgan
👤 Ringer: Joyce Sullivan
📝 Footnotes:
  - Rung prior to the Coronation of King Charles III and Queen Camilla.
🔗 Event link: http://localhost:8080/event.php?id=16774
📷 Photo link: None
📮 Submitted by: Chester Edwards on Saturday, 6 May 2023
🔕 Muffles: None
╭──────────────────────────── Confirm performance ─────────────────────────────╮
│ Bath, Somerset, England                                                      │
│ Blessed Virgin Mary, Bathwick                                                │
│ On Saturday, 6 May 2023                                                      │
│ General Ringing                                                              │
│ Including Call Changes to Kings and Queens on 10                             │
│                                                                              │
│ Arnold Johnson                                                               │
│ Ryan Elliott                                                                 │
│ Heather Sullivan                                                             │
│ Paul Andrews                                                                 │
│ Caroline Sullivan                                                            │
│ Grace Perry                                                                  │
│ Chester Edwards                                                              │
│ Kate Miller                                                                  │
│ Belinda Thompson                                                             │
│ Fenton Hawkins                                                               │
│ Olivia West                                                                  │
│ Kirsten Richards                                                             │
│ Martin Morgan                                                                │
│ Joyce Sullivan                                                               │
│                                                                              │
│ Rung prior to the Coronation of King Charles III and Queen Camilla.          │
│                                                                              │
│ [BellBoard: http://localhost:8080/view.php?id=1619100 (Chester Edwards,      │
│ Saturday, 6 May 2023)]                                                       │
│ [Event URL: http://localhost:8080/event.php?id=16774]                        │
╰──────────────────────────────────────────────────────────────────────────────╯
Save this peal?
Is this correct? [y/n] (y): Please enter Y or N
Is this correct? [y/n] (y): 
>>> 1
[User input: "True"]
Peal (ID 2) added
pypeal Database
 General Ringing count: 1                             Last updated: [Timestamp] 
 Peal count: 1                                                                  
┌──────────────────────────────────────────────────────────────────────────────┐
│ 1) BellBoard search                                                          │
│ 2) Add peal by ID/URL                                                        │
│ 3) Add peal manually                                                         │
│ 4) View statistics                                                           │
│ 5) Generate reports                                                          │
│ 6) View peal                                                                 │
│ 7) Delete peal                                                               │
│ 8) Update static data                                                        │
├──────────────────────────────────────────────────────────────────────────────┤
│ x) Exit                                                                      │
└──────────────────────────────────────────────────────────────────────────────┘
Select option (1): 
>>> 1
[User input: "3"]
Try for a quick-add? [y/n] (y): 
>>> 1
[User input: "True"]
Association: 
>>> 1
[User input: "4"]
No associations match "4"
1) Search alternatives, 2) Add new association, 3) Remove association
Select option (1): 
>>> 
[User input: "1"]
Enter search criteria:
Name (4): 
>>> 2
[User input: "x"]
2 associations match "x"
1) Middlesex County Association and London Diocesan Guild, 2) Oxford Diocesan Guild
Select option (x = None): 
>>> 
[User input: "Oxford Diocesan Guild"]
Matched "4" to association: Oxford Diocesan Guild (ID: -274)
Is this correct? [y/n] (y): Please enter Y or N
Is this correct? [y/n] (y): 
>>> 3
[User input: "True"]
🏛 Association: Oxford Diocesan Guild
Bell type: 1) Tower, 2) Handbells
Select option (1): 
>>> 
[User input: "Handbells"]
🔔 Bell type: Handbells
Date (yyyy/mm/dd) ([Today]): 
>>> 4
[User input: "[Today]"]
╭──────────────────────────────────────────────────────────────────────────────╮
│ Error: Invalid date - please enter in format yyyy/mm/dd                      │
╰──────────────────────────────────────────────────────────────────────────────╯
Date (yyyy/mm/dd) ([Today]): 
>>> 
[User input: "3"]
📅 Date: Monday, 26 February 2024
"None" looks like a dedication
Are you sure? [y/n] (y): 
>>> x
[User input: "True"]
Number of changes: 
>>> 2
[User input: "4"]
🔢 Changes: 4
Title: Title: 
>>> 1
[User input: "x"]
Matching peal titled "x"...
📕 Title: x
Add ringer 1:
Ringer name: 
>>> 
[User input: "3"]
Ringer: Couldn't find ringer matching "3" (or aliases)
Add new ringer as "3"? [y/n] (y): Please enter Y or N
Add new ringer as "3"? [y/n] (y): 
>>> 2
[User input: "True"]
👤 Ringer: 3
Add another ringer? [y/n] (n): Please enter Y or N
Add another ringer? [y/n] (n): 
>>> 
[User input: "False"]
Footnote: 
>>> 3
[User input: "3"]
Footnote: 
>>> 
[User input: "None"]
🔕 Muffles: None
╭──────────────────────────── Confirm performance ─────────────────────────────╮
│ Oxford Diocesan Guild                                                        │
│ On Monday, 26 February 2024                                                  │
│ A Touch of 4 x                                                               │
│                                                                              │
│ 3                                                                            │
│                                                                              │
│ 3.                                                                           │
╰──────────────────────────────────────────────────────────────────────────────╯
Save this peal?
Is this correct? [y/n] (y): Please enter Y or N
Is this correct? [y/n] (y): 
>>> 4
[User input: "True"]
Peal (ID 3) added
pypeal Database
 General Ringing count: 1                             Last updated: [Timestamp] 
 Touch count: 1                                                                 
 Peal count: 1                                                                  
┌──────────────────────────────────────────────────────────────────────────────┐
│ 1) BellBoard search                                                          │
│ 2) Add peal by ID/URL                                                        │
│ 3) Add peal manually                                                         │
│ 4) View statistics                                                           │
│ 5) Generate reports                                                          │
│ 6) View peal                                                                 │
│ 7) Delete peal                                                               │
│ 8) Update static data                                                        │
├──────────────────────────────────────────────────────────────────────────────┤
│ x) Exit                                                                      │
└──────────────────────────────────────────────────────────────────────────────┘
Select option (1): 
>>> 
[User input: "None"]

>>> x
>>> 3
>>> 1
>>> 
>>> 2
>>> 
>>> 3
>>> 
>>> 4
>>> 
>>> x
>>> x
>>> x
>>> x
===
Oxford Diocesan Guild
On Monday, 26 February 2024
A Touch of 4 x 

3

3.

[Database ID: 3]