
===
Polling for new peals...
pypeal Database
 General Ringing count: 1                             Last updated: [Timestamp] 
 Touch count: 1                                                                 
 Peal count: 1                                                                  
┌──────────────────────────────────────────────────────────────────────────────┐
│ 1) BellBoard search                                                          │
│ 2) Add peal by ID/URL                                                        │
│ 3) Add peal manually                                                         │
│ 4) View statistics                                                           │
│ 5) Generate reports                                                          │
│ 6) View peal                                                                 │
│ 7) Delete peal                                                               │
│ 8) Update static data                                                        │
├──────────────────────────────────────────────────────────────────────────────┤
│ x) Exit                                                                      │
└──────────────────────────────────────────────────────────────────────────────┘
Select option (1): 
>>> 2
[User input: "2"]
Bellboard URL or peal ID: 
>>> 1668297
[User input: "1668297"]
╭───────────────── http://localhost:8080/view.php?id=1668297 ──────────────────╮
│ Blessed Virgin Mary, Bathwick, Bath, Somerset                                │
│ 1260 Grandsire Doubles                                                       │
│ Sunday, 12 November 2023 (18–3–20 in E♭) in 49m                              │
│                                                                              │
│ 1: Ryan Elliott                                                              │
│ 2: Leonardo Bennett                                                          │
│ 3: Heather Sullivan                                                          │
│ 4: Blake Elliott                                                             │
│ 5: Chester Edwards (c)                                                       │
│ 6: Lenny Howard                                                              │
│                                                                              │
│ Rung half muffled on the back six for Remembrance Day.                       │
│                                                                              │
│ Bellboard: http://localhost:8080/view.php?id=1668297 (submitted by Chester   │
│ Edwards on Sunday, 12 November 2023)                                         │
╰──────────────────────────────────────────────────────────────────────────────╯
Try for a quick-add? [y/n] (y): 
>>> y
[User input: "True"]
🏛 Association: None
🔔 Bell type: Tower
📅 Date: Sunday, 12 November 2023
🔔 Tenor: 2120 in Eb
⏱ Duration: 49 mins
🏰 Tower: Bath, Bathwick, Somerset, Blessed Virgin Mary
🔢 Changes: 1260
Matching peal titled "Grandsire Doubles"...
📕 Title: Grandsire Doubles
🎼 Composer: Unknown
First bell number(s) in the tower (1): 
>>> 
[User input: "1"]
╭──────────────────────────────────────────────────────────────────────────────╮
│ Error: Bell number (1) exceeds number of bells in the tower                  │
╰──────────────────────────────────────────────────────────────────────────────╯
First bell number(s) in the tower (1): 
>>> n
[User input: "n"]
╭──────────────────────────────────────────────────────────────────────────────╮
│ Error: Unable to parse bell numbers: n                                       │
╰──────────────────────────────────────────────────────────────────────────────╯
First bell number(s) in the tower (1): 
>>> y
[User input: "y"]
╭──────────────────────────────────────────────────────────────────────────────╮
│ Error: Unable to parse bell numbers: y                                       │
╰──────────────────────────────────────────────────────────────────────────────╯
First bell number(s) in the tower (1): 
>>> 
[User input: "1"]
╭──────────────────────────────────────────────────────────────────────────────╮
│ Error: Bell number (1) exceeds number of bells in the tower                  │
╰──────────────────────────────────────────────────────────────────────────────╯
First bell number(s) in the tower (1): 
>>> 
[User input: "1"]
╭──────────────────────────────────────────────────────────────────────────────╮
│ Error: Bell number (1) exceeds number of bells in the tower                  │
╰──────────────────────────────────────────────────────────────────────────────╯
First bell number(s) in the tower (1): 
>>> 
[User input: "1"]
╭──────────────────────────────────────────────────────────────────────────────╮
│ Error: Bell number (1) exceeds number of bells in the tower                  │
╰──────────────────────────────────────────────────────────────────────────────╯
First bell number(s) in the tower (1): 
>>> 
[User input: "1"]
╭──────────────────────────────────────────────────────────────────────────────╮
│ Error: Bell number (1) exceeds number of bells in the tower                  │
╰──────────────────────────────────────────────────────────────────────────────╯
First bell number(s) in the tower (1): 
>>> 
[User input: "1"]
╭──────────────────────────────────────────────────────────────────────────────╮
│ Error: Bell number (1) exceeds number of bells in the tower                  │
╰──────────────────────────────────────────────────────────────────────────────╯
First bell number(s) in the tower (1): 
>>> 
[User input: "1"]
╭──────────────────────────────────────────────────────────────────────────────╮
│ Error: Bell number (1) exceeds number of bells in the tower                  │
╰──────────────────────────────────────────────────────────────────────────────╯
First bell number(s) in the tower (1): 
>>> 
[User input: "1"]
╭──────────────────────────────────────────────────────────────────────────────╮
│ Error: Bell number (1) exceeds number of bells in the tower                  │
╰──────────────────────────────────────────────────────────────────────────────╯
First bell number(s) in the tower (1): 
>>> 
[User input: "1"]
╭──────────────────────────────────────────────────────────────────────────────╮
│ Error: Bell number (1) exceeds number of bells in the tower                  │
╰──────────────────────────────────────────────────────────────────────────────╯
First bell number(s) in the tower (1): 
>>> 
[User input: "1"]
╭──────────────────────────────────────────────────────────────────────────────╮
│ Error: Bell number (1) exceeds number of bells in the tower                  │
╰──────────────────────────────────────────────────────────────────────────────╯
First bell number(s) in the tower (1): 
>>> 
[User input: "1"]
╭──────────────────────────────────────────────────────────────────────────────╮
│ Error: Bell number (1) exceeds number of bells in the tower                  │
╰──────────────────────────────────────────────────────────────────────────────╯
First bell number(s) in the tower (1): 
>>> 
[User input: "1"]
╭──────────────────────────────────────────────────────────────────────────────╮
│ Error: Bell number (1) exceeds number of bells in the tower                  │
╰──────────────────────────────────────────────────────────────────────────────╯
First bell number(s) in the tower (1): 
>>> 
[User input: "1"]
╭──────────────────────────────────────────────────────────────────────────────╮
│ Error: Bell number (1) exceeds number of bells in the tower                  │
╰──────────────────────────────────────────────────────────────────────────────╯
First bell number(s) in the tower (1): 
>>> 
[User input: "1"]
╭──────────────────────────────────────────────────────────────────────────────╮
│ Error: Bell number (1) exceeds number of bells in the tower                  │
╰──────────────────────────────────────────────────────────────────────────────╯
First bell number(s) in the tower (1): 
>>> 
[User input: "1"]
╭──────────────────────────────────────────────────────────────────────────────╮
│ Error: Bell number (1) exceeds number of bells in the tower                  │
╰──────────────────────────────────────────────────────────────────────────────╯
First bell number(s) in the tower (1): 
>>> 1
[User input: "1"]
╭──────────────────────────────────────────────────────────────────────────────╮
│ Error: Bell number (1) exceeds number of bells in the tower                  │
╰──────────────────────────────────────────────────────────────────────────────╯
First bell number(s) in the tower (1): 
>>> 
[User input: "1"]
╭──────────────────────────────────────────────────────────────────────────────╮
│ Error: Bell number (1) exceeds number of bells in the tower                  │
╰──────────────────────────────────────────────────────────────────────────────╯
First bell number(s) in the tower (1): 
>>> 
[User input: "1"]
╭──────────────────────────────────────────────────────────────────────────────╮
│ Error: Bell number (1) exceeds number of bells in the tower                  │
╰──────────────────────────────────────────────────────────────────────────────╯
First bell number(s) in the tower (1): 
>>> 
[User input: "1"]
╭──────────────────────────────────────────────────────────────────────────────╮
│ Error: Bell number (1) exceeds number of bells in the tower                  │
╰──────────────────────────────────────────────────────────────────────────────╯
First bell number(s) in the tower (1): 
>>> 
[User input: "1"]
╭──────────────────────────────────────────────────────────────────────────────╮
│ Error: Bell number (1) exceeds number of bells in the tower                  │
╰──────────────────────────────────────────────────────────────────────────────╯
First bell number(s) in the tower (1): 
>>> 
[User input: "1"]
╭──────────────────────────────────────────────────────────────────────────────╮
│ Error: Bell number (1) exceeds number of bells in the tower                  │
╰──────────────────────────────────────────────────────────────────────────────╯
First bell number(s) in the tower (1): 
>>> 
[User input: "1"]
╭──────────────────────────────────────────────────────────────────────────────╮
│ Error: Bell number (1) exceeds number of bells in the tower                  │
╰──────────────────────────────────────────────────────────────────────────────╯
First bell number(s) in the tower (1): 
>>> 
[User input: "1"]
╭──────────────────────────────────────────────────────────────────────────────╮
│ Error: Bell number (1) exceeds number of bells in the tower                  │
╰──────────────────────────────────────────────────────────────────────────────╯
First bell number(s) in the tower (1): 
>>> 
[User input: "1"]
╭──────────────────────────────────────────────────────────────────────────────╮
│ Error: Bell number (1) exceeds number of bells in the tower                  │
╰──────────────────────────────────────────────────────────────────────────────╯
First bell number(s) in the tower (1): 
>>> 
[User input: "1"]
╭──────────────────────────────────────────────────────────────────────────────╮
│ Error: Bell number (1) exceeds number of bells in the tower                  │
╰──────────────────────────────────────────────────────────────────────────────╯
First bell number(s) in the tower (1): 
>>> 
[User input: "1"]
╭──────────────────────────────────────────────────────────────────────────────╮
│ Error: Bell number (1) exceeds number of bells in the tower                  │
╰──────────────────────────────────────────────────────────────────────────────╯
First bell number(s) in the tower (1): 
>>> 
[User input: "1"]
╭──────────────────────────────────────────────────────────────────────────────╮
│ Error: Bell number (1) exceeds number of bells in the tower                  │
╰──────────────────────────────────────────────────────────────────────────────╯
First bell number(s) in the tower (1): 
>>> 10
[User input: "10"]
╭──────────────────────────────────────────────────────────────────────────────╮
│ Error: Bell number (10) exceeds number of bells in the tower                 │
╰──────────────────────────────────────────────────────────────────────────────╯
First bell number(s) in the tower (1): 
>>> y
[User input: "y"]
╭──────────────────────────────────────────────────────────────────────────────╮
│ Error: Unable to parse bell numbers: y                                       │
╰──────────────────────────────────────────────────────────────────────────────╯
First bell number(s) in the tower (1): 
>>> 4
[User input: "4"]
╭──────────────────────────────────────────────────────────────────────────────╮
│ Error: Bell number (4) exceeds number of bells in the tower                  │
╰──────────────────────────────────────────────────────────────────────────────╯
First bell number(s) in the tower (1): 
>>> 1
[User input: "1"]
╭──────────────────────────────────────────────────────────────────────────────╮
│ Error: Bell number (1) exceeds number of bells in the tower                  │
╰──────────────────────────────────────────────────────────────────────────────╯
First bell number(s) in the tower (1): 
>>> 1
[User input: "1"]
╭──────────────────────────────────────────────────────────────────────────────╮
│ Error: Bell number (1) exceeds number of bells in the tower                  │
╰──────────────────────────────────────────────────────────────────────────────╯
First bell number(s) in the tower (1): 
>>> 1
[User input: "1"]
╭──────────────────────────────────────────────────────────────────────────────╮
│ Error: Bell number (1) exceeds number of bells in the tower                  │
╰──────────────────────────────────────────────────────────────────────────────╯
First bell number(s) in the tower (1): 
>>> 1
[User input: "1"]
╭──────────────────────────────────────────────────────────────────────────────╮
│ Error: Bell number (1) exceeds number of bells in the tower                  │
╰──────────────────────────────────────────────────────────────────────────────╯
First bell number(s) in the tower (1): 
>>> 
[User input: "1"]
╭──────────────────────────────────────────────────────────────────────────────╮
│ Error: Bell number (1) exceeds number of bells in the tower                  │
╰──────────────────────────────────────────────────────────────────────────────╯
First bell number(s) in the tower (1): 
>>> 2
[User input: "2"]
╭──────────────────────────────────────────────────────────────────────────────╮
│ Error: Bell number (2) exceeds number of bells in the tower                  │
╰──────────────────────────────────────────────────────────────────────────────╯
First bell number(s) in the tower (1): 
>>> 
[User input: "1"]
╭──────────────────────────────────────────────────────────────────────────────╮
│ Error: Bell number (1) exceeds number of bells in the tower                  │
╰──────────────────────────────────────────────────────────────────────────────╯
First bell number(s) in the tower (1): 
>>> 3
[User input: "3"]
╭──────────────────────────────────────────────────────────────────────────────╮
│ Error: Bell number (3) exceeds number of bells in the tower                  │
╰──────────────────────────────────────────────────────────────────────────────╯
First bell number(s) in the tower (1): 
>>> 
[User input: "1"]
╭──────────────────────────────────────────────────────────────────────────────╮
│ Error: Bell number (1) exceeds number of bells in the tower                  │
╰──────────────────────────────────────────────────────────────────────────────╯
First bell number(s) in the tower (1): 
>>> 4
[User input: "4"]
╭──────────────────────────────────────────────────────────────────────────────╮
│ Error: Bell number (4) exceeds number of bells in the tower                  │
╰──────────────────────────────────────────────────────────────────────────────╯
First bell number(s) in the tower (1): 
>>> 
[User input: "1"]
╭──────────────────────────────────────────────────────────────────────────────╮
│ Error: Bell number (1) exceeds number of bells in the tower                  │
╰──────────────────────────────────────────────────────────────────────────────╯
First bell number(s) in the tower (1): 
>>> x
[User input: "x"]
╭──────────────────────────────────────────────────────────────────────────────╮
│ Error: Unable to parse bell numbers: x                                       │
╰──────────────────────────────────────────────────────────────────────────────╯
First bell number(s) in the tower (1): 
>>> 2
[User input: "2"]
╭──────────────────────────────────────────────────────────────────────────────╮
│ Error: Bell number (2) exceeds number of bells in the tower                  │
╰──────────────────────────────────────────────────────────────────────────────╯
First bell number(s) in the tower (1): 
>>> 1
[User input: "1"]
╭──────────────────────────────────────────────────────────────────────────────╮
│ Error: Bell number (1) exceeds number of bells in the tower                  │
╰──────────────────────────────────────────────────────────────────────────────╯
First bell number(s) in the tower (1): 
>>> 
[User input: "1"]
╭──────────────────────────────────────────────────────────────────────────────╮
│ Error: Bell number (1) exceeds number of bells in the tower                  │
╰──────────────────────────────────────────────────────────────────────────────╯
First bell number(s) in the tower (1): 
>>> 2
[User input: "2"]
╭──────────────────────────────────────────────────────────────────────────────╮
│ Error: Bell number (2) exceeds number of bells in the tower                  │
╰──────────────────────────────────────────────────────────────────────────────╯
First bell number(s) in the tower (1): 
>>> 
[User input: "1"]
╭──────────────────────────────────────────────────────────────────────────────╮
│ Error: Bell number (1) exceeds number of bells in the tower                  │
╰──────────────────────────────────────────────────────────────────────────────╯
First bell number(s) in the tower (1): 
>>> 3
[User input: "3"]
╭──────────────────────────────────────────────────────────────────────────────╮
│ Error: Bell number (3) exceeds number of bells in the tower                  │
╰──────────────────────────────────────────────────────────────────────────────╯
First bell number(s) in the tower (1): 
>>> 
[User input: "1"]
╭──────────────────────────────────────────────────────────────────────────────╮
│ Error: Bell number (1) exceeds number of bells in the tower                  │
╰──────────────────────────────────────────────────────────────────────────────╯
First bell number(s) in the tower (1): 
>>> 4
[User input: "4"]
╭──────────────────────────────────────────────────────────────────────────────╮
│ Error: Bell number (4) exceeds number of bells in the tower                  │
╰──────────────────────────────────────────────────────────────────────────────╯
First bell number(s) in the tower (1): 
>>> 
[User input: "1"]
╭──────────────────────────────────────────────────────────────────────────────╮
│ Error: Bell number (1) exceeds number of bells in the tower                  │
╰──────────────────────────────────────────────────────────────────────────────╯
First bell number(s) in the tower (1): 
>>> x
[User input: "x"]
╭──────────────────────────────────────────────────────────────────────────────╮
│ Error: Unable to parse bell numbers: x                                       │
╰──────────────────────────────────────────────────────────────────────────────╯
First bell number(s) in the tower (1): 
>>> 3
[User input: "3"]
╭──────────────────────────────────────────────────────────────────────────────╮
│ Error: Bell number (3) exceeds number of bells in the tower                  │
╰──────────────────────────────────────────────────────────────────────────────╯
First bell number(s) in the tower (1): 
>>> 1
[User input: "1"]
╭──────────────────────────────────────────────────────────────────────────────╮
│ Error: Bell number (1) exceeds number of bells in the tower                  │
╰──────────────────────────────────────────────────────────────────────────────╯
First bell number(s) in the tower (1): 
>>> 
[User input: "1"]
╭──────────────────────────────────────────────────────────────────────────────╮
│ Error: Bell number (1) exceeds number of bells in the tower                  │
╰──────────────────────────────────────────────────────────────────────────────╯
First bell number(s) in the tower (1): 
>>> 2
[User input: "2"]
╭──────────────────────────────────────────────────────────────────────────────╮
│ Error: Bell number (2) exceeds number of bells in the tower                  │
╰──────────────────────────────────────────────────────────────────────────────╯
First bell number(s) in the tower (1): 
>>> 
[User input: "1"]
╭──────────────────────────────────────────────────────────────────────────────╮
│ Error: Bell number (1) exceeds number of bells in the tower                  │
╰──────────────────────────────────────────────────────────────────────────────╯
First bell number(s) in the tower (1): 
>>> 3
[User input: "3"]
╭──────────────────────────────────────────────────────────────────────────────╮
│ Error: Bell number (3) exceeds number of bells in the tower                  │
╰──────────────────────────────────────────────────────────────────────────────╯
First bell number(s) in the tower (1): 
>>> 
[User input: "1"]
╭──────────────────────────────────────────────────────────────────────────────╮
│ Error: Bell number (1) exceeds number of bells in the tower                  │
╰──────────────────────────────────────────────────────────────────────────────╯
First bell number(s) in the tower (1): 
>>> 4
[User input: "4"]
╭──────────────────────────────────────────────────────────────────────────────╮
│ Error: Bell number (4) exceeds number of bells in the tower                  │
╰──────────────────────────────────────────────────────────────────────────────╯
First bell number(s) in the tower (1): 
>>> 
[User input: "1"]
╭──────────────────────────────────────────────────────────────────────────────╮
│ Error: Bell number (1) exceeds number of bells in the tower                  │
╰──────────────────────────────────────────────────────────────────────────────╯
First bell number(s) in the tower (1): 
>>> x
[User input: "x"]
╭──────────────────────────────────────────────────────────────────────────────╮
│ Error: Unable to parse bell numbers: x                                       │
╰──────────────────────────────────────────────────────────────────────────────╯
First bell number(s) in the tower (1): 
>>> x
[User input: "x"]
╭──────────────────────────────────────────────────────────────────────────────╮
│ Error: Unable to parse bell numbers: x                                       │
╰──────────────────────────────────────────────────────────────────────────────╯
First bell number(s) in the tower (1): 
>>> x
[User input: "x"]
╭──────────────────────────────────────────────────────────────────────────────╮
│ Error: Unable to parse bell numbers: x                                       │
╰──────────────────────────────────────────────────────────────────────────────╯
First bell number(s) in the tower (1): 
>>> x
[User input: "x"]
╭──────────────────────────────────────────────────────────────────────────────╮
│ Error: Unable to parse bell numbers: x                                       │
╰──────────────────────────────────────────────────────────────────────────────╯
First bell number(s) in the tower (1): 
Aborted.
===
None