
===
Polling for new peals...
pypeal Database
 General Ringing count: 1                             Last updated: [Timestamp] 
 Touch count: 1                                                                 
 Peal count: 1                                                                  
┌──────────────────────────────────────────────────────────────────────────────┐
│ 1) BellBoard search                                                          │
│ 2) Add peal by ID/URL                                                        │
│ 3) Add peal manually                                                         │
│ 4) View statistics                                                           │
│ 5) Generate reports                                                          │
│ 6) View peal                                                                 │
│ 7) Delete peal                                                               │
│ 8) Update static data                                                        │
├──────────────────────────────────────────────────────────────────────────────┤
│ x) Exit                                                                      │
└──────────────────────────────────────────────────────────────────────────────┘
Select option (1): 
>>> 2
[User input: "2"]
Bellboard URL or peal ID: 
>>> 1272466
[User input: "1272466"]
╭───────────────── http://localhost:8080/view.php?id=1272466 ──────────────────╮
│ Blessed Virgin Mary, Bathwick, Bath, Somerset                                │
│ 1260 Grandsire Triples                                                       │
│ Composer: Camila Chapman                                                     │
│ Sunday, 17 February 2019 (18–3–20 in E♭) in 46m                              │
│                                                                              │
│ 1: Lenny Howard                                                              │
│ 2: Chester Edwards                                                           │
│ 3: Paul Armstrong                                                            │
│ 4: Arnold Johnson                                                            │
│ 5: Daryl Mason                                                               │
│ 6: Melissa Baker                                                             │
│ 7: Joyce Sullivan (c)                                                        │
│ 8: Leonardo Bennett                                                          │
│                                                                              │
│ Rung for Morning Service.                                                    │
│ And in memory of the composer: Sergeant Albert Percy Wakley, Labour Corps    │
│ and 6th North Staffordshire Regiment, a ringer at St Paul's,                 │
│ Burton-on-Trent, who died on the 18th February 1919, aged 29.                │
│ https://opusculum.wordpress.com/2019/02/18/private-albert-percy-wakley-north │
│ -staffordshire-regiment/                                                     │
│                                                                              │
│ Bellboard: http://localhost:8080/view.php?id=1272466 (submitted by Joyce     │
│ Sullivan on Sunday, 17 February 2019)                                        │
│ Photo: http://localhost:8080/uploads/57/002a57.jpg                           │
╰──────────────────────────────────────────────────────────────────────────────╯
Try for a quick-add? [y/n] (y): 
>>> 
[User input: "True"]
🏛 Association: None
🔔 Bell type: Tower
📅 Date: Sunday, 17 February 2019
🔔 Tenor: 2120 in Eb
⏱ Duration: 46 mins
🏰 Tower: Bath, Bathwick, Somerset, Blessed Virgin Mary
🔢 Changes: 1260
Matching peal titled "Grandsire Triples"...
📕 Title: Grandsire Triples
No composer found matching "Camila Chapman" exactly
Add as composition note? [y/n] (y): 
>>> y
[User input: "True"]
🎼 Composer: Unknown
🎼 Composition: Camila Chapman
First bell number(s) in the tower (1): 
>>> 3
[User input: "3"]
╭──────────────────────────────────────────────────────────────────────────────╮
│ Error: Bell number (3) exceeds number of bells in the tower                  │
╰──────────────────────────────────────────────────────────────────────────────╯
First bell number(s) in the tower (1): 
>>> 
[User input: "1"]
╭──────────────────────────────────────────────────────────────────────────────╮
│ Error: Bell number (1) exceeds number of bells in the tower                  │
╰──────────────────────────────────────────────────────────────────────────────╯
First bell number(s) in the tower (1): 
>>> 4
[User input: "4"]
╭──────────────────────────────────────────────────────────────────────────────╮
│ Error: Bell number (4) exceeds number of bells in the tower                  │
╰──────────────────────────────────────────────────────────────────────────────╯
First bell number(s) in the tower (1): 
>>> 1
[User input: "1"]
╭──────────────────────────────────────────────────────────────────────────────╮
│ Error: Bell number (1) exceeds number of bells in the tower                  │
╰──────────────────────────────────────────────────────────────────────────────╯
First bell number(s) in the tower (1): 
>>> 1
[User input: "1"]
╭──────────────────────────────────────────────────────────────────────────────╮
│ Error: Bell number (1) exceeds number of bells in the tower                  │
╰──────────────────────────────────────────────────────────────────────────────╯
First bell number(s) in the tower (1): 
>>> 1
[User input: "1"]
╭──────────────────────────────────────────────────────────────────────────────╮
│ Error: Bell number (1) exceeds number of bells in the tower                  │
╰──────────────────────────────────────────────────────────────────────────────╯
First bell number(s) in the tower (1): 
>>> 1
[User input: "1"]
╭──────────────────────────────────────────────────────────────────────────────╮
│ Error: Bell number (1) exceeds number of bells in the tower                  │
╰──────────────────────────────────────────────────────────────────────────────╯
First bell number(s) in the tower (1): 
>>> 
[User input: "1"]
╭──────────────────────────────────────────────────────────────────────────────╮
│ Error: Bell number (1) exceeds number of bells in the tower                  │
╰──────────────────────────────────────────────────────────────────────────────╯
First bell number(s) in the tower (1): 
>>> 2
[User input: "2"]
╭──────────────────────────────────────────────────────────────────────────────╮
│ Error: Bell number (2) exceeds number of bells in the tower                  │
╰──────────────────────────────────────────────────────────────────────────────╯
First bell number(s) in the tower (1): 
>>> 
[User input: "1"]
╭──────────────────────────────────────────────────────────────────────────────╮
│ Error: Bell number (1) exceeds number of bells in the tower                  │
╰──────────────────────────────────────────────────────────────────────────────╯
First bell number(s) in the tower (1): 
>>> 3
[User input: "3"]
╭──────────────────────────────────────────────────────────────────────────────╮
│ Error: Bell number (3) exceeds number of bells in the tower                  │
╰──────────────────────────────────────────────────────────────────────────────╯
First bell number(s) in the tower (1): 
>>> 
[User input: "1"]
╭──────────────────────────────────────────────────────────────────────────────╮
│ Error: Bell number (1) exceeds number of bells in the tower                  │
╰──────────────────────────────────────────────────────────────────────────────╯
First bell number(s) in the tower (1): 
>>> 4
[User input: "4"]
╭──────────────────────────────────────────────────────────────────────────────╮
│ Error: Bell number (4) exceeds number of bells in the tower                  │
╰──────────────────────────────────────────────────────────────────────────────╯
First bell number(s) in the tower (1): 
>>> 
[User input: "1"]
╭──────────────────────────────────────────────────────────────────────────────╮
│ Error: Bell number (1) exceeds number of bells in the tower                  │
╰──────────────────────────────────────────────────────────────────────────────╯
First bell number(s) in the tower (1): 
>>> x
[User input: "x"]
╭──────────────────────────────────────────────────────────────────────────────╮
│ Error: Unable to parse bell numbers: x                                       │
╰──────────────────────────────────────────────────────────────────────────────╯
First bell number(s) in the tower (1): 
>>> 2
[User input: "2"]
╭──────────────────────────────────────────────────────────────────────────────╮
│ Error: Bell number (2) exceeds number of bells in the tower                  │
╰──────────────────────────────────────────────────────────────────────────────╯
First bell number(s) in the tower (1): 
>>> 1
[User input: "1"]
╭──────────────────────────────────────────────────────────────────────────────╮
│ Error: Bell number (1) exceeds number of bells in the tower                  │
╰──────────────────────────────────────────────────────────────────────────────╯
First bell number(s) in the tower (1): 
>>> 
[User input: "1"]
╭──────────────────────────────────────────────────────────────────────────────╮
│ Error: Bell number (1) exceeds number of bells in the tower                  │
╰──────────────────────────────────────────────────────────────────────────────╯
First bell number(s) in the tower (1): 
>>> 2
[User input: "2"]
╭──────────────────────────────────────────────────────────────────────────────╮
│ Error: Bell number (2) exceeds number of bells in the tower                  │
╰──────────────────────────────────────────────────────────────────────────────╯
First bell number(s) in the tower (1): 
>>> 
[User input: "1"]
╭──────────────────────────────────────────────────────────────────────────────╮
│ Error: Bell number (1) exceeds number of bells in the tower                  │
╰──────────────────────────────────────────────────────────────────────────────╯
First bell number(s) in the tower (1): 
>>> 3
[User input: "3"]
╭──────────────────────────────────────────────────────────────────────────────╮
│ Error: Bell number (3) exceeds number of bells in the tower                  │
╰──────────────────────────────────────────────────────────────────────────────╯
First bell number(s) in the tower (1): 
>>> 
[User input: "1"]
╭──────────────────────────────────────────────────────────────────────────────╮
│ Error: Bell number (1) exceeds number of bells in the tower                  │
╰──────────────────────────────────────────────────────────────────────────────╯
First bell number(s) in the tower (1): 
>>> 4
[User input: "4"]
╭──────────────────────────────────────────────────────────────────────────────╮
│ Error: Bell number (4) exceeds number of bells in the tower                  │
╰──────────────────────────────────────────────────────────────────────────────╯
First bell number(s) in the tower (1): 
>>> 
[User input: "1"]
╭──────────────────────────────────────────────────────────────────────────────╮
│ Error: Bell number (1) exceeds number of bells in the tower                  │
╰──────────────────────────────────────────────────────────────────────────────╯
First bell number(s) in the tower (1): 
>>> x
[User input: "x"]
╭──────────────────────────────────────────────────────────────────────────────╮
│ Error: Unable to parse bell numbers: x                                       │
╰──────────────────────────────────────────────────────────────────────────────╯
First bell number(s) in the tower (1): 
>>> 3
[User input: "3"]
╭──────────────────────────────────────────────────────────────────────────────╮
│ Error: Bell number (3) exceeds number of bells in the tower                  │
╰──────────────────────────────────────────────────────────────────────────────╯
First bell number(s) in the tower (1): 
>>> 1
[User input: "1"]
╭──────────────────────────────────────────────────────────────────────────────╮
│ Error: Bell number (1) exceeds number of bells in the tower                  │
╰──────────────────────────────────────────────────────────────────────────────╯
First bell number(s) in the tower (1): 
>>> 
[User input: "1"]
╭──────────────────────────────────────────────────────────────────────────────╮
│ Error: Bell number (1) exceeds number of bells in the tower                  │
╰──────────────────────────────────────────────────────────────────────────────╯
First bell number(s) in the tower (1): 
>>> 2
[User input: "2"]
╭──────────────────────────────────────────────────────────────────────────────╮
│ Error: Bell number (2) exceeds number of bells in the tower                  │
╰──────────────────────────────────────────────────────────────────────────────╯
First bell number(s) in the tower (1): 
>>> 
[User input: "1"]
╭──────────────────────────────────────────────────────────────────────────────╮
│ Error: Bell number (1) exceeds number of bells in the tower                  │
╰──────────────────────────────────────────────────────────────────────────────╯
First bell number(s) in the tower (1): 
>>> 3
[User input: "3"]
╭──────────────────────────────────────────────────────────────────────────────╮
│ Error: Bell number (3) exceeds number of bells in the tower                  │
╰──────────────────────────────────────────────────────────────────────────────╯
First bell number(s) in the tower (1): 
>>> 
[User input: "1"]
╭──────────────────────────────────────────────────────────────────────────────╮
│ Error: Bell number (1) exceeds number of bells in the tower                  │
╰──────────────────────────────────────────────────────────────────────────────╯
First bell number(s) in the tower (1): 
>>> 4
[User input: "4"]
╭──────────────────────────────────────────────────────────────────────────────╮
│ Error: Bell number (4) exceeds number of bells in the tower                  │
╰──────────────────────────────────────────────────────────────────────────────╯
First bell number(s) in the tower (1): 
>>> 
[User input: "1"]
╭──────────────────────────────────────────────────────────────────────────────╮
│ Error: Bell number (1) exceeds number of bells in the tower                  │
╰──────────────────────────────────────────────────────────────────────────────╯
First bell number(s) in the tower (1): 
>>> x
[User input: "x"]
╭──────────────────────────────────────────────────────────────────────────────╮
│ Error: Unable to parse bell numbers: x                                       │
╰──────────────────────────────────────────────────────────────────────────────╯
First bell number(s) in the tower (1): 
>>> x
[User input: "x"]
╭──────────────────────────────────────────────────────────────────────────────╮
│ Error: Unable to parse bell numbers: x                                       │
╰──────────────────────────────────────────────────────────────────────────────╯
First bell number(s) in the tower (1): 
>>> x
[User input: "x"]
╭──────────────────────────────────────────────────────────────────────────────╮
│ Error: Unable to parse bell numbers: x                                       │
╰──────────────────────────────────────────────────────────────────────────────╯
First bell number(s) in the tower (1): 
>>> 2
[User input: "2"]
╭──────────────────────────────────────────────────────────────────────────────╮
│ Error: Bell number (2) exceeds number of bells in the tower                  │
╰──────────────────────────────────────────────────────────────────────────────╯
First bell number(s) in the tower (1): 
>>> 1272466
[User input: "1272466"]
╭──────────────────────────────────────────────────────────────────────────────╮
│ Error: Bell number (1272466) exceeds number of bells in the tower            │
╰──────────────────────────────────────────────────────────────────────────────╯
First bell number(s) in the tower (1): 
>>> y
[User input: "y"]
╭──────────────────────────────────────────────────────────────────────────────╮
│ Error: Unable to parse bell numbers: y                                       │
╰──────────────────────────────────────────────────────────────────────────────╯
First bell number(s) in the tower (1): 
>>> 
[User input: "1"]
╭──────────────────────────────────────────────────────────────────────────────╮
│ Error: Bell number (1) exceeds number of bells in the tower                  │
╰──────────────────────────────────────────────────────────────────────────────╯
First bell number(s) in the tower (1): 
>>> y
[User input: "y"]
╭──────────────────────────────────────────────────────────────────────────────╮
│ Error: Unable to parse bell numbers: y                                       │
╰──────────────────────────────────────────────────────────────────────────────╯
First bell number(s) in the tower (1): 
>>> 3
[User input: "3"]
╭──────────────────────────────────────────────────────────────────────────────╮
│ Error: Bell number (3) exceeds number of bells in the tower                  │
╰──────────────────────────────────────────────────────────────────────────────╯
First bell number(s) in the tower (1): 
>>> y
[User input: "y"]
╭──────────────────────────────────────────────────────────────────────────────╮
│ Error: Unable to parse bell numbers: y                                       │
╰──────────────────────────────────────────────────────────────────────────────╯
First bell number(s) in the tower (1): 
>>> 4
[User input: "4"]
╭──────────────────────────────────────────────────────────────────────────────╮
│ Error: Bell number (4) exceeds number of bells in the tower                  │
╰──────────────────────────────────────────────────────────────────────────────╯
First bell number(s) in the tower (1): 
>>> 1
[User input: "1"]
╭──────────────────────────────────────────────────────────────────────────────╮
│ Error: Bell number (1) exceeds number of bells in the tower                  │
╰──────────────────────────────────────────────────────────────────────────────╯
First bell number(s) in the tower (1): 
>>> 1
[User input: "1"]
╭──────────────────────────────────────────────────────────────────────────────╮
│ Error: Bell number (1) exceeds number of bells in the tower                  │
╰──────────────────────────────────────────────────────────────────────────────╯
First bell number(s) in the tower (1): 
>>> 1
[User input: "1"]
╭──────────────────────────────────────────────────────────────────────────────╮
│ Error: Bell number (1) exceeds number of bells in the tower                  │
╰──────────────────────────────────────────────────────────────────────────────╯
First bell number(s) in the tower (1): 
>>> 1
[User input: "1"]
╭──────────────────────────────────────────────────────────────────────────────╮
│ Error: Bell number (1) exceeds number of bells in the tower                  │
╰──────────────────────────────────────────────────────────────────────────────╯
First bell number(s) in the tower (1): 
>>> 
[User input: "1"]
╭──────────────────────────────────────────────────────────────────────────────╮
│ Error: Bell number (1) exceeds number of bells in the tower                  │
╰──────────────────────────────────────────────────────────────────────────────╯
First bell number(s) in the tower (1): 
>>> 2
[User input: "2"]
╭──────────────────────────────────────────────────────────────────────────────╮
│ Error: Bell number (2) exceeds number of bells in the tower                  │
╰──────────────────────────────────────────────────────────────────────────────╯
First bell number(s) in the tower (1): 
>>> 
[User input: "1"]
╭──────────────────────────────────────────────────────────────────────────────╮
│ Error: Bell number (1) exceeds number of bells in the tower                  │
╰──────────────────────────────────────────────────────────────────────────────╯
First bell number(s) in the tower (1): 
>>> 3
[User input: "3"]
╭──────────────────────────────────────────────────────────────────────────────╮
│ Error: Bell number (3) exceeds number of bells in the tower                  │
╰──────────────────────────────────────────────────────────────────────────────╯
First bell number(s) in the tower (1): 
>>> 
[User input: "1"]
╭──────────────────────────────────────────────────────────────────────────────╮
│ Error: Bell number (1) exceeds number of bells in the tower                  │
╰──────────────────────────────────────────────────────────────────────────────╯
First bell number(s) in the tower (1): 
>>> 4
[User input: "4"]
╭──────────────────────────────────────────────────────────────────────────────╮
│ Error: Bell number (4) exceeds number of bells in the tower                  │
╰──────────────────────────────────────────────────────────────────────────────╯
First bell number(s) in the tower (1): 
>>> 
[User input: "1"]
╭──────────────────────────────────────────────────────────────────────────────╮
│ Error: Bell number (1) exceeds number of bells in the tower                  │
╰──────────────────────────────────────────────────────────────────────────────╯
First bell number(s) in the tower (1): 
>>> x
[User input: "x"]
╭──────────────────────────────────────────────────────────────────────────────╮
│ Error: Unable to parse bell numbers: x                                       │
╰──────────────────────────────────────────────────────────────────────────────╯
First bell number(s) in the tower (1): 
>>> 2
[User input: "2"]
╭──────────────────────────────────────────────────────────────────────────────╮
│ Error: Bell number (2) exceeds number of bells in the tower                  │
╰──────────────────────────────────────────────────────────────────────────────╯
First bell number(s) in the tower (1): 
>>> 1
[User input: "1"]
╭──────────────────────────────────────────────────────────────────────────────╮
│ Error: Bell number (1) exceeds number of bells in the tower                  │
╰──────────────────────────────────────────────────────────────────────────────╯
First bell number(s) in the tower (1): 
>>> 
[User input: "1"]
╭──────────────────────────────────────────────────────────────────────────────╮
│ Error: Bell number (1) exceeds number of bells in the tower                  │
╰──────────────────────────────────────────────────────────────────────────────╯
First bell number(s) in the tower (1): 
>>> 2
[User input: "2"]
╭──────────────────────────────────────────────────────────────────────────────╮
│ Error: Bell number (2) exceeds number of bells in the tower                  │
╰──────────────────────────────────────────────────────────────────────────────╯
First bell number(s) in the tower (1): 
>>> 
[User input: "1"]
╭──────────────────────────────────────────────────────────────────────────────╮
│ Error: Bell number (1) exceeds number of bells in the tower                  │
╰──────────────────────────────────────────────────────────────────────────────╯
First bell number(s) in the tower (1): 
>>> 3
[User input: "3"]
╭──────────────────────────────────────────────────────────────────────────────╮
│ Error: Bell number (3) exceeds number of bells in the tower                  │
╰──────────────────────────────────────────────────────────────────────────────╯
First bell number(s) in the tower (1): 
>>> 
[User input: "1"]
╭──────────────────────────────────────────────────────────────────────────────╮
│ Error: Bell number (1) exceeds number of bells in the tower                  │
╰──────────────────────────────────────────────────────────────────────────────╯
First bell number(s) in the tower (1): 
>>> 4
[User input: "4"]
╭──────────────────────────────────────────────────────────────────────────────╮
│ Error: Bell number (4) exceeds number of bells in the tower                  │
╰──────────────────────────────────────────────────────────────────────────────╯
First bell number(s) in the tower (1): 
>>> 
[User input: "1"]
╭──────────────────────────────────────────────────────────────────────────────╮
│ Error: Bell number (1) exceeds number of bells in the tower                  │
╰──────────────────────────────────────────────────────────────────────────────╯
First bell number(s) in the tower (1): 
>>> x
[User input: "x"]
╭──────────────────────────────────────────────────────────────────────────────╮
│ Error: Unable to parse bell numbers: x                                       │
╰──────────────────────────────────────────────────────────────────────────────╯
First bell number(s) in the tower (1): 
>>> x
[User input: "x"]
╭──────────────────────────────────────────────────────────────────────────────╮
│ Error: Unable to parse bell numbers: x                                       │
╰──────────────────────────────────────────────────────────────────────────────╯
First bell number(s) in the tower (1): 
>>> x
[User input: "x"]
╭──────────────────────────────────────────────────────────────────────────────╮
│ Error: Unable to parse bell numbers: x                                       │
╰──────────────────────────────────────────────────────────────────────────────╯
First bell number(s) in the tower (1): 
>>> 7
[User input: "7"]
╭──────────────────────────────────────────────────────────────────────────────╮
│ Error: Bell number (7) exceeds number of bells in the tower                  │
╰──────────────────────────────────────────────────────────────────────────────╯
First bell number(s) in the tower (1): 
>>> 1
[User input: "1"]
╭──────────────────────────────────────────────────────────────────────────────╮
│ Error: Bell number (1) exceeds number of bells in the tower                  │
╰──────────────────────────────────────────────────────────────────────────────╯
First bell number(s) in the tower (1): 
>>> 1272466
[User input: "1272466"]
╭──────────────────────────────────────────────────────────────────────────────╮
│ Error: Bell number (1272466) exceeds number of bells in the tower            │
╰──────────────────────────────────────────────────────────────────────────────╯
First bell number(s) in the tower (1): 
>>> y
[User input: "y"]
╭──────────────────────────────────────────────────────────────────────────────╮
│ Error: Unable to parse bell numbers: y                                       │
╰──────────────────────────────────────────────────────────────────────────────╯
First bell number(s) in the tower (1): 
>>> 4
[User input: "4"]
╭──────────────────────────────────────────────────────────────────────────────╮
│ Error: Bell number (4) exceeds number of bells in the tower                  │
╰──────────────────────────────────────────────────────────────────────────────╯
First bell number(s) in the tower (1): 
>>> 1
[User input: "1"]
╭──────────────────────────────────────────────────────────────────────────────╮
│ Error: Bell number (1) exceeds number of bells in the tower                  │
╰──────────────────────────────────────────────────────────────────────────────╯
First bell number(s) in the tower (1): 
>>> 1
[User input: "1"]
╭──────────────────────────────────────────────────────────────────────────────╮
│ Error: Bell number (1) exceeds number of bells in the tower                  │
╰──────────────────────────────────────────────────────────────────────────────╯
First bell number(s) in the tower (1): 
>>> x
[User input: "x"]
╭──────────────────────────────────────────────────────────────────────────────╮
│ Error: Unable to parse bell numbers: x                                       │
╰──────────────────────────────────────────────────────────────────────────────╯
First bell number(s) in the tower (1): 
>>> x
[User input: "x"]
╭──────────────────────────────────────────────────────────────────────────────╮
│ Error: Unable to parse bell numbers: x                                       │
╰──────────────────────────────────────────────────────────────────────────────╯
First bell number(s) in the tower (1): 
>>> 2
[User input: "2"]
╭──────────────────────────────────────────────────────────────────────────────╮
│ Error: Bell number (2) exceeds number of bells in the tower                  │
╰──────────────────────────────────────────────────────────────────────────────╯
First bell number(s) in the tower (1): 
>>> 1272466
[User input: "1272466"]
╭──────────────────────────────────────────────────────────────────────────────╮
│ Error: Bell number (1272466) exceeds number of bells in the tower            │
╰──────────────────────────────────────────────────────────────────────────────╯
First bell number(s) in the tower (1): 
>>> y
[User input: "y"]
╭──────────────────────────────────────────────────────────────────────────────╮
│ Error: Unable to parse bell numbers: y                                       │
╰──────────────────────────────────────────────────────────────────────────────╯
First bell number(s) in the tower (1): 
>>> y
[User input: "y"]
╭──────────────────────────────────────────────────────────────────────────────╮
│ Error: Unable to parse bell numbers: y                                       │
╰──────────────────────────────────────────────────────────────────────────────╯
First bell number(s) in the tower (1): 
>>> 3
[User input: "3"]
╭──────────────────────────────────────────────────────────────────────────────╮
│ Error: Bell number (3) exceeds number of bells in the tower                  │
╰──────────────────────────────────────────────────────────────────────────────╯
First bell number(s) in the tower (1): 
>>> y
[User input: "y"]
╭──────────────────────────────────────────────────────────────────────────────╮
│ Error: Unable to parse bell numbers: y                                       │
╰──────────────────────────────────────────────────────────────────────────────╯
First bell number(s) in the tower (1): 
>>> x
[User input: "x"]
╭──────────────────────────────────────────────────────────────────────────────╮
│ Error: Unable to parse bell numbers: x                                       │
╰──────────────────────────────────────────────────────────────────────────────╯
First bell number(s) in the tower (1): 
Aborted.
===
None