
===
Polling for new peals...
pypeal Database
 General Ringing count: 1                             Last updated: [Timestamp] 
 Touch count: 1                                                                 
 Peal count: 1                                                                  
┌──────────────────────────────────────────────────────────────────────────────┐
│ 1) BellBoard search                                                          │
│ 2) Add peal by ID/URL                                                        │
│ 3) Add peal manually                                                         │
│ 4) View statistics                                                           │
│ 5) Generate reports                                                          │
│ 6) View peal                                                                 │
│ 7) Delete peal                                                               │
│ 8) Update static data                                                        │
├──────────────────────────────────────────────────────────────────────────────┤
│ x) Exit                                                                      │
└──────────────────────────────────────────────────────────────────────────────┘
Select option (1): 
>>> 2
[User input: "2"]
Bellboard URL or peal ID: 
>>> 388066
[User input: "388066"]
╭────────────────── http://localhost:8080/view.php?id=388066 ──────────────────╮
│ Bath & Wells Diocesan Association                                            │
│ St Mary the Virgin, Bathwick, Somerset                                       │
│ 1280 Spliced Surprise Major (8 methods)                                      │
│ Standard 8 methods                                                           │
│ 160 changes in each method<br/>Change of method every lead                   │
│ Sunday, 27 February 2011 (18–3–20) in 47m                                    │
│                                                                              │
│ 1: Patrick Bennett                                                           │
│ 2: Byron Miller                                                              │
│ 3: Clark Elliott                                                             │
│ 4: John Parker                                                               │
│ 5: Jacob Cole                                                                │
│ 6: Eric Ryan                                                                 │
│ 7: Joyce Sullivan                                                            │
│ 8: Byron Robinson (c)                                                        │
│                                                                              │
│ Rung for morning service                                                     │
│                                                                              │
│ Bellboard: http://localhost:8080/view.php?id=388066 (submitted by Nicholas   │
│ Hunt on Sunday, 15 January 2012)                                             │
│ External reference: Campanophile ID: 116670                                  │
╰──────────────────────────────────────────────────────────────────────────────╯
Try for a quick-add? [y/n] (y): 
>>> y
[User input: "True"]
🏛 Association: Bath and Wells Diocesan Association
🔔 Bell type: Tower
📅 Date: Sunday, 27 February 2011
🔔 Tenor: 2120
⏱ Duration: 47 mins
🏰 Tower: Bath, Bathwick, Somerset, Blessed Virgin Mary
🔢 Changes: 1280
Matching peal titled "Spliced Surprise Major (8 methods)"...
Multi-method peal: "Spliced Surprise Major (8 methods)"...
📕 Title: Spliced Surprise Major
Adding changes of methods to multi-method peal...
Matching method "Cambridge"... [0 methods excluded]
Matched "Cambridge" to method "Cambridge Surprise Major"
Number of changes: 
>>> 160
[User input: "160"]
Method 1: Cambridge Surprise Major (160 changes)
Matching method "Yorkshire"... [1 methods excluded]
Matched "Yorkshire" to method "Yorkshire Surprise Major"
Number of changes: 
>>> 160
[User input: "160"]
Method 2: Yorkshire Surprise Major (160 changes)
Matching method "Lincolnshire"... [2 methods excluded]
Matched "Lincolnshire" to method "Lincolnshire Surprise Major"
Number of changes: 
>>> 160
[User input: "160"]
Method 3: Lincolnshire Surprise Major (160 changes)
Matching method "Superlative"... [3 methods excluded]
Matched "Superlative" to method "Superlative Surprise Major"
Number of changes: 
>>> 160
[User input: "160"]
Method 4: Superlative Surprise Major (160 changes)
Matching method "Rutland"... [4 methods excluded]
Matched "Rutland" to method "Rutland Surprise Major"
Number of changes: 
>>> 160
[User input: "160"]
Method 5: Rutland Surprise Major (160 changes)
Matching method "Pudsey"... [5 methods excluded]
Matched "Pudsey" to method "Pudsey Surprise Major"
Number of changes: 
>>> 160
[User input: "160"]
Method 6: Pudsey Surprise Major (160 changes)
Matching method "Bristol"... [6 methods excluded]
Matched "Bristol" to method "Bristol Surprise Major"
Number of changes: 
>>> 160
[User input: "160"]
Method 7: Bristol Surprise Major (160 changes)
Matching method "London"... [7 methods excluded]
Matched "London" to method "London Surprise Major"
Number of changes: 
>>> 160
[User input: "160"]
Method 8: London Surprise Major (160 changes)
╭──────────────────────────────────────────────────────────────────────────────╮
│ Warning: Number of methods (8) does not match number of methods from peal    │
│ title (0).                                                                   │
╰──────────────────────────────────────────────────────────────────────────────╯
Do you want to update the title? [y/n] (y): 
>>> y
[User input: "True"]
Number of methods (8): 
>>> 
[User input: "8"]
Number of principles (0): 
>>> 
[User input: "0"]
Number of variants (0): 
>>> 
[User input: "0"]
📝 Method details:
  - Cambridge Surprise Major (160)
  - Yorkshire Surprise Major (160)
  - Lincolnshire Surprise Major (160)
  - Superlative Surprise Major (160)
  - Rutland Surprise Major (160)
  - Pudsey Surprise Major (160)
  - Bristol Surprise Major (160)
  - London Surprise Major (160)
🎼 Composer: Unknown
1: Couldn't find ringer matching "Patrick Bennett" (or aliases)
Add new ringer as "Patrick" "Bennett"? [y/n] (y): Please enter Y or N
Add new ringer as "Patrick" "Bennett"? [y/n] (y): 
>>> 3
[User input: "True"]
First bell number(s) in the tower (1): 
>>> y
[User input: "4"]
╭──────────────────────────────────────────────────────────────────────────────╮
│ Error: Bell number (4) exceeds number of bells in the tower                  │
╰──────────────────────────────────────────────────────────────────────────────╯
First bell number(s) in the tower (1): 
>>> 4
[User input: "1"]
╭──────────────────────────────────────────────────────────────────────────────╮
│ Error: Bell number (1) exceeds number of bells in the tower                  │
╰──────────────────────────────────────────────────────────────────────────────╯
First bell number(s) in the tower (1): 
>>> 1
[User input: "1"]
╭──────────────────────────────────────────────────────────────────────────────╮
│ Error: Bell number (1) exceeds number of bells in the tower                  │
╰──────────────────────────────────────────────────────────────────────────────╯
First bell number(s) in the tower (1): 
>>> 1
[User input: "1"]
╭──────────────────────────────────────────────────────────────────────────────╮
│ Error: Bell number (1) exceeds number of bells in the tower                  │
╰──────────────────────────────────────────────────────────────────────────────╯
First bell number(s) in the tower (1): 
>>> 1
[User input: "1"]
╭──────────────────────────────────────────────────────────────────────────────╮
│ Error: Bell number (1) exceeds number of bells in the tower                  │
╰──────────────────────────────────────────────────────────────────────────────╯
First bell number(s) in the tower (1): 
>>> 1
[User input: "1"]
╭──────────────────────────────────────────────────────────────────────────────╮
│ Error: Bell number (1) exceeds number of bells in the tower                  │
╰──────────────────────────────────────────────────────────────────────────────╯
First bell number(s) in the tower (1): 
>>> 
[User input: "2"]
╭──────────────────────────────────────────────────────────────────────────────╮
│ Error: Bell number (2) exceeds number of bells in the tower                  │
╰──────────────────────────────────────────────────────────────────────────────╯
First bell number(s) in the tower (1): 
>>> 2
[User input: "1"]
╭──────────────────────────────────────────────────────────────────────────────╮
│ Error: Bell number (1) exceeds number of bells in the tower                  │
╰──────────────────────────────────────────────────────────────────────────────╯
First bell number(s) in the tower (1): 
>>> 
[User input: "3"]
╭──────────────────────────────────────────────────────────────────────────────╮
│ Error: Bell number (3) exceeds number of bells in the tower                  │
╰──────────────────────────────────────────────────────────────────────────────╯
First bell number(s) in the tower (1): 
>>> 3
[User input: "1"]
╭──────────────────────────────────────────────────────────────────────────────╮
│ Error: Bell number (1) exceeds number of bells in the tower                  │
╰──────────────────────────────────────────────────────────────────────────────╯
First bell number(s) in the tower (1): 
>>> 
[User input: "4"]
╭──────────────────────────────────────────────────────────────────────────────╮
│ Error: Bell number (4) exceeds number of bells in the tower                  │
╰──────────────────────────────────────────────────────────────────────────────╯
First bell number(s) in the tower (1): 
>>> 4
[User input: "1"]
╭──────────────────────────────────────────────────────────────────────────────╮
│ Error: Bell number (1) exceeds number of bells in the tower                  │
╰──────────────────────────────────────────────────────────────────────────────╯
First bell number(s) in the tower (1): 
>>> 
[User input: "x"]
╭──────────────────────────────────────────────────────────────────────────────╮
│ Error: Unable to parse bell numbers: x                                       │
╰──────────────────────────────────────────────────────────────────────────────╯
First bell number(s) in the tower (1): 
>>> x
[User input: "2"]
╭──────────────────────────────────────────────────────────────────────────────╮
│ Error: Bell number (2) exceeds number of bells in the tower                  │
╰──────────────────────────────────────────────────────────────────────────────╯
First bell number(s) in the tower (1): 
>>> 2
[User input: "1"]
╭──────────────────────────────────────────────────────────────────────────────╮
│ Error: Bell number (1) exceeds number of bells in the tower                  │
╰──────────────────────────────────────────────────────────────────────────────╯
First bell number(s) in the tower (1): 
>>> 1
[User input: "1"]
╭──────────────────────────────────────────────────────────────────────────────╮
│ Error: Bell number (1) exceeds number of bells in the tower                  │
╰──────────────────────────────────────────────────────────────────────────────╯
First bell number(s) in the tower (1): 
>>> 
[User input: "2"]
╭──────────────────────────────────────────────────────────────────────────────╮
│ Error: Bell number (2) exceeds number of bells in the tower                  │
╰──────────────────────────────────────────────────────────────────────────────╯
First bell number(s) in the tower (1): 
>>> 2
[User input: "1"]
╭──────────────────────────────────────────────────────────────────────────────╮
│ Error: Bell number (1) exceeds number of bells in the tower                  │
╰──────────────────────────────────────────────────────────────────────────────╯
First bell number(s) in the tower (1): 
>>> 
[User input: "3"]
╭──────────────────────────────────────────────────────────────────────────────╮
│ Error: Bell number (3) exceeds number of bells in the tower                  │
╰──────────────────────────────────────────────────────────────────────────────╯
First bell number(s) in the tower (1): 
>>> 3
[User input: "1"]
╭──────────────────────────────────────────────────────────────────────────────╮
│ Error: Bell number (1) exceeds number of bells in the tower                  │
╰──────────────────────────────────────────────────────────────────────────────╯
First bell number(s) in the tower (1): 
>>> 
[User input: "4"]
╭──────────────────────────────────────────────────────────────────────────────╮
│ Error: Bell number (4) exceeds number of bells in the tower                  │
╰──────────────────────────────────────────────────────────────────────────────╯
First bell number(s) in the tower (1): 
>>> 4
[User input: "1"]
╭──────────────────────────────────────────────────────────────────────────────╮
│ Error: Bell number (1) exceeds number of bells in the tower                  │
╰──────────────────────────────────────────────────────────────────────────────╯
First bell number(s) in the tower (1): 
>>> 
[User input: "x"]
╭──────────────────────────────────────────────────────────────────────────────╮
│ Error: Unable to parse bell numbers: x                                       │
╰──────────────────────────────────────────────────────────────────────────────╯
First bell number(s) in the tower (1): 
>>> x
[User input: "3"]
╭──────────────────────────────────────────────────────────────────────────────╮
│ Error: Bell number (3) exceeds number of bells in the tower                  │
╰──────────────────────────────────────────────────────────────────────────────╯
First bell number(s) in the tower (1): 
>>> 3
[User input: "1"]
╭──────────────────────────────────────────────────────────────────────────────╮
│ Error: Bell number (1) exceeds number of bells in the tower                  │
╰──────────────────────────────────────────────────────────────────────────────╯
First bell number(s) in the tower (1): 
>>> 1
[User input: "1"]
╭──────────────────────────────────────────────────────────────────────────────╮
│ Error: Bell number (1) exceeds number of bells in the tower                  │
╰──────────────────────────────────────────────────────────────────────────────╯
First bell number(s) in the tower (1): 
>>> 
[User input: "2"]
╭──────────────────────────────────────────────────────────────────────────────╮
│ Error: Bell number (2) exceeds number of bells in the tower                  │
╰──────────────────────────────────────────────────────────────────────────────╯
First bell number(s) in the tower (1): 
>>> 2
[User input: "1"]
╭──────────────────────────────────────────────────────────────────────────────╮
│ Error: Bell number (1) exceeds number of bells in the tower                  │
╰──────────────────────────────────────────────────────────────────────────────╯
First bell number(s) in the tower (1): 
>>> 
[User input: "3"]
╭──────────────────────────────────────────────────────────────────────────────╮
│ Error: Bell number (3) exceeds number of bells in the tower                  │
╰──────────────────────────────────────────────────────────────────────────────╯
First bell number(s) in the tower (1): 
>>> 3
[User input: "1"]
╭──────────────────────────────────────────────────────────────────────────────╮
│ Error: Bell number (1) exceeds number of bells in the tower                  │
╰──────────────────────────────────────────────────────────────────────────────╯
First bell number(s) in the tower (1): 
>>> 
[User input: "4"]
╭──────────────────────────────────────────────────────────────────────────────╮
│ Error: Bell number (4) exceeds number of bells in the tower                  │
╰──────────────────────────────────────────────────────────────────────────────╯
First bell number(s) in the tower (1): 
>>> 4
[User input: "1"]
╭──────────────────────────────────────────────────────────────────────────────╮
│ Error: Bell number (1) exceeds number of bells in the tower                  │
╰──────────────────────────────────────────────────────────────────────────────╯
First bell number(s) in the tower (1): 
>>> 
[User input: "x"]
╭──────────────────────────────────────────────────────────────────────────────╮
│ Error: Unable to parse bell numbers: x                                       │
╰──────────────────────────────────────────────────────────────────────────────╯
First bell number(s) in the tower (1): 
>>> x
[User input: "x"]
╭──────────────────────────────────────────────────────────────────────────────╮
│ Error: Unable to parse bell numbers: x                                       │
╰──────────────────────────────────────────────────────────────────────────────╯
First bell number(s) in the tower (1): 
>>> x
[User input: "x"]
╭──────────────────────────────────────────────────────────────────────────────╮
│ Error: Unable to parse bell numbers: x                                       │
╰──────────────────────────────────────────────────────────────────────────────╯
First bell number(s) in the tower (1): 
>>> x
[User input: "x"]
╭──────────────────────────────────────────────────────────────────────────────╮
│ Error: Unable to parse bell numbers: x                                       │
╰──────────────────────────────────────────────────────────────────────────────╯
First bell number(s) in the tower (1): 
Aborted.

>>> x
===
None